02-13 21:14:59.926   700   937 D pseudo  : mtk_gps_sys_nmea_output_to_app: len:38, offload not enable, just save the mask
02-13 21:14:59.926   700   937 D pseudo  : mtk_gps_sys_init: nvram_init_val Ready
02-13 21:14:59.927   700   937 D NVRAM   : NVM_GetFileDesc: Open /mnt/vendor/nvdata/APCFG/APRDEB/GPS,LID:52
02-13 21:14:59.927   700   937 D NVRAM   : NVM_CmpFileVerNo 52  
02-13 21:14:59.927   700   937 D NVRAM   : Load File Version: 000, NvRam File Version: 000
02-13 21:14:59.927   700   937 D NVRAM   : NVM_ProtectDataFile : 52 ++
02-13 21:14:59.927   700   937 D NVRAM   : iCustomBeginLID = 51
02-13 21:14:59.927   700   937 D NVRAM   : NVM_CheckFileSize:stat_size:54,size in table:52
02-13 21:14:59.927   700   937 D NVRAM   : NVM_CheckFile: File is correct!
02-13 21:14:59.927   700   937 D NVRAM   : NVM_ProtectUserData:Check Success
02-13 21:14:59.927   700   937 D NVRAM   : NVM_GetFileDesc ProtectDataFile Check Success!!
02-13 21:14:59.930  9930 10531 I GnssLocationProvider: WakeLock released by handleMessage(SET_REQUEST, 0, com.android.server.location.GnssLocationProvider$GpsRequest@83215b6)
02-13 21:14:59.932   700   937 D NVRAM   : NVM_CloseFileDesc: Open by Readonly, no need to check when close
02-13 21:14:59.933   700   937 D gps_controlller: linux_gps_init: Other calibration,chip_id:0x6765
02-13 21:14:59.933   700   937 D gps_controlller: linux_gps_init: lseek calibration file for 93MD
02-13 21:14:59.950  9930 10531 E FastNetworkLocation: location time is older!!
02-13 21:14:59.951  9930 10531 D LocationManagerService: incoming location from: network
02-13 21:14:59.957  9930 10531 D LocationManagerService: incoming location from: network
02-13 21:14:59.966   700   937 D gps_controlller: linux_gps_init: open dsp successfully
02-13 21:14:59.966   700   937 D gps_controlller: linux_gps_init: GPS coclock, buffer 2, coTMS
02-13 21:14:59.969  9930 10334 I LocationManagerService: remove 6ae4951
02-13 21:14:59.973   700   937 D gps_controlller: linux_gps_init: Get chip version type (0xffff6765) 
02-13 21:14:59.973   700   937 D gps_controlller: linux_gps_init: driver_cfg.ext offset=886, size=10, magic=0xaa55, ver=0x0101
02-13 21:14:59.974   700   937 D gps_controlller: linux_gps_init: u4Bitmap= 0, init_cfg.C0 = 1068269536,init_cfg.C1 = -1096850836,init_cfg.initU = -1168190839,init_cfg.lastU = 953267991,GNSSOPMode: 0x6,eLNA_pin:91, po:1048575
02-13 21:14:59.974   700   937 D pseudo  : mtk_gps_sys_nmea_output_to_app: len:19, set option, cfg = 0
02-13 21:14:59.974  9930 10334 I GnssLocationProvider: WakeLock acquired by sendMessage(SET_REQUEST, 0, com.android.server.location.GnssLocationProvider$GpsRequest@c1d742)
02-13 21:14:59.974   700   937 D pseudo  : mtk_gps_sys_nmea_output_to_app: len:100, mnl_sys_driver_cfg_ext_validate: m = 1, o = 886/886, s = 10/10, m = 0xaa55/0xaa55, v = 0x0101/0x0101
02-13 21:14:59.974   700   937 D pseudo  : mtk_gps_sys_nmea_output_to_app: len:28, NMEA output by callback!!!
02-13 21:14:59.974   700   937 D pseudo  : mtk_gps_sys_nmea_output_to_app: len:69, ChipID,x,80000190,y,FFFF6765,hw_ver,8A00,fw_ver,8A00,gnss_mode_flag,0
02-13 21:14:59.974   700   937 D pseudo  : mtk_gps_sys_nmea_output_to_app: len:56, [GPSDBG],INF,write gps debug log in MNLD,DebugType(0x10)
02-13 21:14:59.976   761   774 D agps    : Xed[V_8;|(7C0x)+x\HWcp=;h[Zi=R7&%D`L;2$5=8=-2LG1C`L-5q.!~!&)/.*uL:5d.!&$~#$!((pA$&`.! pA-@q-xx~~     yiSBDG5(b.yO5AFp-pN:<m.qS83ABAo-y
02-13 21:14:59.976   761   774 D agps    : Xed[V_8;|(7C0x)+x^Sm=;hQcPN=WI;=9E`C3bQ4I=5+2832#+;2$5=8=-2LG1CL-5`X:5d.!~!&)/.*!}!&$~#$!((pA$&`.! pSE5`-hj
02-13 21:14:59.979 10437 10437 I LocationControllerImpl: onReceive action = android.location.GPS_WORKSOURCE_CHANGE, enabled = false, mIsFix = false, mPrivacy = false
02-13 21:14:59.980   700   937 D pseudo  : mtk_gps_sys_nmea_output_to_app: len:54, mnl_sys_rec_set_created_bitmask: 0x00000000, 0, 0, 0
02-13 21:14:59.980   700   937 D pseudo  : mtk_gps_sys_nmea_output_to_app: len:59, MNL offload is disable, do not create OFL dbg thread (7).
02-13 21:14:59.980   700   937 D pseudo  : mtk_gps_sys_nmea_output_to_app: len:59, MNL offload is disable, do not create OFL out thread (6).
02-13 21:14:59.981   700   937 D pseudo  : mtk_gps_sys_nmea_output_to_app: len:54, mnl_sys_rec_set_created_bitmask: 0x00000000, 0, 3, 0
02-13 21:14:59.981   700   937 D pseudo  : mtk_gps_sys_nmea_output_to_app: len:21,  Agent epo init OK 
02-13 21:14:59.982 10437 10437 I LocationControllerImpl: hide GPS icon
02-13 21:14:59.982   700   937 D pseudo  : mtk_gps_sys_nmea_output_to_app: len:54, mnl_sys_rec_set_created_bitmask: 0x00000000, 0, 4, 0
02-13 21:14:59.982   700   937 D gps_controlller: linux_gps_init: Status (18) 
02-13 21:14:59.982   700   937 D mpe     : mnl_mpe_thread_init: mpe enabled
02-13 21:14:59.982   700   937 D mpe     : mnl_mpe_thread_init: register mpe cb 0,gMpeCallBackFunc= 0xb4070c71,mtk_gps_mnl_trigger_mpe=0xb4070c71
02-13 21:14:59.982   700   937 D gps_controlller: linux_gps_init: dsp port (/dev/stpgps),nmea port (UseCallback),nmea dbg port (/dev/ttygserial),dbg_file_name (/mnt/sdcard/mtklog/connsyslog/gpshost/GPS_HOST),DebugType (16),nv_file_name (/data/vendor/gps/mtkgps.dat), mtk_gps_log_hide:0
02-13 21:14:59.983   700   937 D MNLD    : XXLOGX linux_gps_init: mnl init, mtk_gps_get_position_accuracy success, 10.339640, 106.032920, 4121
02-13 21:14:59.983   700   937 D gps_controlller: linux_gps_init: sent CMD_SIB8_16_ENABLE to mnl, sib8_16_enable = 1 ,ret = 0
02-13 21:14:59.983   700   937 D gps_controlller: linux_gps_init: sent enable_debug2app to mnl, enable_debug2app = 0 ,ret = 0
02-13 21:14:59.983   700   937 D gps_controlller: linux_gps_init: sent MTK_PARAM_CMD_LPPE_ENABLE to mnl, lppe_enable = 1 ,ret = 0
02-13 21:14:59.988  9930 10531 D GnssLocationProvider: setRequest ProviderRequest[OFF]
02-13 21:14:59.989  9930 10531 D MtkLocationExt: Stop Gnss debug report
02-13 21:14:59.989  9930  9930 V SensorManager: unRegisterListener by com.android.server.location.OppoMotionDetector$1
02-13 21:14:59.989  9930  9930 W SensorService: SensorEventConnection sensor handle=1, package = com.android.server.location.OppoMotionDetector disable
02-13 21:14:59.990  9930 10531 D MtkLocationExt: Gnss debug service has not yet connected
02-13 21:14:59.990  9930  9930 D SensorService: recordConnection in disable
02-13 21:14:59.990  9930  9930 D SensorService: SensorDevice::activate: ident=0x72dcc84500, handle=0x00000001, enabled=0, count=1
02-13 21:14:59.990  9930  9930 D SensorService: disable index=0
02-13 21:14:59.990  9930  9930 D SensorService: SensorDevice::checkForIdent info.numActiveClients()=1, ident=0x72dcc84500, handle=1, eanble=0, isFusion=0
02-13 21:14:59.990  9930  9930 D SensorService: SensorDevice::checkForIdent, ident=0x72dcc84500 info.mIdentCount=1
02-13 21:14:59.990  9930  9930 D SensorService: 	>>> actuating h/w activate ident = 0x72dcc84500, handle=1 enabled=0
02-13 21:14:59.990  9930 10531 D LocationManagerService: stopGnssDebugReport = false
02-13 21:14:59.990   700   937 D gps_controlller: mnld_gps_start: mnld_gps_start() success
02-13 21:14:59.991 28711 28716 E SensorContext: activate, handle = 0, index = 0
02-13 21:14:59.991 28711 28716 I Accelerometer: enable: handle:0, en:0
02-13 21:14:59.991   700   937 D gps_controlller: gps_control_thread: gps_control_thread wait
02-13 21:14:59.991   700 28629 D gps_dbg_log: gps_dbg_log_thread: create: ECAFF970, arg = 0x0
02-13 21:14:59.993  9930 10531 I GnssLocationProvider: WakeLock released by handleMessage(SET_REQUEST, 0, com.android.server.location.GnssLocationProvider$GpsRequest@c1d742)
02-13 21:14:59.993  9930  9930 D SensorService: reset the mRecentEvent handle = 1
02-13 21:14:59.993  9930  9930 D SensorService: disable reset the lastEvent handle = 1 in disable
02-13 21:14:59.993  9930  9930 D SensorService: ~SensorEventConnection(0x72dcc84500)
02-13 21:14:59.993  9930  9930 D SensorService: 4 active sensors
02-13 21:14:59.994  9930  9930 D SensorService: removing connection 0x72dcc84500 for sensor[0].handle=0x00000005
02-13 21:14:59.994  9930  9930 D SensorService: removing connection 0x72dcc84500 for sensor[1].handle=0x00000011
02-13 21:14:59.994  9930  9930 D SensorService: removing connection 0x72dcc84500 for sensor[2].handle=0x00000016
02-13 21:14:59.994  9930  9930 D SensorService: removing connection 0x72dcc84500 for sensor[3].handle=0x0000001b
02-13 21:14:59.997   700 28630 D pseudo  : mtk_gps_sys_nmea_output_to_app: len:32, thread_dsp_input_func:ECA01970
02-13 21:14:59.998   700 28632 D pseudo  : mtk_gps_sys_nmea_output_to_app: len:31,  Agent tread created:EC805970
02-13 21:14:59.999   700 28631 D pseudo  : mtk_gps_sys_nmea_output_to_app: len:30, thread mnl create : EC903970
02-13 21:15:00.000   700 28632 D pseudo  : mtk_gps_sys_nmea_output_to_app: len:17,  Agent init OK 
02-13 21:15:00.005 10372 10394 W DCS     : Record event failed. DCS reject event: [appId=20120,logTag=20089,eventId=sensor_record] . Pls check server config.
02-13 21:15:00.019  9930 10030 D SensorService: dropping 1 events 
02-13 21:15:00.036  9930 10063 E         : Unknown name for ifindex 1011 with more than 316790 bytes of traffic
02-13 21:15:00.044  9930 10063 E         : Unknown name for ifindex 1011 with more than 316790 bytes of traffic
02-13 21:15:00.076 10437 10437 I Choreographer: Skipped 1 frames!  The application may be doing too much work on its main thread.
02-13 21:15:00.142  9930 10030 D SensorService: dropping 1 events 
02-13 21:15:00.267  9930 10030 D SensorService: dropping 1 events 
02-13 21:15:00.299 10769 14666 I NearbyDiscovery: (REDACTED) BloomFilterAdvManager: Detected bloom filter but too far away, ignoring. %sm, %s
02-13 21:15:00.303   700 28631 D pseudo  : mtk_gps_sys_nmea_output_to_app: len:17, $PMTK010,001*2E
02-13 21:15:00.303   761   774 D agps    : [agps][n][AGPS] [MNL] read  pmtk=[$PMTK764,0,0,0,3,0,128,4,128,5,128,1*23
02-13 21:15:00.303   761   774 D agps    : ]
02-13 21:15:00.303   761   774 D agps    : [agps][n][AGPS] gnss_num=3
02-13 21:15:00.303   761   774 D agps    : [agps][n][CP] [MD_1] write  pmtk [$PMTK764,0,0,0,3,0,128,4,128,5,128,1*23
02-13 21:15:00.303   761   774 D agps    : ]
02-13 21:15:00.310   761   774 D agps    : [agps][n][AGPS] [MNL] write  pmtk  [$PMTK680,1,FFFFF00C*08
02-13 21:15:00.310   761   774 D agps    :  ]
02-13 21:15:00.328   700   940 W mtknav  : mnld_mtknav_download: mtknav has been downloaded today
02-13 21:15:00.329   700 28631 D pseudo  : mtk_gps_sys_nmea_output_to_mnld: received 1053 bytes:
02-13 21:15:00.333   700 28631 D pseudo  : mtk_gps_sys_nmea_output_to_app: len:1053, [NMEA]$GNGGA,141459.01...
02-13 21:15:00.334   700 28631 D gps_controlller: send_active_notify: send clean nmea timer cmd!
02-13 21:15:00.335   700 28631 D gps_controlller: mtk_gps_sys_gps_mnl_callback: MTK_GPS_MSG_FIX_READY, GET_RTC_OK, 0.041, 17073.708
02-13 21:15:00.335   761   774 D agps    : [agps][n][AGPS] [MNL] write  pmtk  [$PMTK680,1,FFFFF00C*08
02-13 21:15:00.335   761   774 D agps    :  ]
02-13 21:15:00.335   700   937 D gps_controlller: gps_control_thread: gps_control_thread wait
02-13 21:15:00.335   700 28631 D gps_controlller: mtk_gps_sys_gps_mnl_callback: Age = 2, RTCDiff = 30, Time_interval = 10
02-13 21:15:00.336   700 28631 D pseudo  : mtk_gps_sys_nmea_output_to_app: len:46, [vAGPS_Auto_Req]:g_FirstDbtt:1,u2BitMap:0x100
02-13 21:15:00.336   700 28631 D gps_controlller: mtk_gps_sys_agps_disaptcher_callback: MNL ready and assist req:0
02-13 21:15:00.338   700   937 D gps_controlller: mnld_gps_stop_impl: MNL exiting 
02-13 21:15:00.339   700   937 D pseudo  : mtk_gps_sys_nmea_output_to_app: len:15, Thread is ret,0
02-13 21:15:00.339   700 28630 D pseudo  : mtk_gps_sys_nmea_output_to_app: len:23, thread dsp input exit
02-13 21:15:00.339   700 28630 D pseudo  : mtk_gps_sys_nmea_output_to_app: len:33, uninstall timer for tigger EE:0
02-13 21:15:00.342   700   937 D pseudo  : mtk_gps_sys_nmea_output_to_app: len:16, (0)ThreadLeaveOK
02-13 21:15:00.342   700   937 D pseudo  : mtk_gps_sys_nmea_output_to_app: len:16, Thread,0,Exit,OK
02-13 21:15:00.342   700   937 D pseudo  : mtk_gps_sys_nmea_output_to_app: len:15, Thread is ret,0
02-13 21:15:00.347   700 28631 D pseudo  : mtk_gps_sys_nmea_output_to_app: len:17, thread mnl exit
02-13 21:15:00.347   700   937 D pseudo  : mtk_gps_sys_nmea_output_to_app: len:16, (3)ThreadLeaveOK
02-13 21:15:00.348   700   937 D pseudo  : mtk_gps_sys_nmea_output_to_app: len:16, Thread,3,Exit,OK
02-13 21:15:00.348   700   937 D pseudo  : mtk_gps_sys_nmea_output_to_app: len:15, Thread is ret,0
02-13 21:15:00.348   700 28632 D pseudo  : mtk_gps_sys_nmea_output_to_app: len:30, thread agent get msg failed:1
02-13 21:15:00.349   700   937 D pseudo  : mtk_gps_sys_nmea_output_to_app: len:16, (4)ThreadLeaveOK
02-13 21:15:00.349   700   937 D pseudo  : mtk_gps_sys_nmea_output_to_app: len:16, Thread,4,Exit,OK
02-13 21:15:00.349   700   937 D pseudo  : mtk_gps_sys_nmea_output_to_app: len:19, Uninit GPS DSP Uart
02-13 21:15:00.349   700   937 D pseudo  : mtk_gps_sys_nmea_output_to_app: len:37, [mnl_thread_agent_exit] delete event
02-13 21:15:00.349   700   937 D pseudo  : mtk_gps_sys_nmea_output_to_app: len:27, thread mnl event delete ok
02-13 21:15:00.349   700   937 D pseudo  : mtk_gps_sys_nmea_output_to_app: len:29, thread agent event delete ok
02-13 21:15:00.349   700   937 D pseudo  : mtk_gps_sys_nmea_output_to_app: len:15, Destory mutex
02-13 21:15:00.349   700   937 D pseudo  : mtk_gps_sys_nmea_output_to_app: len:21, mtk gps Uninit done
02-13 21:15:00.351   700   937 D gps_dbg_log: gps_stop_dbglog_release_condition: exit while, gps_dbg_log thread exit
02-13 21:15:00.351   700 28629 D gps_dbg_log: gps_dbg_log_thread: send close gpslog cmd to gps logd
02-13 21:15:00.351   596   656 D lbs_hidl_service: [1.06][mtk_lbs_log_v2s] handleSocketEvent() ret=[12]
02-13 21:15:00.351   700   937 D gps_dbg_log: gps_dbg_log_exit_flush: gpsdbglog thread exit OK!
02-13 21:15:00.354   704   740 D         : lbslogd_handle_close_logfile: [gpsLog]lbslogd_handle_close_logfile
02-13 21:15:00.359   700   937 D gps_controlller: mnld_gps_stop: mnld_gps_stop_impl success
02-13 21:15:00.359   700   948 D MNL2AGPS: mnl2agps_gps_close: mnl2agps_gps_close
02-13 21:15:00.360   761   774 D agps    : [agps] WARNING: [AGPS] [MNL] read  gps_close
02-13 21:15:00.360   596   655 D lbs_hidl_service: [1.06][mtk_mnld2nlputils] handleSocketEvent() ret=[12]
02-13 21:15:00.360  9930 10296 I GnssLocationProvider: WakeLock acquired by sendMessage(REPORT_SV_STATUS, 0, com.android.server.location.GnssLocationProvider$SvStatusInfo@a9f1490)
02-13 21:15:00.361  9930 10370 D LbsNlpUtils: cancelNlpLocation() source = 1
02-13 21:15:00.362   700   937 D gps_controlller: gps_control_thread: gps_control_thread wait
02-13 21:15:00.362   599  1921 D         : update_gps_status:   status=2
02-13 21:15:00.362  9930 12558 D LbsNlpUtils: handle NLPS_MSG_NLP_NIJ_CANCEL arg1: 1
02-13 21:15:00.362  9930 12558 D LbsNlpUtils: stopNlpQueryLocked isNlpEnabled=true src:1 mNlpRequestedSrc:0
02-13 21:15:00.364   599  1921 D         : update_gps_status:   status=4
02-13 21:15:00.365   599  1921 I MtkGnssHAL_GnssInterface: updateWakelock: GNSS HAL Wakelock released
02-13 21:15:00.367  9930 10531 I GnssLocationProvider: WakeLock released by handleMessage(REPORT_SV_STATUS, 0, com.android.server.location.GnssLocationProvider$SvStatusInfo@a9f1490)
02-13 21:15:00.392  9930 10030 D SensorService: dropping 1 events 
02-13 21:15:00.420  9930 10531 E FastNetworkLocation: location time is older!!
02-13 21:15:00.420  9930 10531 D LocationManagerService: incoming location from: network
02-13 21:15:00.421  9930 10531 D LocationManagerService: incoming location from: network
02-13 21:15:00.517  9930 10030 D SensorService: dropping 1 events 
02-13 21:15:00.642  9930 10030 D SensorService: dropping 1 events 
02-13 21:15:00.698   751 14905 E lsc_nvram: [do_mkdir] fail to mkdir [/sdcard/shading_otp]: 13[Permission denied] (do_mkdir){#65:vendor/mediatek/proprietary/hardware/mtkcam/aaa/source/mt6765/lsc_mgr/LscUtil.h}
02-13 21:15:00.767  9930 10030 D SensorService: dropping 1 events 
02-13 21:15:00.892  9930 10030 D SensorService: dropping 1 events 
02-13 21:15:01.017 28711 28711 I Light   : [LIGHT]:light = 10.000000 timestamp=5644835306164089
02-13 21:15:01.018  9930 10030 D SensorService: dropping 1 events 
02-13 21:15:01.059  9930 10063 E         : Unknown name for ifindex 1011 with more than 316790 bytes of traffic
02-13 21:15:01.080  9930 10063 E         : Unknown name for ifindex 1011 with more than 316790 bytes of traffic
02-13 21:15:01.142  9930 10030 D SensorService: dropping 1 events 
02-13 21:15:01.517  9930 10030 I chatty  : uid=1000(system) SensorService identical 3 lines
02-13 21:15:01.642  9930 10030 D SensorService: dropping 1 events 
02-13 21:15:01.698   751 14905 E lsc_nvram: [do_mkdir] fail to mkdir [/sdcard/shading_otp]: 13[Permission denied] (do_mkdir){#65:vendor/mediatek/proprietary/hardware/mtkcam/aaa/source/mt6765/lsc_mgr/LscUtil.h}
02-13 21:15:01.767  9930 10030 D SensorService: dropping 1 events 
02-13 21:15:01.892  9930 10030 I chatty  : uid=1000(system) SensorService identical 1 line
02-13 21:15:02.017  9930 10030 D SensorService: dropping 1 events 
02-13 21:15:02.102  9930 10063 E         : Unknown name for ifindex 1011 with more than 316790 bytes of traffic
02-13 21:15:02.122  9930 10063 E         : Unknown name for ifindex 1011 with more than 316790 bytes of traffic
02-13 21:15:02.142  9930 10030 D SensorService: dropping 1 events 
02-13 21:15:02.267 28711 28716 I Light   : [LIGHT]:light = 10.000000 timestamp=5644836555981242
02-13 21:15:02.267  9930 10030 D SensorService: dropping 1 events 
02-13 21:15:02.354  9930 10064 E WifiVendorHal: getWifiLinkLayerStats(l.947) failed {.code = ERROR_NOT_SUPPORTED, .description = }
02-13 21:15:02.358  9930 10064 E         : Unknown name for ifindex 1011 with more than 316790 bytes of traffic
02-13 21:15:02.379  9930 10064 E         : Unknown name for ifindex 1011 with more than 316790 bytes of traffic
02-13 21:15:02.392  9930 10030 D SensorService: dropping 1 events 
02-13 21:15:02.517  9930 10030 D SensorService: dropping 1 events 
02-13 21:15:02.545 10769 14666 I NearbyDiscovery: (REDACTED) BloomFilterAdvManager: Detected bloom filter but too far away, ignoring. %sm, %s
02-13 21:15:02.630   708 20469 E AALLightSensor: waitRelative abnormal, retValue=-110
02-13 21:15:02.642  9930 10030 D SensorService: dropping 1 events 
02-13 21:15:02.699   751 14905 E lsc_nvram: [do_mkdir] fail to mkdir [/sdcard/shading_otp]: 13[Permission denied] (do_mkdir){#65:vendor/mediatek/proprietary/hardware/mtkcam/aaa/source/mt6765/lsc_mgr/LscUtil.h}
02-13 21:15:02.767  9930 10030 D SensorService: dropping 1 events 
02-13 21:15:03.017  9930 10030 I chatty  : uid=1000(system) SensorService identical 2 lines
02-13 21:15:03.142  9930 10030 D SensorService: dropping 1 events 
02-13 21:15:03.142  9930 10063 E         : Unknown name for ifindex 1011 with more than 316790 bytes of traffic
02-13 21:15:03.162  9930 10063 E         : Unknown name for ifindex 1011 with more than 316790 bytes of traffic
02-13 21:15:03.267  9930 10030 D SensorService: dropping 1 events 
02-13 21:15:03.378 10769 14666 I NearbyDiscovery: (REDACTED) BloomFilterAdvManager: Detected bloom filter but too far away, ignoring. %sm, %s
02-13 21:15:03.392  9930 10030 D SensorService: dropping 1 events 
02-13 21:15:03.516 28711 28711 I Light   : [LIGHT]:light = 10.000000 timestamp=5644837805653166
02-13 21:15:03.517  9930 10030 D SensorService: dropping 1 events 
02-13 21:15:03.642  9930 10030 D SensorService: dropping 1 events 
02-13 21:15:03.700   751 14905 E lsc_nvram: [do_mkdir] fail to mkdir [/sdcard/shading_otp]: 13[Permission denied] (do_mkdir){#65:vendor/mediatek/proprietary/hardware/mtkcam/aaa/source/mt6765/lsc_mgr/LscUtil.h}
02-13 21:15:03.767  9930 10030 D SensorService: dropping 1 events 
02-13 21:15:03.892  9930 10030 D SensorService: dropping 1 events 
02-13 21:15:03.982 10769 14666 I NearbyDiscovery: (REDACTED) BloomFilterAdvManager: Detected bloom filter but too far away, ignoring. %sm, %s
02-13 21:15:04.017  9930 10030 D SensorService: dropping 1 events 
02-13 21:15:04.021 25931 25931 I ADB_SERVICES: local_socket_flush_outgoing read_data=149167
02-13 21:15:04.142  9930 10030 D SensorService: dropping 1 events 
02-13 21:15:04.182  9930 10063 E         : Unknown name for ifindex 1011 with more than 316790 bytes of traffic
02-13 21:15:04.202  9930 10063 E         : Unknown name for ifindex 1011 with more than 316790 bytes of traffic
02-13 21:15:04.267  9930 10030 D SensorService: dropping 1 events 
02-13 21:15:04.393  9930 10030 D SensorService: dropping 1 events 
02-13 21:15:04.395 24091 24091 D Cloud.DeviceStatusDispatcher: DeviceStatusDispatcher.Receiver action=android.intent.action.BATTERY_CHANGED
02-13 21:15:04.396 24091 24091 D Cloud.DeviceStatusDispatcher: Intent.ACTION_BATTERY_CHANGED setCharging true,status =2
02-13 21:15:04.428 22645 22645 W Choreographer: Frame time is 7.654209 ms in the future!  Check that graphics HAL is generating vsync timestamps using the correct timebase.
02-13 21:15:04.438 22645 22645 W Choreographer: Frame time is 23.043268 ms in the future!  Check that graphics HAL is generating vsync timestamps using the correct timebase.
02-13 21:15:04.462 22645 22645 W Choreographer: Frame time is 15.730439 ms in the future!  Check that graphics HAL is generating vsync timestamps using the correct timebase.
02-13 21:15:04.475  9930 10064 D OppoHistoryRecordQueue: AP: 58:d3:12:f2:7f:27 is5G: true yearDay37: [42:6,0,0][45:5395,1,0,02][48:672,0,0][54:1652,1,0,06][57:6541,0,0][60:10701,8,0,07][63:3128,12,0,38][66:1973,11,0,55][69:86,1,1,15]
02-13 21:15:04.477  9930 10064 D OppoHistoryRecordQueue: AP: 58:d3:12:f2:7f:27 is5G: true yearDay38: [51:648,0,0][54:12680,6,0,05][57:7772,1,0,01][60:974,0,0][63:4699,11,0,23][66:273,0,0][69:57,0,0]
02-13 21:15:04.480  9930 10064 D OppoHistoryRecordQueue: AP: 58:d3:12:f2:7f:27 is5G: true yearDay39: [54:660,0,0][57:1461,2,0,14][60:9106,6,0,07][63:13181,7,0,05][66:1770,1,0,06][69:836,0,0][78:316,0,0]
02-13 21:15:04.482  9930 10064 D OppoHistoryRecordQueue: AP: 58:d3:12:f2:7f:27 is5G: true yearDay40: [51:323,0,0][54:2163,0,0][57:8204,4,0,05][60:9176,17,0,18][63:491,0,0]
02-13 21:15:04.485  9930 10064 D OppoHistoryRecordQueue: AP: 58:d3:12:f2:7f:27 is5G: true yearDay41: [42:134,0,0][45:1120,1,0,09][48:1162,0,0][51:27955,1,0][54:31583,11,0,03][57:50271,1,0][60:47884,2,0][63:19621,6,0,03][66:2809,1,0,04][69:1849,0,0][72:301,1,0,33][75:52,0,0][78:234,1,0,43][81:73,0,0][84:27,0,0]
02-13 21:15:04.487  9930 10064 D OppoHistoryRecordQueue: AP: 58:d3:12:f2:7f:27 is5G: true yearDay42: [39:3,0,0][42:313,0,0][45:917,0,0][48:332,0,0][51:3878,3,0,08][54:4945,4,0,08][57:9152,4,0,04][60:4366,0,0][63:4470,3,0,07][66:655,3,0,46][69:272,1,0,37][72:25,0,0][75:28,0,0]
02-13 21:15:04.490  9930 10064 D OppoHistoryRecordQueue: AP: 58:d3:12:f2:7f:27 is5G: true yearDay43: [42:142,0,0][48:6190,0,0][51:26336,0,0][54:38658,0,0][57:39982,7,0,02][60:27948,0,0][63:26186,0,0][66:18655,0,0][69:15052,0,0][72:4358,0,0][75:191,0,0][78:245,0,0]
02-13 21:15:04.517  9930 10030 D SensorService: dropping 1 events 
02-13 21:15:04.642  9930 10030 D SensorService: dropping 1 events 
02-13 21:15:04.701   751 14905 E lsc_nvram: [do_mkdir] fail to mkdir [/sdcard/shading_otp]: 13[Permission denied] (do_mkdir){#65:vendor/mediatek/proprietary/hardware/mtkcam/aaa/source/mt6765/lsc_mgr/LscUtil.h}
02-13 21:15:04.767 28711 28716 I Light   : [LIGHT]:light = 10.000000 timestamp=5644839055954858
02-13 21:15:04.767  9930 10030 D SensorService: dropping 1 events 
02-13 21:15:04.789 10769 14666 I NearbyDiscovery: (REDACTED) BloomFilterAdvManager: Detected bloom filter but too far away, ignoring. %sm, %s
02-13 21:15:04.893  9930 10030 D SensorService: dropping 1 events 
02-13 21:15:05.018  9930 10030 D SensorService: dropping 1 events 
02-13 21:15:05.046  9930 16695 D LocationManagerService: request 6e771af gps Request[ACCURACY_FINE gps requested=0 fastest=0 lowPowerMode=false] from com.companyname.heristepai(10146 foreground)
02-13 21:15:05.048  9930 16695 I GnssLocationProvider: WakeLock acquired by sendMessage(SET_REQUEST, 0, com.android.server.location.GnssLocationProvider$GpsRequest@188e9bc)
02-13 21:15:05.049  9930 10531 D GnssLocationProvider: setRequest ProviderRequest[ON interval=0 lowPowerMode=false]
02-13 21:15:05.050  9930 10531 D GnssLocationProvider: GpsDebugConfig = 8
02-13 21:15:05.050  9930 10531 D GnssLocationProvider: startNavigating, singleShot is false setRequest: ProviderRequest[ON interval=0 lowPowerMode=false]
02-13 21:15:05.053 10437 10437 I LocationControllerImpl: onReceive action = android.location.GPS_WORKSOURCE_CHANGE, enabled = false, mIsFix = false, mPrivacy = false
02-13 21:15:05.058  9930 17147 D LocationManagerService: request 6e771af network Request[POWER_LOW network requested=0 fastest=0 lowPowerMode=false] from com.companyname.heristepai(10146 foreground)
02-13 21:15:05.058  9930  9930 V SensorManager: RegisterListener ACCELEROMETER type:1 delay:40000us by com.android.server.location.OppoMotionDetector$1
02-13 21:15:05.060  9930 10531 I GnssLocationProvider: WakeLock released by handleMessage(SET_REQUEST, 0, com.android.server.location.GnssLocationProvider$GpsRequest@188e9bc)
02-13 21:15:05.060  9930  9930 W SensorService: SensorEventConnection sensor handle=1, package = com.android.server.location.OppoMotionDetector enable pid = 9930
02-13 21:15:05.060  9930  9930 D SensorService: FusionLight, opPackageName = android, samplingPeriodNs = 40000000
02-13 21:15:05.062 10437 10437 I LocationControllerImpl: hide GPS icon
02-13 21:15:05.062  9930  9930 D SensorService: ice_debug_sensor, sensorType=1
02-13 21:15:05.063  9930  9930 D SensorService: Calling batch handle==1 flags=0rate=40000000 timeout== 0
02-13 21:15:05.063  9930  9930 D SensorService: SensorDevice::batch: ident=0x72d5498600, handle=0x00000001, flags=0, period_ns=40000000 timeout=0
02-13 21:15:05.063  9930  9930 D SensorService: 	>>> curr_period=9223372036854775807 min_period=40000000 curr_timeout=0 min_timeout=0
02-13 21:15:05.063  9930  9930 D SensorService: 	>>> actuating h/w BATCH 0x00000001 40000000 0
02-13 21:15:05.063 28711 28716 I Accelerometer: batch: handle:0, flag:0,samplingPeriodNs:40000000 maxBatchReportLatencyNs:0
02-13 21:15:05.066  9930  9930 D SensorService: recordConnection in enable
02-13 21:15:05.066  9930  9930 D SensorService: Calling activate on 1
02-13 21:15:05.066  9930  9930 D SensorService: SensorDevice::activate: ident=0x72d5498600, handle=0x00000001, enabled=1, count=1
02-13 21:15:05.066  9930  9930 D SensorService: enable index=0
02-13 21:15:05.066  9930  9930 D SensorService: SensorDevice::checkForIdent info.numActiveClients()=1, ident=0x72d5498600, handle=1, eanble=1, isFusion=0
02-13 21:15:05.066  9930  9930 D SensorService: 	>>> actuating h/w activate ident = 0x72d5498600, handle=1 enabled=1
02-13 21:15:05.067 28711 28716 E SensorContext: activate, handle = 0, index = 0
02-13 21:15:05.067 28711 28716 I Accelerometer: enable: handle:0, en:1
02-13 21:15:05.070   761   774 D agps    : [agps][n][AGPS] [MNL] read  set_position_mode  mode=0
02-13 21:15:05.071   700   948 D epo     : mtk_epo_is_expired: current time: 1770966905, current time:Fri Feb 13 14:15:05 2026
02-13 21:15:05.071   700   948 D epo     : mtk_epo_is_expired: EPO start time: 1770742800, EPO start time: Wed Feb 11 00:00:00 2026
02-13 21:15:05.071   700   948 D epo     : mtk_epo_is_expired: EPO file is valid, no need update
02-13 21:15:05.072   599  1921 I MtkGnssHAL_GnssInterface: updateWakelock: GNSS HAL Wakelock acquired due to gps: 1, fused: 0
02-13 21:15:05.073   700   937 W gps_controlller: gps_control_event_hdlr: mnld version: MTK_MNLD_5_7_0_18101201
02-13 21:15:05.074   700   937 D gps_controlller: mnld_gps_start_impl: gps_user=0x1
02-13 21:15:05.074   700   937 D pseudo  : mtk_gps_sys_nmea_output_to_app: len:38, offload not enable, just save the mask
02-13 21:15:05.074   700   937 D pseudo  : mtk_gps_sys_init: nvram_init_val Ready
02-13 21:15:05.074   700   937 D NVRAM   : NVM_GetFileDesc: Open /mnt/vendor/nvdata/APCFG/APRDEB/GPS,LID:52
02-13 21:15:05.074   700   937 D NVRAM   : NVM_CmpFileVerNo 52  
02-13 21:15:05.075   700   937 D NVRAM   : Load File Version: 000, NvRam File Version: 000
02-13 21:15:05.075   700   937 D NVRAM   : NVM_ProtectDataFile : 52 ++
02-13 21:15:05.075   700   937 D NVRAM   : iCustomBeginLID = 51
02-13 21:15:05.075   700   937 D NVRAM   : NVM_CheckFileSize:stat_size:54,size in table:52
02-13 21:15:05.075   700   937 D NVRAM   : NVM_CheckFile: File is correct!
02-13 21:15:05.075   700   937 D NVRAM   : NVM_ProtectUserData:Check Success
02-13 21:15:05.075   700   937 D NVRAM   : NVM_GetFileDesc ProtectDataFile Check Success!!
02-13 21:15:05.076   700   937 D NVRAM   : NVM_CloseFileDesc: Open by Readonly, no need to check when close
02-13 21:15:05.076   700   937 D gps_controlller: linux_gps_init: Other calibration,chip_id:0x6765
02-13 21:15:05.076   700   937 D gps_controlller: linux_gps_init: lseek calibration file for 93MD
02-13 21:15:05.100  9930 10531 E FastNetworkLocation: location time is older!!
02-13 21:15:05.100  9930 10531 D LocationManagerService: incoming location from: network
02-13 21:15:05.107  9930 10531 D LocationManagerService: incoming location from: network
02-13 21:15:05.110   700   937 D gps_controlller: linux_gps_init: open dsp successfully
02-13 21:15:05.111   700   937 D gps_controlller: linux_gps_init: GPS coclock, buffer 2, coTMS
02-13 21:15:05.115   700   937 D gps_controlller: linux_gps_init: Get chip version type (0xffff6765) 
02-13 21:15:05.115   700   937 D gps_controlller: linux_gps_init: driver_cfg.ext offset=886, size=10, magic=0xaa55, ver=0x0101
02-13 21:15:05.116   700   937 D gps_controlller: linux_gps_init: u4Bitmap= 0, init_cfg.C0 = 1068269536,init_cfg.C1 = -1096850836,init_cfg.initU = -1168190839,init_cfg.lastU = 953267991,GNSSOPMode: 0x6,eLNA_pin:91, po:1048575
02-13 21:15:05.116   700   937 D pseudo  : mtk_gps_sys_nmea_output_to_app: len:19, set option, cfg = 0
02-13 21:15:05.117   700   937 D pseudo  : mtk_gps_sys_nmea_output_to_app: len:100, mnl_sys_driver_cfg_ext_validate: m = 1, o = 886/886, s = 10/10, m = 0xaa55/0xaa55, v = 0x0101/0x0101
02-13 21:15:05.118   700   937 D pseudo  : mtk_gps_sys_nmea_output_to_app: len:28, NMEA output by callback!!!
02-13 21:15:05.119   700   937 D pseudo  : mtk_gps_sys_nmea_output_to_app: len:69, ChipID,x,80000190,y,FFFF6765,hw_ver,8A00,fw_ver,8A00,gnss_mode_flag,0
02-13 21:15:05.122   700 28636 D gps_dbg_log: gps_dbg_log_thread: create: ECAFF970, arg = 0x0
02-13 21:15:05.122   700   937 D pseudo  : mtk_gps_sys_nmea_output_to_app: len:56, [GPSDBG],INF,write gps debug log in MNLD,DebugType(0x10)
02-13 21:15:05.123   700   937 D pseudo  : mtk_gps_sys_nmea_output_to_app: len:54, mnl_sys_rec_set_created_bitmask: 0x00000000, 0, 0, 0
02-13 21:15:05.123   700   937 D pseudo  : mtk_gps_sys_nmea_output_to_app: len:59, MNL offload is disable, do not create OFL dbg thread (7).
02-13 21:15:05.123   700   937 D pseudo  : mtk_gps_sys_nmea_output_to_app: len:59, MNL offload is disable, do not create OFL out thread (6).
02-13 21:15:05.123   700   937 D pseudo  : mtk_gps_sys_nmea_output_to_app: len:54, mnl_sys_rec_set_created_bitmask: 0x00000000, 0, 3, 0
02-13 21:15:05.123   700   937 D pseudo  : mtk_gps_sys_nmea_output_to_app: len:21,  Agent epo init OK 
02-13 21:15:05.123   700 28638 D pseudo  : mtk_gps_sys_nmea_output_to_app: len:30, thread mnl create : EC903970
02-13 21:15:05.124   700   937 D pseudo  : mtk_gps_sys_nmea_output_to_app: len:54, mnl_sys_rec_set_created_bitmask: 0x00000000, 0, 4, 0
02-13 21:15:05.124   700   937 D gps_controlller: linux_gps_init: Status (18) 
02-13 21:15:05.125   700   937 D mpe     : mnl_mpe_thread_init: mpe enabled
02-13 21:15:05.125   700   937 D mpe     : mnl_mpe_thread_init: register mpe cb 0,gMpeCallBackFunc= 0xb4070c71,mtk_gps_mnl_trigger_mpe=0xb4070c71
02-13 21:15:05.125   700   937 D gps_controlller: linux_gps_init: dsp port (/dev/stpgps),nmea port (UseCallback),nmea dbg port (/dev/ttygserial),dbg_file_name (/mnt/sdcard/mtklog/connsyslog/gpshost/GPS_HOST),DebugType (16),nv_file_name (/data/vendor/gps/mtkgps.dat), mtk_gps_log_hide:0
02-13 21:15:05.126   700   937 D gps_controlller: linux_gps_init: sent CMD_SIB8_16_ENABLE to mnl, sib8_16_enable = 1 ,ret = 0
02-13 21:15:05.126   700   937 D gps_controlller: linux_gps_init: sent enable_debug2app to mnl, enable_debug2app = 0 ,ret = 0
02-13 21:15:05.126   700   937 D gps_controlller: linux_gps_init: sent MTK_PARAM_CMD_LPPE_ENABLE to mnl, lppe_enable = 1 ,ret = 0
02-13 21:15:05.126   700 28639 D pseudo  : mtk_gps_sys_nmea_output_to_app: len:31,  Agent tread created:EC805970
02-13 21:15:05.127   700 28639 D pseudo  : mtk_gps_sys_nmea_output_to_app: len:17,  Agent init OK 
02-13 21:15:05.128   700 28637 D pseudo  : mtk_gps_sys_nmea_output_to_app: len:32, thread_dsp_input_func:ECA01970
02-13 21:15:05.128   700   937 D gps_controlller: mnld_gps_start: mnld_gps_start() success
02-13 21:15:05.128   700   937 D gps_controlller: gps_control_thread: gps_control_thread wait
02-13 21:15:05.132  9930 16695 I LocationManagerService: remove 6e771af
02-13 21:15:05.136  9930 16695 I GnssLocationProvider: WakeLock acquired by sendMessage(SET_REQUEST, 0, com.android.server.location.GnssLocationProvider$GpsRequest@ed8e5a8)
02-13 21:15:05.136   761   774 D agps    : Xed[V_8;|(7C0x)+x\HWcp=;h[Zi=R7&%D`L;2$5=8=-2LG1C`L-5q.!~!&)/.*uL:5d.!&$~#$!((pA$&`.! pA-@q-xx~~     yiSBDG5(b.yO5AFp-pN:<m.qS83ABAo-y
02-13 21:15:05.136   761   774 D agps    : Xed[V_8;|(7C0x)+x^Sm=;hQcPN=WI;=9E`C3bQ4I=5+2832#+;2$5=8=-2LG1CL-5`X:5d.!~!&)/.*!}!&$~#$!((pA$&`.! pSE5`-hj
02-13 21:15:05.139 10437 10437 I LocationControllerImpl: onReceive action = android.location.GPS_WORKSOURCE_CHANGE, enabled = false, mIsFix = false, mPrivacy = false
02-13 21:15:05.141 10437 10437 I LocationControllerImpl: hide GPS icon
02-13 21:15:05.143  9930 10030 D SensorService: dropping 1 events 
02-13 21:15:05.148  9930 10531 D GnssLocationProvider: setRequest ProviderRequest[OFF]
02-13 21:15:05.149  9930 10531 D MtkLocationExt: Stop Gnss debug report
02-13 21:15:05.150  9930  9930 V SensorManager: unRegisterListener by com.android.server.location.OppoMotionDetector$1
02-13 21:15:05.150  9930  9930 W SensorService: SensorEventConnection sensor handle=1, package = com.android.server.location.OppoMotionDetector disable
02-13 21:15:05.150  9930 10531 D MtkLocationExt: Gnss debug service has not yet connected
02-13 21:15:05.150  9930  9930 D SensorService: recordConnection in disable
02-13 21:15:05.150  9930 10531 D LocationManagerService: stopGnssDebugReport = false
02-13 21:15:05.150  9930  9930 D SensorService: SensorDevice::activate: ident=0x72d5498600, handle=0x00000001, enabled=0, count=1
02-13 21:15:05.150  9930  9930 D SensorService: disable index=0
02-13 21:15:05.150  9930  9930 D SensorService: SensorDevice::checkForIdent info.numActiveClients()=1, ident=0x72d5498600, handle=1, eanble=0, isFusion=0
02-13 21:15:05.150  9930  9930 D SensorService: SensorDevice::checkForIdent, ident=0x72d5498600 info.mIdentCount=1
02-13 21:15:05.151  9930  9930 D SensorService: 	>>> actuating h/w activate ident = 0x72d5498600, handle=1 enabled=0
02-13 21:15:05.151 28711 28716 E SensorContext: activate, handle = 0, index = 0
02-13 21:15:05.151 28711 28716 I Accelerometer: enable: handle:0, en:0
02-13 21:15:05.153  9930 10531 I GnssLocationProvider: WakeLock released by handleMessage(SET_REQUEST, 0, com.android.server.location.GnssLocationProvider$GpsRequest@ed8e5a8)
02-13 21:15:05.154  9930  9930 D SensorService: reset the mRecentEvent handle = 1
02-13 21:15:05.154  9930  9930 D SensorService: disable reset the lastEvent handle = 1 in disable
02-13 21:15:05.154  9930  9930 D SensorService: ~SensorEventConnection(0x72d5498600)
02-13 21:15:05.154  9930  9930 D SensorService: 4 active sensors
02-13 21:15:05.154  9930  9930 D SensorService: removing connection 0x72d5498600 for sensor[0].handle=0x00000005
02-13 21:15:05.154  9930  9930 D SensorService: removing connection 0x72d5498600 for sensor[1].handle=0x00000011
02-13 21:15:05.154  9930  9930 D SensorService: removing connection 0x72d5498600 for sensor[2].handle=0x00000016
02-13 21:15:05.154  9930  9930 D SensorService: removing connection 0x72d5498600 for sensor[3].handle=0x0000001b
02-13 21:15:05.163 10372 10394 W DCS     : Record event failed. DCS reject event: [appId=20120,logTag=20089,eventId=sensor_record] . Pls check server config.
02-13 21:15:05.223  9930 10063 E         : Unknown name for ifindex 1011 with more than 316790 bytes of traffic
02-13 21:15:05.241  9930 10063 E         : Unknown name for ifindex 1011 with more than 316790 bytes of traffic
02-13 21:15:05.267  9930 10030 D SensorService: dropping 1 events 
02-13 21:15:05.392  9930 10030 D SensorService: dropping 1 events 
02-13 21:15:05.405   761   774 D agps    : [agps][n][AGPS] [MNL] read  pmtk=[$PMTK764,0,0,0,3,0,128,4,128,5,128,1*23
02-13 21:15:05.405   761   774 D agps    : ]
02-13 21:15:05.405   700 28638 D pseudo  : mtk_gps_sys_nmea_output_to_app: len:17, $PMTK010,001*2E
02-13 21:15:05.405   761   774 D agps    : [agps][n][AGPS] gnss_num=3
02-13 21:15:05.405   761   774 D agps    : [agps][n][CP] [MD_1] write  pmtk [$PMTK764,0,0,0,3,0,128,4,128,5,128,1*23
02-13 21:15:05.405   761   774 D agps    : ]
02-13 21:15:05.406  9930 10064 E WifiVendorHal: getWifiLinkLayerStats(l.947) failed {.code = ERROR_NOT_SUPPORTED, .description = }
02-13 21:15:05.410  9930 10064 E         : Unknown name for ifindex 1011 with more than 316790 bytes of traffic
02-13 21:15:05.412   761   774 D agps    : [agps][n][AGPS] [MNL] write  pmtk  [$PMTK680,1,FFFFF00C*08
02-13 21:15:05.412   761   774 D agps    :  ]
02-13 21:15:05.421 10769 14666 I NearbyDiscovery: (REDACTED) BloomFilterAdvManager: Detected bloom filter but too far away, ignoring. %sm, %s
02-13 21:15:05.431   700 28638 D pseudo  : mtk_gps_sys_nmea_output_to_mnld: received 1054 bytes:
02-13 21:15:05.432   700   940 W mtknav  : mnld_mtknav_download: mtknav has been downloaded today
02-13 21:15:05.435  9930 10064 E         : Unknown name for ifindex 1011 with more than 316790 bytes of traffic
02-13 21:15:05.435   700 28638 D pseudo  : mtk_gps_sys_nmea_output_to_app: len:1054, [NMEA]$GNGGA,141504.01...
02-13 21:15:05.435   700 28638 D gps_controlller: send_active_notify: send clean nmea timer cmd!
02-13 21:15:05.435   700 28638 D gps_controlller: mtk_gps_sys_gps_mnl_callback: MTK_GPS_MSG_FIX_READY, GET_RTC_OK, 0.041, 17078.708
02-13 21:15:05.435   700 28638 D gps_controlller: mtk_gps_sys_gps_mnl_callback: Age = 2, RTCDiff = 30, Time_interval = 10
02-13 21:15:05.435   700 28638 D pseudo  : mtk_gps_sys_nmea_output_to_app: len:46, [vAGPS_Auto_Req]:g_FirstDbtt:1,u2BitMap:0x100
02-13 21:15:05.435   700 28638 D gps_controlller: mtk_gps_sys_agps_disaptcher_callback: MNL ready and assist req:0
02-13 21:15:05.435   700   937 D gps_controlller: gps_control_thread: gps_control_thread wait
02-13 21:15:05.436   761   774 D agps    : [agps][n][AGPS] [MNL] write  pmtk  [$PMTK680,1,FFFFF00C*08
02-13 21:15:05.436   761   774 D agps    :  ]
02-13 21:15:05.437   700   937 D gps_controlller: mnld_gps_stop_impl: MNL exiting 
02-13 21:15:05.437   700   937 D pseudo  : mtk_gps_sys_nmea_output_to_app: len:15, Thread is ret,0
02-13 21:15:05.438   700 28637 D pseudo  : mtk_gps_sys_nmea_output_to_app: len:23, thread dsp input exit
02-13 21:15:05.438   700 28637 D pseudo  : mtk_gps_sys_nmea_output_to_app: len:33, uninstall timer for tigger EE:0
02-13 21:15:05.438   700   948 D gps_controlller: gps_controller_rcv_pmtk: rcv_pmtk: MNL stopped, return
02-13 21:15:05.440   700   937 D pseudo  : mtk_gps_sys_nmea_output_to_app: len:16, (0)ThreadLeaveOK
02-13 21:15:05.440   700   937 D pseudo  : mtk_gps_sys_nmea_output_to_app: len:16, Thread,0,Exit,OK
02-13 21:15:05.440   700   937 D pseudo  : mtk_gps_sys_nmea_output_to_app: len:15, Thread is ret,0
02-13 21:15:05.441   700 28639 D gps_controlller: mtk_gps_sys_agps_disaptcher_callback: MNL NTP/NLP request:2
02-13 21:15:05.441   700 28639 D gps_controlller: mtk_gps_sys_agps_disaptcher_callback: Call nlp_server request
02-13 21:15:05.442   596   655 D lbs_hidl_service: [1.06][mtk_mnld2nlputils] handleSocketEvent() ret=[12]
02-13 21:15:05.443  9930 10296 D LbsNlpUtils: reqNlpLocation() source = 1
02-13 21:15:05.444  9930 12558 D LbsNlpUtils: handle NLPS_MSG_NLP_NIJ_REQ arg1: 1
02-13 21:15:05.444  9930 12558 D LbsNlpUtils: requestNlp crTime: 1770992105444 nlpTime: 1770992105093 delta: 351
02-13 21:15:05.451  9930 10531 D MtkLocationExt: injectRefLocation
02-13 21:15:05.452  9930 12558 D LbsNlpUtils: startNlpQueryLocked isNlpEnabled=true src:1 mNlpRequestedSrc:0
02-13 21:15:05.454   700 28638 D pseudo  : mtk_gps_sys_nmea_output_to_app: len:17, thread mnl exit
02-13 21:15:05.454   700   937 D pseudo  : mtk_gps_sys_nmea_output_to_app: len:16, (3)ThreadLeaveOK
02-13 21:15:05.454   700   937 D pseudo  : mtk_gps_sys_nmea_output_to_app: len:16, Thread,3,Exit,OK
02-13 21:15:05.454   700   937 D pseudo  : mtk_gps_sys_nmea_output_to_app: len:15, Thread is ret,0
02-13 21:15:05.455  9930 12558 D LocationManagerService: request 9495866 network Request[POWER_LOW network requested=+1s0ms fastest=+1s0ms lowPowerMode=false] from com.mediatek.nlpservice(1000 foreground [whitelisted])
02-13 21:15:05.456   700 28639 D pseudo  : mtk_gps_sys_nmea_output_to_app: len:30, thread agent get msg failed:1
02-13 21:15:05.458   700   937 D pseudo  : mtk_gps_sys_nmea_output_to_app: len:16, (4)ThreadLeaveOK
02-13 21:15:05.458   700   937 D pseudo  : mtk_gps_sys_nmea_output_to_app: len:16, Thread,4,Exit,OK
02-13 21:15:05.458   700   937 D pseudo  : mtk_gps_sys_nmea_output_to_app: len:19, Uninit GPS DSP Uart
02-13 21:15:05.458   700   937 D pseudo  : mtk_gps_sys_nmea_output_to_app: len:37, [mnl_thread_agent_exit] delete event
02-13 21:15:05.458   700   937 D pseudo  : mtk_gps_sys_nmea_output_to_app: len:27, thread mnl event delete ok
02-13 21:15:05.458   700   937 D pseudo  : mtk_gps_sys_nmea_output_to_app: len:29, thread agent event delete ok
02-13 21:15:05.458   700   937 D pseudo  : mtk_gps_sys_nmea_output_to_app: len:15, Destory mutex
02-13 21:15:05.458   700   937 D pseudo  : mtk_gps_sys_nmea_output_to_app: len:21, mtk gps Uninit done
02-13 21:15:05.458   700   937 D gps_dbg_log: gps_stop_dbglog_release_condition: exit while, gps_dbg_log thread exit
02-13 21:15:05.458   700   937 D gps_dbg_log: gps_stop_dbglog_release_condition: exit while, gps_dbg_log thread exit
02-13 21:15:05.458   700 28636 D gps_dbg_log: gps_dbg_log_thread: send close gpslog cmd to gps logd
02-13 21:15:05.459   596   656 D lbs_hidl_service: [1.06][mtk_lbs_log_v2s] handleSocketEvent() ret=[12]
02-13 21:15:05.462   704   740 D         : lbslogd_handle_close_logfile: [gpsLog]lbslogd_handle_close_logfile
02-13 21:15:05.466   761   774 D agps    : Xed[V_8;|(7C0x)+x\HWcp=;h[Zi=R7&%D`L;2$5=8=-2LG1C`L-5q.!~!&)/.*uL:5d.!&$~#$!((pA$&`.! pA-@q-xx~~     yiSBDG5(b.yO5AFp-pN:<m.qS83ABAo-y
02-13 21:15:05.466   761   774 D agps    : Xed[V_8;|(7C0x)+x^Sm=;hQcPN=WI;=9E`C3bQ4I=5+2832#+;2$5=8=-2LG1CL-5`X:5d.!~!&)/.*!}!&$~#$!((pA$&`.! pSE5`-hj
02-13 21:15:05.467  9930 10296 I GnssLocationProvider: WakeLock acquired by sendMessage(REPORT_SV_STATUS, 0, com.android.server.location.GnssLocationProvider$SvStatusInfo@20de7a7)
02-13 21:15:05.472  9930 10531 I GnssLocationProvider: WakeLock released by handleMessage(REPORT_SV_STATUS, 0, com.android.server.location.GnssLocationProvider$SvStatusInfo@20de7a7)
02-13 21:15:05.479   700   937 D gps_dbg_log: gps_dbg_log_exit_flush: gpsdbglog thread exit OK!
02-13 21:15:05.482   700   937 D gps_controlller: mnld_gps_stop: mnld_gps_stop_impl success
02-13 21:15:05.483   700   948 D MNL2AGPS: mnl2agps_gps_close: mnl2agps_gps_close
02-13 21:15:05.483   599  1921 D         : update_gps_status:   status=2
02-13 21:15:05.483   700   937 D gps_controlller: gps_control_thread: gps_control_thread wait
02-13 21:15:05.483   596   655 D lbs_hidl_service: [1.06][mtk_mnld2nlputils] handleSocketEvent() ret=[12]
02-13 21:15:05.483   761   774 D agps    : [agps] WARNING: [AGPS] [MNL] read  gps_close
02-13 21:15:05.484   599  1921 D         : update_gps_status:   status=4
02-13 21:15:05.484  9930 10344 D LbsNlpUtils: cancelNlpLocation() source = 1
02-13 21:15:05.485   599  1921 I MtkGnssHAL_GnssInterface: updateWakelock: GNSS HAL Wakelock released
02-13 21:15:05.486  9930 12558 D LbsNlpUtils: handle NLPS_MSG_NLP_NIJ_CANCEL arg1: 1
02-13 21:15:05.486  9930 12558 D LbsNlpUtils: stopNlpQueryLocked isNlpEnabled=true src:1 mNlpRequestedSrc:1
02-13 21:15:05.486  9930 12558 I LocationManagerService: remove 9495866
02-13 21:15:05.517  9930 10030 D SensorService: dropping 1 events 
02-13 21:15:05.559  9930 10531 E FastNetworkLocation: location time is older!!
02-13 21:15:05.559  9930 10531 D LocationManagerService: incoming location from: network
02-13 21:15:05.560  9930 10531 D LocationManagerService: incoming location from: network
02-13 21:15:05.617 10769 14666 I NearbyDiscovery: (REDACTED) BloomFilterAdvManager: Detected bloom filter but too far away, ignoring. %sm, %s
02-13 21:15:05.642  9930 10030 D SensorService: dropping 1 events 
02-13 21:15:05.701   751 14905 E lsc_nvram: [do_mkdir] fail to mkdir [/sdcard/shading_otp]: 13[Permission denied] (do_mkdir){#65:vendor/mediatek/proprietary/hardware/mtkcam/aaa/source/mt6765/lsc_mgr/LscUtil.h}
02-13 21:15:05.767  9930 10030 D SensorService: dropping 1 events 
02-13 21:15:05.892  9930 10030 D SensorService: dropping 1 events 
02-13 21:15:05.957  9930 10531 D LocationManagerService: incoming location from: network
02-13 21:15:05.957  9930 10531 D LocationManagerService: incoming location from: network
02-13 21:15:05.970   761   774 D agps    : Xed[V_8;|(7C0x)+x\HWcp=;h[Zi=R7&%D`L;2$5=8=-2LG1C`L-5q.!~!&)/.*uL:5d.!&$~#$!((pA$&`.! pA-@q-xx~~     yiSBDG5(b.yO5AFp-pN:<m.qS83ABAo-y
02-13 21:15:05.970   761   774 D agps    : Xed[V_8;|(7C0x)+x^Sm=;hQcPN=WI;=9E`C3bQ4I=5+2832#+;2$5=8=-2LG1CL-5`X:5d.!~!&)/.*!}!&$~#$!((pA$&`.! pSE5`-hj
02-13 21:15:06.017 28711 28711 I Light   : [LIGHT]:light = 10.000000 timestamp=5644840306702320
02-13 21:15:06.018  9930 10030 D SensorService: dropping 1 events 
02-13 21:15:06.109  9930 10531 E FastNetworkLocation: location time is older!!
02-13 21:15:06.110  9930 10531 D LocationManagerService: incoming location from: network
02-13 21:15:06.111  9930 10531 D LocationManagerService: incoming location from: network
02-13 21:15:06.124   761   774 D agps    : Xed[V_8;|(7C0x)+x\HWcp=;h[Zi=R7&%D`L;2$5=8=-2LG1C`L-5q.!~!&)/.*uL:5d.!&$~#$!((pA$&`.! pA-@q-xx~~     yiSBDG5(b.yO5AFp-pN:<m.qS83ABAo-y
02-13 21:15:06.124   761   774 D agps    : Xed[V_8;|(7C0x)+x^Sm=;hQcPN=WI;=9E`C3bQ4I=5+2832#+;2$5=8=-2LG1CL-5`X:5d.!~!&)/.*!}!&$~#$!((pA$&`.! pSE5`-hj
02-13 21:15:06.142  9930 10030 D SensorService: dropping 1 events 
02-13 21:15:06.230 10769 14666 I NearbyDiscovery: (REDACTED) BloomFilterAdvManager: Detected bloom filter but too far away, ignoring. %sm, %s
02-13 21:15:06.262  9930 10063 E         : Unknown name for ifindex 1011 with more than 316790 bytes of traffic
02-13 21:15:06.267  9930 10030 D SensorService: dropping 1 events 
02-13 21:15:06.284  9930 10063 E         : Unknown name for ifindex 1011 with more than 316790 bytes of traffic
02-13 21:15:06.392  9930 10030 D SensorService: dropping 1 events 
02-13 21:15:06.517  9930 10030 I chatty  : uid=1000(system) SensorService identical 1 line
02-13 21:15:06.642  9930 10030 D SensorService: dropping 1 events 
02-13 21:15:06.702   751 14905 E lsc_nvram: [do_mkdir] fail to mkdir [/sdcard/shading_otp]: 13[Permission denied] (do_mkdir){#65:vendor/mediatek/proprietary/hardware/mtkcam/aaa/source/mt6765/lsc_mgr/LscUtil.h}
02-13 21:15:06.767  9930 10030 D SensorService: dropping 1 events 
02-13 21:15:07.017  9930 10030 I chatty  : uid=1000(system) SensorService identical 2 lines
02-13 21:15:07.142  9930 10030 D SensorService: dropping 1 events 
02-13 21:15:07.266 28711 28711 I Light   : [LIGHT]:light = 10.000000 timestamp=5644841555810704
02-13 21:15:07.267  9930 10030 D SensorService: dropping 1 events 
02-13 21:15:07.306  9930 10063 E         : Unknown name for ifindex 1011 with more than 316790 bytes of traffic
02-13 21:15:07.326  9930 10063 E         : Unknown name for ifindex 1011 with more than 316790 bytes of traffic
02-13 21:15:07.392  9930 10030 D SensorService: dropping 1 events 
02-13 21:15:07.517  9930 10511 D AES     : AEEIOCTL_GET/SET_SF_STATE IOCTL,cmd= 1074294797, lParam=0. 
02-13 21:15:07.517  9930 10511 W Watchdog: **Get SF Time **0
02-13 21:15:07.517  9930 10030 D SensorService: dropping 1 events 
02-13 21:15:07.518  9930 10511 D AES     : AEEIOCTL_RT_MON_Kick IOCTL,cmd= 2147774474, lParam=300. 
02-13 21:15:07.519  9930 10511 W Watchdog: SWT Watchdog before synchronized:780601918
02-13 21:15:07.519  9930 10511 W Watchdog: SWT Watchdog after synchronized:780601918
02-13 21:15:07.520  9930 10511 V Watchdog: @WatchDog_ error e: java.io.FileNotFoundException: /d/wakeup_sources (Permission denied)
02-13 21:15:07.642  9930 10030 D SensorService: dropping 1 events 
02-13 21:15:07.664 10769 14666 I NearbyDiscovery: (REDACTED) BloomFilterAdvManager: Detected bloom filter but too far away, ignoring. %sm, %s
02-13 21:15:07.703   751 14905 E lsc_nvram: [do_mkdir] fail to mkdir [/sdcard/shading_otp]: 13[Permission denied] (do_mkdir){#65:vendor/mediatek/proprietary/hardware/mtkcam/aaa/source/mt6765/lsc_mgr/LscUtil.h}
02-13 21:15:07.767  9930 10030 D SensorService: dropping 1 events 
02-13 21:15:08.142  9930 10030 I chatty  : uid=1000(system) SensorService identical 3 lines
02-13 21:15:08.267  9930 10030 D SensorService: dropping 1 events 
02-13 21:15:08.345  9930 10063 E         : Unknown name for ifindex 1011 with more than 316790 bytes of traffic
