02-13 21:15:08.366  9930 10063 E         : Unknown name for ifindex 1011 with more than 316790 bytes of traffic
02-13 21:15:08.392  9930 10030 D SensorService: dropping 1 events 
02-13 21:15:08.462  9930 10064 E WifiVendorHal: getWifiLinkLayerStats(l.947) failed {.code = ERROR_NOT_SUPPORTED, .description = }
02-13 21:15:08.467  9930 10064 E         : Unknown name for ifindex 1011 with more than 316790 bytes of traffic
02-13 21:15:08.481 10769 14666 I NearbyDiscovery: (REDACTED) BloomFilterAdvManager: Detected bloom filter but too far away, ignoring. %sm, %s
02-13 21:15:08.488  9930 10064 E         : Unknown name for ifindex 1011 with more than 316790 bytes of traffic
02-13 21:15:08.516 28711 28716 I Light   : [LIGHT]:light = 10.000000 timestamp=5644842805593935
02-13 21:15:08.517  9930 10030 D SensorService: dropping 1 events 
02-13 21:15:08.642  9930 10030 D SensorService: dropping 1 events 
02-13 21:15:08.703   751 14905 E lsc_nvram: [do_mkdir] fail to mkdir [/sdcard/shading_otp]: 13[Permission denied] (do_mkdir){#65:vendor/mediatek/proprietary/hardware/mtkcam/aaa/source/mt6765/lsc_mgr/LscUtil.h}
02-13 21:15:08.767  9930 10030 D SensorService: dropping 1 events 
02-13 21:15:08.892  9930 10030 I chatty  : uid=1000(system) SensorService identical 1 line
02-13 21:15:09.018  9930 10030 D SensorService: dropping 1 events 
02-13 21:15:09.098 10769 14666 I NearbyDiscovery: (REDACTED) BloomFilterAdvManager: Detected bloom filter but too far away, ignoring. %sm, %s
02-13 21:15:09.100 25931 25931 I ADB_SERVICES: fdevent_loop length=1
02-13 21:15:09.142  9930 10030 D SensorService: dropping 1 events 
02-13 21:15:09.267  9930 10030 D SensorService: dropping 1 events 
02-13 21:15:09.389  9930 10063 E         : Unknown name for ifindex 1011 with more than 316790 bytes of traffic
02-13 21:15:09.392  9930 10030 D SensorService: dropping 1 events 
02-13 21:15:09.410  9930 10063 E         : Unknown name for ifindex 1011 with more than 316790 bytes of traffic
02-13 21:15:09.472  9930 10064 D OppoHistoryRecordQueue: AP: 58:d3:12:f2:7f:27 is5G: true yearDay37: [42:6,0,0][45:5395,1,0,02][48:672,0,0][54:1652,1,0,06][57:6541,0,0][60:10701,8,0,07][63:3128,12,0,38][66:1973,11,0,55][69:86,1,1,15]
02-13 21:15:09.474  9930 10064 D OppoHistoryRecordQueue: AP: 58:d3:12:f2:7f:27 is5G: true yearDay38: [51:648,0,0][54:12680,6,0,05][57:7772,1,0,01][60:974,0,0][63:4699,11,0,23][66:273,0,0][69:57,0,0]
02-13 21:15:09.477  9930 10064 D OppoHistoryRecordQueue: AP: 58:d3:12:f2:7f:27 is5G: true yearDay39: [54:660,0,0][57:1461,2,0,14][60:9106,6,0,07][63:13181,7,0,05][66:1770,1,0,06][69:836,0,0][78:316,0,0]
02-13 21:15:09.479  9930 10064 D OppoHistoryRecordQueue: AP: 58:d3:12:f2:7f:27 is5G: true yearDay40: [51:323,0,0][54:2163,0,0][57:8204,4,0,05][60:9176,17,0,18][63:491,0,0]
02-13 21:15:09.482  9930 10064 D OppoHistoryRecordQueue: AP: 58:d3:12:f2:7f:27 is5G: true yearDay41: [42:134,0,0][45:1120,1,0,09][48:1162,0,0][51:27955,1,0][54:31583,11,0,03][57:50271,1,0][60:47884,2,0][63:19621,6,0,03][66:2809,1,0,04][69:1849,0,0][72:301,1,0,33][75:52,0,0][78:234,1,0,43][81:73,0,0][84:27,0,0]
02-13 21:15:09.484  9930 10064 D OppoHistoryRecordQueue: AP: 58:d3:12:f2:7f:27 is5G: true yearDay42: [39:3,0,0][42:313,0,0][45:917,0,0][48:332,0,0][51:3878,3,0,08][54:4945,4,0,08][57:9152,4,0,04][60:4366,0,0][63:4470,3,0,07][66:655,3,0,46][69:272,1,0,37][72:25,0,0][75:28,0,0]
02-13 21:15:09.487  9930 10064 D OppoHistoryRecordQueue: AP: 58:d3:12:f2:7f:27 is5G: true yearDay43: [42:142,0,0][48:6190,0,0][51:26336,0,0][54:38658,0,0][57:39991,7,0,02][60:27948,0,0][63:26186,0,0][66:18655,0,0][69:15052,0,0][72:4358,0,0][75:191,0,0][78:245,0,0]
02-13 21:15:09.518  9930 10030 D SensorService: dropping 1 events 
02-13 21:15:09.523 24091 24091 D Cloud.DeviceStatusDispatcher: DeviceStatusDispatcher.Receiver action=android.intent.action.BATTERY_CHANGED
02-13 21:15:09.523 24091 24091 D Cloud.DeviceStatusDispatcher: Intent.ACTION_BATTERY_CHANGED setCharging true,status =2
02-13 21:15:09.561 22645 22645 W Choreographer: Frame time is 12.080169 ms in the future!  Check that graphics HAL is generating vsync timestamps using the correct timebase.
02-13 21:15:09.642  9930 10030 D SensorService: dropping 1 events 
02-13 21:15:09.704   751 14905 E lsc_nvram: [do_mkdir] fail to mkdir [/sdcard/shading_otp]: 13[Permission denied] (do_mkdir){#65:vendor/mediatek/proprietary/hardware/mtkcam/aaa/source/mt6765/lsc_mgr/LscUtil.h}
02-13 21:15:09.766 28711 28716 I Light   : [LIGHT]:light = 10.000000 timestamp=5644844055615089
02-13 21:15:09.767  9930 10030 D SensorService: dropping 1 events 
02-13 21:15:09.892  9930 10030 D SensorService: dropping 1 events 
02-13 21:15:09.911 10769 14666 I NearbyDiscovery: (REDACTED) BloomFilterAdvManager: Detected bloom filter but too far away, ignoring. %sm, %s
02-13 21:15:10.017  9930 10030 D SensorService: dropping 1 events 
02-13 21:15:10.142  9930 10030 D SensorService: dropping 1 events 
02-13 21:15:10.204  9930 11302 D LocationManagerService: request f275743 gps Request[ACCURACY_FINE gps requested=0 fastest=0 lowPowerMode=false] from com.companyname.heristepai(10146 foreground)
02-13 21:15:10.208  9930 11302 I GnssLocationProvider: WakeLock acquired by sendMessage(SET_REQUEST, 0, com.android.server.location.GnssLocationProvider$GpsRequest@128c1c0)
02-13 21:15:10.209  9930 10531 D GnssLocationProvider: setRequest ProviderRequest[ON interval=0 lowPowerMode=false]
02-13 21:15:10.210  9930 10531 D GnssLocationProvider: GpsDebugConfig = 8
02-13 21:15:10.210  9930 10531 D GnssLocationProvider: startNavigating, singleShot is false setRequest: ProviderRequest[ON interval=0 lowPowerMode=false]
02-13 21:15:10.211 10437 10437 I LocationControllerImpl: onReceive action = android.location.GPS_WORKSOURCE_CHANGE, enabled = false, mIsFix = false, mPrivacy = false
02-13 21:15:10.216 10437 10437 I LocationControllerImpl: hide GPS icon
02-13 21:15:10.216  9930 14147 D LocationManagerService: request f275743 network Request[POWER_LOW network requested=0 fastest=0 lowPowerMode=false] from com.companyname.heristepai(10146 foreground)
02-13 21:15:10.219   761   774 D agps    : [agps][n][AGPS] [MNL] read  set_position_mode  mode=0
02-13 21:15:10.221   700   948 D epo     : mtk_epo_is_expired: current time: 1770966910, current time:Fri Feb 13 14:15:10 2026
02-13 21:15:10.222   700   948 D epo     : mtk_epo_is_expired: EPO start time: 1770742800, EPO start time: Wed Feb 11 00:00:00 2026
02-13 21:15:10.222   700   948 D epo     : mtk_epo_is_expired: EPO file is valid, no need update
02-13 21:15:10.223  9930  9930 V SensorManager: RegisterListener ACCELEROMETER type:1 delay:40000us by com.android.server.location.OppoMotionDetector$1
02-13 21:15:10.223  9930 10531 I GnssLocationProvider: WakeLock released by handleMessage(SET_REQUEST, 0, com.android.server.location.GnssLocationProvider$GpsRequest@128c1c0)
02-13 21:15:10.224   599  1921 I MtkGnssHAL_GnssInterface: updateWakelock: GNSS HAL Wakelock acquired due to gps: 1, fused: 0
02-13 21:15:10.224   700   937 W gps_controlller: gps_control_event_hdlr: mnld version: MTK_MNLD_5_7_0_18101201
02-13 21:15:10.225   700   937 D gps_controlller: mnld_gps_start_impl: gps_user=0x1
02-13 21:15:10.225   700   937 D pseudo  : mtk_gps_sys_nmea_output_to_app: len:38, offload not enable, just save the mask
02-13 21:15:10.225   700   937 D pseudo  : mtk_gps_sys_init: nvram_init_val Ready
02-13 21:15:10.225  9930  9930 W SensorService: SensorEventConnection sensor handle=1, package = com.android.server.location.OppoMotionDetector enable pid = 9930
02-13 21:15:10.225  9930  9930 D SensorService: FusionLight, opPackageName = android, samplingPeriodNs = 40000000
02-13 21:15:10.225   700   937 D NVRAM   : NVM_GetFileDesc: Open /mnt/vendor/nvdata/APCFG/APRDEB/GPS,LID:52
02-13 21:15:10.225   700   937 D NVRAM   : NVM_CmpFileVerNo 52  
02-13 21:15:10.226   700   937 D NVRAM   : Load File Version: 000, NvRam File Version: 000
02-13 21:15:10.226   700   937 D NVRAM   : NVM_ProtectDataFile : 52 ++
02-13 21:15:10.226   700   937 D NVRAM   : iCustomBeginLID = 51
02-13 21:15:10.226   700   937 D NVRAM   : NVM_CheckFileSize:stat_size:54,size in table:52
02-13 21:15:10.226  9930  9930 D SensorService: ice_debug_sensor, sensorType=1
02-13 21:15:10.226  9930  9930 D SensorService: Calling batch handle==1 flags=0rate=40000000 timeout== 0
02-13 21:15:10.226  9930  9930 D SensorService: SensorDevice::batch: ident=0x72d5541700, handle=0x00000001, flags=0, period_ns=40000000 timeout=0
02-13 21:15:10.226  9930  9930 D SensorService: 	>>> curr_period=9223372036854775807 min_period=40000000 curr_timeout=0 min_timeout=0
02-13 21:15:10.226  9930  9930 D SensorService: 	>>> actuating h/w BATCH 0x00000001 40000000 0
02-13 21:15:10.226   700   937 D NVRAM   : NVM_CheckFile: File is correct!
02-13 21:15:10.226   700   937 D NVRAM   : NVM_ProtectUserData:Check Success
02-13 21:15:10.226   700   937 D NVRAM   : NVM_GetFileDesc ProtectDataFile Check Success!!
02-13 21:15:10.227 28711 28711 I Accelerometer: batch: handle:0, flag:0,samplingPeriodNs:40000000 maxBatchReportLatencyNs:0
02-13 21:15:10.229  9930  9930 D SensorService: recordConnection in enable
02-13 21:15:10.230  9930  9930 D SensorService: Calling activate on 1
02-13 21:15:10.230  9930  9930 D SensorService: SensorDevice::activate: ident=0x72d5541700, handle=0x00000001, enabled=1, count=1
02-13 21:15:10.230  9930  9930 D SensorService: enable index=0
02-13 21:15:10.230  9930  9930 D SensorService: SensorDevice::checkForIdent info.numActiveClients()=1, ident=0x72d5541700, handle=1, eanble=1, isFusion=0
02-13 21:15:10.230  9930  9930 D SensorService: 	>>> actuating h/w activate ident = 0x72d5541700, handle=1 enabled=1
02-13 21:15:10.230   700   937 D NVRAM   : NVM_CloseFileDesc: Open by Readonly, no need to check when close
02-13 21:15:10.230   700   937 D gps_controlller: linux_gps_init: Other calibration,chip_id:0x6765
02-13 21:15:10.230   700   937 D gps_controlller: linux_gps_init: lseek calibration file for 93MD
02-13 21:15:10.240 28711 28711 E SensorContext: activate, handle = 0, index = 0
02-13 21:15:10.240 28711 28711 I Accelerometer: enable: handle:0, en:1
02-13 21:15:10.256  9930 10531 E FastNetworkLocation: location time is older!!
02-13 21:15:10.256  9930 10531 D LocationManagerService: incoming location from: network
02-13 21:15:10.265  9930 10531 D LocationManagerService: incoming location from: network
02-13 21:15:10.266   700   937 D gps_controlller: linux_gps_init: open dsp successfully
02-13 21:15:10.267   700   937 D gps_controlller: linux_gps_init: GPS coclock, buffer 2, coTMS
02-13 21:15:10.267  9930 10030 D SensorService: dropping 1 events 
02-13 21:15:10.276  9930 11645 I LocationManagerService: remove f275743
02-13 21:15:10.279  9930 11645 I GnssLocationProvider: WakeLock acquired by sendMessage(SET_REQUEST, 0, com.android.server.location.GnssLocationProvider$GpsRequest@cb839ec)
02-13 21:15:10.279   700   937 D gps_controlller: linux_gps_init: Get chip version type (0xffff6765) 
02-13 21:15:10.279   700   937 D gps_controlller: linux_gps_init: driver_cfg.ext offset=886, size=10, magic=0xaa55, ver=0x0101
02-13 21:15:10.279   700   937 D gps_controlller: linux_gps_init: u4Bitmap= 0, init_cfg.C0 = 1068269536,init_cfg.C1 = -1096850836,init_cfg.initU = -1168190839,init_cfg.lastU = 953267991,GNSSOPMode: 0x6,eLNA_pin:91, po:1048575
02-13 21:15:10.279   700   937 D pseudo  : mtk_gps_sys_nmea_output_to_app: len:19, set option, cfg = 0
02-13 21:15:10.280   700   937 D pseudo  : mtk_gps_sys_nmea_output_to_app: len:100, mnl_sys_driver_cfg_ext_validate: m = 1, o = 886/886, s = 10/10, m = 0xaa55/0xaa55, v = 0x0101/0x0101
02-13 21:15:10.280   700   937 D pseudo  : mtk_gps_sys_nmea_output_to_app: len:28, NMEA output by callback!!!
02-13 21:15:10.280   700   937 D pseudo  : mtk_gps_sys_nmea_output_to_app: len:69, ChipID,x,80000190,y,FFFF6765,hw_ver,8A00,fw_ver,8A00,gnss_mode_flag,0
02-13 21:15:10.280   700   937 D pseudo  : mtk_gps_sys_nmea_output_to_app: len:56, [GPSDBG],INF,write gps debug log in MNLD,DebugType(0x10)
02-13 21:15:10.282 10437 10437 I LocationControllerImpl: onReceive action = android.location.GPS_WORKSOURCE_CHANGE, enabled = false, mIsFix = false, mPrivacy = false
02-13 21:15:10.282   761   774 D agps    : Xed[V_8;|(7C0x)+x\HWcp=;h[Zi=R7&%D`L;2$5=8=-2LG1C`L-5q.!~!&)/.*uL:5d.!&$~#$!((pA$&`.! pA-@q-xx~~     yiSBDG5(b.yO5AFp-pN:<m.qS83ABAo-y
02-13 21:15:10.283   761   774 D agps    : Xed[V_8;|(7C0x)+x^Sm=;hQcPN=WI;=9E`C3bQ4I=5+2832#+;2$5=8=-2LG1CL-5`X:5d.!~!&)/.*!}!&$~#$!((pA$&`.! pSE5`-hj
02-13 21:15:10.285 10437 10437 I LocationControllerImpl: hide GPS icon
02-13 21:15:10.285   700   937 D pseudo  : mtk_gps_sys_nmea_output_to_app: len:54, mnl_sys_rec_set_created_bitmask: 0x00000000, 0, 0, 0
02-13 21:15:10.286   700   937 D pseudo  : mtk_gps_sys_nmea_output_to_app: len:59, MNL offload is disable, do not create OFL dbg thread (7).
02-13 21:15:10.286   700   937 D pseudo  : mtk_gps_sys_nmea_output_to_app: len:59, MNL offload is disable, do not create OFL out thread (6).
02-13 21:15:10.286   700   937 D pseudo  : mtk_gps_sys_nmea_output_to_app: len:54, mnl_sys_rec_set_created_bitmask: 0x00000000, 0, 3, 0
02-13 21:15:10.287   700 28644 D pseudo  : mtk_gps_sys_nmea_output_to_app: len:32, thread_dsp_input_func:ECA01970
02-13 21:15:10.287   700   937 D pseudo  : mtk_gps_sys_nmea_output_to_app: len:21,  Agent epo init OK 
02-13 21:15:10.287   700   937 D pseudo  : mtk_gps_sys_nmea_output_to_app: len:54, mnl_sys_rec_set_created_bitmask: 0x00000000, 0, 4, 0
02-13 21:15:10.287   700 28645 D pseudo  : mtk_gps_sys_nmea_output_to_app: len:30, thread mnl create : EC903970
02-13 21:15:10.288   700   937 D gps_controlller: linux_gps_init: Status (18) 
02-13 21:15:10.288   700   937 D mpe     : mnl_mpe_thread_init: mpe enabled
02-13 21:15:10.288   700   937 D mpe     : mnl_mpe_thread_init: register mpe cb 0,gMpeCallBackFunc= 0xb4070c71,mtk_gps_mnl_trigger_mpe=0xb4070c71
02-13 21:15:10.289   700   937 D gps_controlller: linux_gps_init: dsp port (/dev/stpgps),nmea port (UseCallback),nmea dbg port (/dev/ttygserial),dbg_file_name (/mnt/sdcard/mtklog/connsyslog/gpshost/GPS_HOST),DebugType (16),nv_file_name (/data/vendor/gps/mtkgps.dat), mtk_gps_log_hide:0
02-13 21:15:10.289   700   937 D MNLD    : XXLOGX linux_gps_init: mnl init, mtk_gps_get_position_accuracy success, 10.339640, 106.032920, 4244
02-13 21:15:10.290   700   937 D gps_controlller: linux_gps_init: sent CMD_SIB8_16_ENABLE to mnl, sib8_16_enable = 1 ,ret = 0
02-13 21:15:10.294  9930 10531 D GnssLocationProvider: setRequest ProviderRequest[OFF]
02-13 21:15:10.294   700   937 D gps_controlller: linux_gps_init: sent enable_debug2app to mnl, enable_debug2app = 0 ,ret = 0
02-13 21:15:10.294   700   937 D gps_controlller: linux_gps_init: sent MTK_PARAM_CMD_LPPE_ENABLE to mnl, lppe_enable = 1 ,ret = 0
02-13 21:15:10.295  9930 10531 D MtkLocationExt: Stop Gnss debug report
02-13 21:15:10.295  9930 10531 D MtkLocationExt: Gnss debug service has not yet connected
02-13 21:15:10.295  9930 10531 D LocationManagerService: stopGnssDebugReport = false
02-13 21:15:10.295   700 28647 D pseudo  : mtk_gps_sys_nmea_output_to_app: len:31,  Agent tread created:EC707970
02-13 21:15:10.295   700 28647 D pseudo  : mtk_gps_sys_nmea_output_to_app: len:17,  Agent init OK 
02-13 21:15:10.295   700 28643 D gps_dbg_log: gps_dbg_log_thread: create: ECAFF970, arg = 0x0
02-13 21:15:10.295   700   937 D gps_controlller: mnld_gps_start: mnld_gps_start() success
02-13 21:15:10.296   700   937 D gps_controlller: gps_control_thread: gps_control_thread wait
02-13 21:15:10.296  9930  9930 V SensorManager: unRegisterListener by com.android.server.location.OppoMotionDetector$1
02-13 21:15:10.296  9930  9930 W SensorService: SensorEventConnection sensor handle=1, package = com.android.server.location.OppoMotionDetector disable
02-13 21:15:10.296  9930  9930 D SensorService: recordConnection in disable
02-13 21:15:10.297  9930  9930 D SensorService: SensorDevice::activate: ident=0x72d5541700, handle=0x00000001, enabled=0, count=1
02-13 21:15:10.297  9930  9930 D SensorService: disable index=0
02-13 21:15:10.297  9930  9930 D SensorService: SensorDevice::checkForIdent info.numActiveClients()=1, ident=0x72d5541700, handle=1, eanble=0, isFusion=0
02-13 21:15:10.297  9930  9930 D SensorService: SensorDevice::checkForIdent, ident=0x72d5541700 info.mIdentCount=1
02-13 21:15:10.297  9930  9930 D SensorService: 	>>> actuating h/w activate ident = 0x72d5541700, handle=1 enabled=0
02-13 21:15:10.297 28711 28711 E SensorContext: activate, handle = 0, index = 0
02-13 21:15:10.297 28711 28711 I Accelerometer: enable: handle:0, en:0
02-13 21:15:10.298  9930 10531 I GnssLocationProvider: WakeLock released by handleMessage(SET_REQUEST, 0, com.android.server.location.GnssLocationProvider$GpsRequest@cb839ec)
02-13 21:15:10.300  9930  9930 D SensorService: reset the mRecentEvent handle = 1
02-13 21:15:10.300  9930  9930 D SensorService: disable reset the lastEvent handle = 1 in disable
02-13 21:15:10.300  9930  9930 D SensorService: ~SensorEventConnection(0x72d5541700)
02-13 21:15:10.300  9930  9930 D SensorService: 4 active sensors
02-13 21:15:10.300  9930  9930 D SensorService: removing connection 0x72d5541700 for sensor[0].handle=0x00000005
02-13 21:15:10.300  9930  9930 D SensorService: removing connection 0x72d5541700 for sensor[1].handle=0x00000011
02-13 21:15:10.300  9930  9930 D SensorService: removing connection 0x72d5541700 for sensor[2].handle=0x00000016
02-13 21:15:10.300  9930  9930 D SensorService: removing connection 0x72d5541700 for sensor[3].handle=0x0000001b
02-13 21:15:10.311 10372 10394 W DCS     : Record event failed. DCS reject event: [appId=20120,logTag=20089,eventId=sensor_record] . Pls check server config.
02-13 21:15:10.392  9930 10030 D SensorService: dropping 1 events 
02-13 21:15:10.428  9930 10063 E         : Unknown name for ifindex 1011 with more than 316790 bytes of traffic
02-13 21:15:10.449  9930 10063 E         : Unknown name for ifindex 1011 with more than 316790 bytes of traffic
02-13 21:15:10.517  9930 10030 D SensorService: dropping 1 events 
02-13 21:15:10.529 10769 14666 I NearbyDiscovery: (REDACTED) BloomFilterAdvManager: Detected bloom filter but too far away, ignoring. %sm, %s
02-13 21:15:10.583   700 28645 D pseudo  : mtk_gps_sys_nmea_output_to_app: len:17, $PMTK010,001*2E
02-13 21:15:10.583   761   774 D agps    : [agps][n][AGPS] [MNL] read  pmtk=[$PMTK764,0,0,0,3,0,128,4,128,5,128,1*23
02-13 21:15:10.583   761   774 D agps    : ]
02-13 21:15:10.583   761   774 D agps    : [agps][n][AGPS] gnss_num=3
02-13 21:15:10.583   761   774 D agps    : [agps][n][CP] [MD_1] write  pmtk [$PMTK764,0,0,0,3,0,128,4,128,5,128,1*23
02-13 21:15:10.583   761   774 D agps    : ]
02-13 21:15:10.590   761   774 D agps    : [agps][n][AGPS] [MNL] write  pmtk  [$PMTK680,1,FFFFF00C*08
02-13 21:15:10.590   761   774 D agps    :  ]
02-13 21:15:10.610   700   940 W mtknav  : mnld_mtknav_download: mtknav has been downloaded today
02-13 21:15:10.611   700 28645 D pseudo  : mtk_gps_sys_nmea_output_to_mnld: received 1053 bytes:
02-13 21:15:10.614   700 28645 D pseudo  : mtk_gps_sys_nmea_output_to_app: len:1053, [NMEA]$GNGGA,141509.01...
02-13 21:15:10.614   700 28645 D gps_controlller: send_active_notify: send clean nmea timer cmd!
02-13 21:15:10.614   700 28645 D gps_controlller: mtk_gps_sys_gps_mnl_callback: MTK_GPS_MSG_FIX_READY, GET_RTC_OK, 0.041, 17083.708
02-13 21:15:10.615   700 28645 D gps_controlller: mtk_gps_sys_gps_mnl_callback: Age = 2, RTCDiff = 30, Time_interval = 10
02-13 21:15:10.615   700   937 D gps_controlller: gps_control_thread: gps_control_thread wait
02-13 21:15:10.615   700 28645 D pseudo  : mtk_gps_sys_nmea_output_to_app: len:46, [vAGPS_Auto_Req]:g_FirstDbtt:1,u2BitMap:0x100
02-13 21:15:10.615   700 28645 D gps_controlller: mtk_gps_sys_agps_disaptcher_callback: MNL ready and assist req:0
02-13 21:15:10.615   700 28647 D gps_controlller: mtk_gps_sys_agps_disaptcher_callback: MNL NTP/NLP request:2
02-13 21:15:10.615   700 28647 D gps_controlller: mtk_gps_sys_agps_disaptcher_callback: Call nlp_server request
02-13 21:15:10.616   700   937 D gps_controlller: mnld_gps_stop_impl: MNL exiting 
02-13 21:15:10.617   761   774 D agps    : [agps][n][AGPS] [MNL] write  pmtk  [$PMTK680,1,FFFFF00C*08
02-13 21:15:10.617   761   774 D agps    :  ]
02-13 21:15:10.617   700   937 D pseudo  : mtk_gps_sys_nmea_output_to_app: len:15, Thread is ret,0
02-13 21:15:10.617   700   948 D gps_controlller: gps_controller_rcv_pmtk: rcv_pmtk: MNL stopped, return
02-13 21:15:10.617   700 28644 D pseudo  : mtk_gps_sys_nmea_output_to_app: len:23, thread dsp input exit
02-13 21:15:10.618   700 28644 D pseudo  : mtk_gps_sys_nmea_output_to_app: len:33, uninstall timer for tigger EE:0
02-13 21:15:10.618   700   937 D pseudo  : mtk_gps_sys_nmea_output_to_app: len:16, (0)ThreadLeaveOK
02-13 21:15:10.618   700   937 D pseudo  : mtk_gps_sys_nmea_output_to_app: len:16, Thread,0,Exit,OK
02-13 21:15:10.618   700   937 D pseudo  : mtk_gps_sys_nmea_output_to_app: len:15, Thread is ret,0
02-13 21:15:10.621   700 28645 D pseudo  : mtk_gps_sys_nmea_output_to_app: len:17, thread mnl exit
02-13 21:15:10.622   700   937 D pseudo  : mtk_gps_sys_nmea_output_to_app: len:16, (3)ThreadLeaveOK
02-13 21:15:10.622   700   937 D pseudo  : mtk_gps_sys_nmea_output_to_app: len:16, Thread,3,Exit,OK
02-13 21:15:10.622   700   937 D pseudo  : mtk_gps_sys_nmea_output_to_app: len:15, Thread is ret,0
02-13 21:15:10.624   596   655 D lbs_hidl_service: [1.06][mtk_mnld2nlputils] handleSocketEvent() ret=[12]
02-13 21:15:10.625  9930  9947 D LbsNlpUtils: reqNlpLocation() source = 1
02-13 21:15:10.626  9930 12558 D LbsNlpUtils: handle NLPS_MSG_NLP_NIJ_REQ arg1: 1
02-13 21:15:10.626  9930 12558 D LbsNlpUtils: requestNlp crTime: 1770992110626 nlpTime: 1770992110249 delta: 377
02-13 21:15:10.627   700   937 D pseudo  : mtk_gps_sys_nmea_output_to_app: len:16, (4)ThreadLeaveOK
02-13 21:15:10.627   700   937 D pseudo  : mtk_gps_sys_nmea_output_to_app: len:16, Thread,4,Exit,OK
02-13 21:15:10.627   700   937 D pseudo  : mtk_gps_sys_nmea_output_to_app: len:19, Uninit GPS DSP Uart
02-13 21:15:10.627   700   937 D pseudo  : mtk_gps_sys_nmea_output_to_app: len:37, [mnl_thread_agent_exit] delete event
02-13 21:15:10.627   700   937 D pseudo  : mtk_gps_sys_nmea_output_to_app: len:27, thread mnl event delete ok
02-13 21:15:10.627   700   937 D pseudo  : mtk_gps_sys_nmea_output_to_app: len:29, thread agent event delete ok
02-13 21:15:10.627   700   937 D pseudo  : mtk_gps_sys_nmea_output_to_app: len:15, Destory mutex
02-13 21:15:10.628   700   937 D pseudo  : mtk_gps_sys_nmea_output_to_app: len:21, mtk gps Uninit done
02-13 21:15:10.628   700   937 D gps_dbg_log: gps_stop_dbglog_release_condition: exit while, gps_dbg_log thread exit
02-13 21:15:10.628   700   937 D gps_dbg_log: gps_stop_dbglog_release_condition: exit while, gps_dbg_log thread exit
02-13 21:15:10.628   700 28643 D gps_dbg_log: gps_dbg_log_thread: send close gpslog cmd to gps logd
02-13 21:15:10.629   596   656 D lbs_hidl_service: [1.06][mtk_lbs_log_v2s] handleSocketEvent() ret=[12]
02-13 21:15:10.633   704   740 D         : lbslogd_handle_close_logfile: [gpsLog]lbslogd_handle_close_logfile
02-13 21:15:10.636  9930 12558 D LbsNlpUtils: startNlpQueryLocked isNlpEnabled=true src:1 mNlpRequestedSrc:0
02-13 21:15:10.643  9930 10030 D SensorService: dropping 1 events 
02-13 21:15:10.643  9930 12558 D LocationManagerService: request d9bd04a network Request[POWER_LOW network requested=+1s0ms fastest=+1s0ms lowPowerMode=false] from com.mediatek.nlpservice(1000 foreground [whitelisted])
02-13 21:15:10.643  9930 10007 I GnssLocationProvider: WakeLock acquired by sendMessage(REPORT_SV_STATUS, 0, com.android.server.location.GnssLocationProvider$SvStatusInfo@80a6bbb)
02-13 21:15:10.648   700   937 D gps_dbg_log: gps_dbg_log_exit_flush: gpsdbglog thread exit OK!
02-13 21:15:10.653   700   937 D gps_controlller: mnld_gps_stop: mnld_gps_stop_impl success
02-13 21:15:10.653   700   937 D gps_controlller: gps_control_thread: gps_control_thread wait
02-13 21:15:10.653   700   948 D MNL2AGPS: mnl2agps_gps_close: mnl2agps_gps_close
02-13 21:15:10.654   761   774 D agps    : [agps] WARNING: [AGPS] [MNL] read  gps_close
02-13 21:15:10.654   596   655 D lbs_hidl_service: [1.06][mtk_mnld2nlputils] handleSocketEvent() ret=[12]
02-13 21:15:10.654   599  1921 D         : update_gps_status:   status=2
02-13 21:15:10.655   599  1921 D         : update_gps_status:   status=4
02-13 21:15:10.656  9930 10007 D LbsNlpUtils: cancelNlpLocation() source = 1
02-13 21:15:10.656   599  1921 I MtkGnssHAL_GnssInterface: updateWakelock: GNSS HAL Wakelock released
02-13 21:15:10.669  9930 12558 D LbsNlpUtils: handle NLPS_MSG_NLP_NIJ_CANCEL arg1: 1
02-13 21:15:10.669  9930 10531 D MtkLocationExt: injectRefLocation
02-13 21:15:10.669  9930 12558 D LbsNlpUtils: stopNlpQueryLocked isNlpEnabled=true src:1 mNlpRequestedSrc:1
02-13 21:15:10.670  9930 12558 I LocationManagerService: remove d9bd04a
02-13 21:15:10.671  9930 10531 I GnssLocationProvider: WakeLock released by handleMessage(REPORT_SV_STATUS, 0, com.android.server.location.GnssLocationProvider$SvStatusInfo@80a6bbb)
02-13 21:15:10.675   761   774 D agps    : Xed[V_8;|(7C0x)+x\HWcp=;h[Zi=R7&%D`L;2$5=8=-2LG1C`L-5q.!~!&)/.*uL:5d.!&$~#$!((pA$&`.! pA-@q-xx~~     yiSBDG5(b.yO5AFp-pN:<m.qS83ABAo-y
02-13 21:15:10.675   761   774 D agps    : Xed[V_8;|(7C0x)+x^Sm=;hQcPN=WI;=9E`C3bQ4I=5+2832#+;2$5=8=-2LG1CL-5`X:5d.!~!&)/.*!}!&$~#$!((pA$&`.! pSE5`-hj
02-13 21:15:10.705   751 14905 E lsc_nvram: [do_mkdir] fail to mkdir [/sdcard/shading_otp]: 13[Permission denied] (do_mkdir){#65:vendor/mediatek/proprietary/hardware/mtkcam/aaa/source/mt6765/lsc_mgr/LscUtil.h}
02-13 21:15:10.718  9930 10531 E FastNetworkLocation: location time is older!!
02-13 21:15:10.719  9930 10531 D LocationManagerService: incoming location from: network
02-13 21:15:10.720  9930 10531 D LocationManagerService: incoming location from: network
02-13 21:15:10.767  9930 10030 D SensorService: dropping 1 events 
02-13 21:15:10.892  9930 10030 D SensorService: dropping 1 events 
02-13 21:15:11.017 28711 28716 I Light   : [LIGHT]:light = 10.000000 timestamp=5644845306691781
02-13 21:15:11.018  9930 10030 D SensorService: dropping 1 events 
02-13 21:15:11.142  9930 10030 D SensorService: dropping 1 events 
02-13 21:15:11.145  9930 10531 D LocationManagerService: incoming location from: network
02-13 21:15:11.145  9930 10531 D LocationManagerService: incoming location from: network
02-13 21:15:11.157   761   774 D agps    : Xed[V_8;|(7C0x)+x\HWcp=;h[Zi=R7&%D`L;2$5=8=-2LG1C`L-5q.!~!&)/.*uL:5d.!&$~#$!((pA$&`.! pA-@q-xx~~     yiSBDG5(b.yO5AFp-pN:<m.qS83ABAo-y
02-13 21:15:11.158   761   774 D agps    : Xed[V_8;|(7C0x)+x^Sm=;hQcPN=WI;=9E`C3bQ4I=5+2832#+;2$5=8=-2LG1CL-5`X:5d.!~!&)/.*!}!&$~#$!((pA$&`.! pSE5`-hj
02-13 21:15:11.267  9930 10531 E FastNetworkLocation: location time is older!!
02-13 21:15:11.267  9930 10030 D SensorService: dropping 1 events 
02-13 21:15:11.268  9930 10531 D LocationManagerService: incoming location from: network
02-13 21:15:11.269  9930 10531 D LocationManagerService: incoming location from: network
02-13 21:15:11.281   761   774 D agps    : Xed[V_8;|(7C0x)+x\HWcp=;h[Zi=R7&%D`L;2$5=8=-2LG1C`L-5q.!~!&)/.*uL:5d.!&$~#$!((pA$&`.! pA-@q-xx~~     yiSBDG5(b.yO5AFp-pN:<m.qS83ABAo-y
02-13 21:15:11.281   761   774 D agps    : Xed[V_8;|(7C0x)+x^Sm=;hQcPN=WI;=9E`C3bQ4I=5+2832#+;2$5=8=-2LG1CL-5`X:5d.!~!&)/.*!}!&$~#$!((pA$&`.! pSE5`-hj
02-13 21:15:11.392  9930 10030 D SensorService: dropping 1 events 
02-13 21:15:11.471  9930 10063 E         : Unknown name for ifindex 1011 with more than 316790 bytes of traffic
02-13 21:15:11.491  9930 10063 E         : Unknown name for ifindex 1011 with more than 316790 bytes of traffic
02-13 21:15:11.517  9930 10030 D SensorService: dropping 1 events 
02-13 21:15:11.518  9930 10064 E WifiVendorHal: getWifiLinkLayerStats(l.947) failed {.code = ERROR_NOT_SUPPORTED, .description = }
02-13 21:15:11.521  9930 10064 E         : Unknown name for ifindex 1011 with more than 316790 bytes of traffic
02-13 21:15:11.542  9930 10064 E         : Unknown name for ifindex 1011 with more than 316790 bytes of traffic
02-13 21:15:11.642  9930 10030 D SensorService: dropping 1 events 
02-13 21:15:11.706   751 14905 E lsc_nvram: [do_mkdir] fail to mkdir [/sdcard/shading_otp]: 13[Permission denied] (do_mkdir){#65:vendor/mediatek/proprietary/hardware/mtkcam/aaa/source/mt6765/lsc_mgr/LscUtil.h}
02-13 21:15:11.767  9930 10030 D SensorService: dropping 1 events 
02-13 21:15:12.017  9930 10030 I chatty  : uid=1000(system) SensorService identical 2 lines
02-13 21:15:12.142  9930 10030 D SensorService: dropping 1 events 
02-13 21:15:12.267 28711 28711 I Light   : [LIGHT]:light = 10.000000 timestamp=5644846555848474
02-13 21:15:12.267  9930 10030 D SensorService: dropping 1 events 
02-13 21:15:12.392  9930 10030 D SensorService: dropping 1 events 
02-13 21:15:12.513  9930 10063 E         : Unknown name for ifindex 1011 with more than 316790 bytes of traffic
02-13 21:15:12.517  9930 10030 D SensorService: dropping 1 events 
02-13 21:15:12.533  9930 10063 E         : Unknown name for ifindex 1011 with more than 316790 bytes of traffic
02-13 21:15:12.630   708 20469 E AALLightSensor: waitRelative abnormal, retValue=-110
02-13 21:15:12.642  9930 10030 D SensorService: dropping 1 events 
02-13 21:15:12.706   751 14905 E lsc_nvram: [do_mkdir] fail to mkdir [/sdcard/shading_otp]: 13[Permission denied] (do_mkdir){#65:vendor/mediatek/proprietary/hardware/mtkcam/aaa/source/mt6765/lsc_mgr/LscUtil.h}
02-13 21:15:12.767  9930 10030 D SensorService: dropping 1 events 
02-13 21:15:12.892  9930 10030 D SensorService: dropping 1 events 
02-13 21:15:12.978 10769 14666 I NearbyDiscovery: (REDACTED) BloomFilterAdvManager: Detected bloom filter but too far away, ignoring. %sm, %s
02-13 21:15:13.017  9930 10030 D SensorService: dropping 1 events 
02-13 21:15:13.268  9930 10030 I chatty  : uid=1000(system) SensorService identical 2 lines
02-13 21:15:13.392  9930 10030 D SensorService: dropping 1 events 
02-13 21:15:13.517 28711 28716 I Light   : [LIGHT]:light = 10.000000 timestamp=5644847805924320
02-13 21:15:13.517  9930 10030 D SensorService: dropping 1 events 
02-13 21:15:13.555  9930 10063 E         : Unknown name for ifindex 1011 with more than 316790 bytes of traffic
02-13 21:15:13.575  9930 10063 E         : Unknown name for ifindex 1011 with more than 316790 bytes of traffic
02-13 21:15:13.594 10769 14666 I NearbyDiscovery: (REDACTED) BloomFilterAdvManager: Detected bloom filter but too far away, ignoring. %sm, %s
02-13 21:15:13.642  9930 10030 D SensorService: dropping 1 events 
02-13 21:15:13.707   751 14905 E lsc_nvram: [do_mkdir] fail to mkdir [/sdcard/shading_otp]: 13[Permission denied] (do_mkdir){#65:vendor/mediatek/proprietary/hardware/mtkcam/aaa/source/mt6765/lsc_mgr/LscUtil.h}
02-13 21:15:13.767  9930 10030 D SensorService: dropping 1 events 
02-13 21:15:14.018  9930 10030 I chatty  : uid=1000(system) SensorService identical 2 lines
02-13 21:15:14.142  9930 10030 D SensorService: dropping 1 events 
02-13 21:15:14.214 10769 14666 I NearbyDiscovery: (REDACTED) BloomFilterAdvManager: Detected bloom filter but too far away, ignoring. %sm, %s
02-13 21:15:14.267  9930 10030 D SensorService: dropping 1 events 
02-13 21:15:14.392  9930 10030 D SensorService: dropping 1 events 
02-13 21:15:14.476  9930 10064 D OppoHistoryRecordQueue: AP: 58:d3:12:f2:7f:27 is5G: true yearDay37: [42:6,0,0][45:5395,1,0,02][48:672,0,0][54:1652,1,0,06][57:6541,0,0][60:10701,8,0,07][63:3128,12,0,38][66:1973,11,0,55][69:86,1,1,15]
02-13 21:15:14.481  9930 10064 D OppoHistoryRecordQueue: AP: 58:d3:12:f2:7f:27 is5G: true yearDay38: [51:648,0,0][54:12680,6,0,05][57:7772,1,0,01][60:974,0,0][63:4699,11,0,23][66:273,0,0][69:57,0,0]
02-13 21:15:14.484  9930 10064 D OppoHistoryRecordQueue: AP: 58:d3:12:f2:7f:27 is5G: true yearDay39: [54:660,0,0][57:1461,2,0,14][60:9106,6,0,07][63:13181,7,0,05][66:1770,1,0,06][69:836,0,0][78:316,0,0]
02-13 21:15:14.485  9930 10064 D OppoHistoryRecordQueue: AP: 58:d3:12:f2:7f:27 is5G: true yearDay40: [51:323,0,0][54:2163,0,0][57:8204,4,0,05][60:9176,17,0,18][63:491,0,0]
02-13 21:15:14.489  9930 10064 D OppoHistoryRecordQueue: AP: 58:d3:12:f2:7f:27 is5G: true yearDay41: [42:134,0,0][45:1120,1,0,09][48:1162,0,0][51:27955,1,0][54:31583,11,0,03][57:50271,1,0][60:47884,2,0][63:19621,6,0,03][66:2809,1,0,04][69:1849,0,0][72:301,1,0,33][75:52,0,0][78:234,1,0,43][81:73,0,0][84:27,0,0]
02-13 21:15:14.493  9930 10064 D OppoHistoryRecordQueue: AP: 58:d3:12:f2:7f:27 is5G: true yearDay42: [39:3,0,0][42:313,0,0][45:917,0,0][48:332,0,0][51:3878,3,0,08][54:4945,4,0,08][57:9152,4,0,04][60:4366,0,0][63:4470,3,0,07][66:655,3,0,46][69:272,1,0,37][72:25,0,0][75:28,0,0]
02-13 21:15:14.495  9930 10064 D OppoHistoryRecordQueue: AP: 58:d3:12:f2:7f:27 is5G: true yearDay43: [42:142,0,0][48:6190,0,0][51:26336,0,0][54:38658,0,0][57:40015,7,0,02][60:27948,0,0][63:26186,0,0][66:18655,0,0][69:15052,0,0][72:4358,0,0][75:191,0,0][78:245,0,0]
02-13 21:15:14.517  9930 10030 D SensorService: dropping 1 events 
02-13 21:15:14.536  9930 10060 E         : Unknown name for ifindex 1014 with more than 123245 bytes of traffic
02-13 21:15:14.568  9930 10064 E WifiVendorHal: getWifiLinkLayerStats(l.947) failed {.code = ERROR_NOT_SUPPORTED, .description = }
02-13 21:15:14.570  9930 10064 E         : Unknown name for ifindex 1011 with more than 316790 bytes of traffic
02-13 21:15:14.579  9930 10064 E         : Unknown name for ifindex 1011 with more than 316790 bytes of traffic
02-13 21:15:14.596  9930 10063 E         : Unknown name for ifindex 1011 with more than 316790 bytes of traffic
02-13 21:15:14.606  9930 10063 E         : Unknown name for ifindex 1011 with more than 316790 bytes of traffic
02-13 21:15:14.624 24091 24091 D Cloud.DeviceStatusDispatcher: DeviceStatusDispatcher.Receiver action=android.intent.action.BATTERY_CHANGED
02-13 21:15:14.624 24091 24091 D Cloud.DeviceStatusDispatcher: Intent.ACTION_BATTERY_CHANGED setCharging true,status =2
02-13 21:15:14.632  9930 10060 E         : Unknown name for ifindex 1014 with more than 1843020 bytes of traffic
02-13 21:15:14.642  9930 10030 D SensorService: dropping 1 events 
02-13 21:15:14.651 22645 22645 W Choreographer: Frame time is 8.41445 ms in the future!  Check that graphics HAL is generating vsync timestamps using the correct timebase.
02-13 21:15:14.651 10437 10437 W Choreographer: Frame time is 8.3959875 ms in the future!  Check that graphics HAL is generating vsync timestamps using the correct timebase.
02-13 21:15:14.661 22645 22645 W Choreographer: Frame time is 23.852863 ms in the future!  Check that graphics HAL is generating vsync timestamps using the correct timebase.
02-13 21:15:14.686 22645 22645 W Choreographer: Frame time is 15.537198 ms in the future!  Check that graphics HAL is generating vsync timestamps using the correct timebase.
02-13 21:15:14.708   751 14905 E lsc_nvram: [do_mkdir] fail to mkdir [/sdcard/shading_otp]: 13[Permission denied] (do_mkdir){#65:vendor/mediatek/proprietary/hardware/mtkcam/aaa/source/mt6765/lsc_mgr/LscUtil.h}
02-13 21:15:14.750  9930 10060 E         : Unknown name for ifindex 1011 with more than 316790 bytes of traffic
02-13 21:15:14.764  9930 10060 E         : Unknown name for ifindex 1011 with more than 316790 bytes of traffic
02-13 21:15:14.766 28711 28716 I Light   : [LIGHT]:light = 10.000000 timestamp=5644849055485089
02-13 21:15:14.767  9930 10030 D SensorService: dropping 1 events 
02-13 21:15:15.143  9930 10030 I chatty  : uid=1000(system) SensorService identical 3 lines
02-13 21:15:15.267  9930 10030 D SensorService: dropping 1 events 
02-13 21:15:15.348  9930 16692 D LocationManagerService: request 7cea716 gps Request[ACCURACY_FINE gps requested=0 fastest=0 lowPowerMode=false] from com.companyname.heristepai(10146 foreground)
02-13 21:15:15.351  9930 16692 I GnssLocationProvider: WakeLock acquired by sendMessage(SET_REQUEST, 0, com.android.server.location.GnssLocationProvider$GpsRequest@aea0897)
02-13 21:15:15.353  9930 10531 D GnssLocationProvider: setRequest ProviderRequest[ON interval=0 lowPowerMode=false]
02-13 21:15:15.354  9930 10531 D GnssLocationProvider: GpsDebugConfig = 8
02-13 21:15:15.354  9930 10531 D GnssLocationProvider: startNavigating, singleShot is false setRequest: ProviderRequest[ON interval=0 lowPowerMode=false]
02-13 21:15:15.358 10437 10437 I LocationControllerImpl: onReceive action = android.location.GPS_WORKSOURCE_CHANGE, enabled = false, mIsFix = false, mPrivacy = false
02-13 21:15:15.359  9930 16695 D LocationManagerService: request 7cea716 network Request[POWER_LOW network requested=0 fastest=0 lowPowerMode=false] from com.companyname.heristepai(10146 foreground)
02-13 21:15:15.362   761   774 D agps    : [agps][n][AGPS] [MNL] read  set_position_mode  mode=0
02-13 21:15:15.363 10437 10437 I LocationControllerImpl: hide GPS icon
02-13 21:15:15.371   700   948 D epo     : mtk_epo_is_expired: current time: 1770966915, current time:Fri Feb 13 14:15:15 2026
02-13 21:15:15.371   700   948 D epo     : mtk_epo_is_expired: EPO start time: 1770742800, EPO start time: Wed Feb 11 00:00:00 2026
02-13 21:15:15.371   700   948 D epo     : mtk_epo_is_expired: EPO file is valid, no need update
02-13 21:15:15.373   599  1921 I MtkGnssHAL_GnssInterface: updateWakelock: GNSS HAL Wakelock acquired due to gps: 1, fused: 0
02-13 21:15:15.373  9930 10531 I GnssLocationProvider: WakeLock released by handleMessage(SET_REQUEST, 0, com.android.server.location.GnssLocationProvider$GpsRequest@aea0897)
02-13 21:15:15.374   700   937 W gps_controlller: gps_control_event_hdlr: mnld version: MTK_MNLD_5_7_0_18101201
02-13 21:15:15.374   700   937 D gps_controlller: mnld_gps_start_impl: gps_user=0x1
02-13 21:15:15.374   700   937 D pseudo  : mtk_gps_sys_nmea_output_to_app: len:38, offload not enable, just save the mask
02-13 21:15:15.375   700   937 D pseudo  : mtk_gps_sys_init: nvram_init_val Ready
02-13 21:15:15.375   700   937 D NVRAM   : NVM_GetFileDesc: Open /mnt/vendor/nvdata/APCFG/APRDEB/GPS,LID:52
02-13 21:15:15.375   700   937 D NVRAM   : NVM_CmpFileVerNo 52  
02-13 21:15:15.375   700   937 D NVRAM   : Load File Version: 000, NvRam File Version: 000
02-13 21:15:15.375   700   937 D NVRAM   : NVM_ProtectDataFile : 52 ++
02-13 21:15:15.375   700   937 D NVRAM   : iCustomBeginLID = 51
02-13 21:15:15.376   700   937 D NVRAM   : NVM_CheckFileSize:stat_size:54,size in table:52
02-13 21:15:15.376   700   937 D NVRAM   : NVM_CheckFile: File is correct!
02-13 21:15:15.376   700   937 D NVRAM   : NVM_ProtectUserData:Check Success
02-13 21:15:15.376   700   937 D NVRAM   : NVM_GetFileDesc ProtectDataFile Check Success!!
02-13 21:15:15.378  9930  9930 V SensorManager: RegisterListener ACCELEROMETER type:1 delay:40000us by com.android.server.location.OppoMotionDetector$1
02-13 21:15:15.378   700   937 D NVRAM   : NVM_CloseFileDesc: Open by Readonly, no need to check when close
02-13 21:15:15.379   700   937 D gps_controlller: linux_gps_init: Other calibration,chip_id:0x6765
02-13 21:15:15.379   700   937 D gps_controlller: linux_gps_init: lseek calibration file for 93MD
02-13 21:15:15.380  9930  9930 W SensorService: SensorEventConnection sensor handle=1, package = com.android.server.location.OppoMotionDetector enable pid = 9930
02-13 21:15:15.380  9930  9930 D SensorService: FusionLight, opPackageName = android, samplingPeriodNs = 40000000
02-13 21:15:15.381  9930  9930 D SensorService: ice_debug_sensor, sensorType=1
02-13 21:15:15.381  9930  9930 D SensorService: Calling batch handle==1 flags=0rate=40000000 timeout== 0
02-13 21:15:15.381  9930  9930 D SensorService: SensorDevice::batch: ident=0x72d5543800, handle=0x00000001, flags=0, period_ns=40000000 timeout=0
02-13 21:15:15.381  9930  9930 D SensorService: 	>>> curr_period=9223372036854775807 min_period=40000000 curr_timeout=0 min_timeout=0
02-13 21:15:15.381  9930  9930 D SensorService: 	>>> actuating h/w BATCH 0x00000001 40000000 0
02-13 21:15:15.381 28711 28716 I Accelerometer: batch: handle:0, flag:0,samplingPeriodNs:40000000 maxBatchReportLatencyNs:0
02-13 21:15:15.386  9930  9930 D SensorService: recordConnection in enable
02-13 21:15:15.386  9930  9930 D SensorService: Calling activate on 1
02-13 21:15:15.386  9930  9930 D SensorService: SensorDevice::activate: ident=0x72d5543800, handle=0x00000001, enabled=1, count=1
02-13 21:15:15.386  9930  9930 D SensorService: enable index=0
02-13 21:15:15.386  9930  9930 D SensorService: SensorDevice::checkForIdent info.numActiveClients()=1, ident=0x72d5543800, handle=1, eanble=1, isFusion=0
02-13 21:15:15.386  9930  9930 D SensorService: 	>>> actuating h/w activate ident = 0x72d5543800, handle=1 enabled=1
02-13 21:15:15.386 28711 28716 E SensorContext: activate, handle = 0, index = 0
02-13 21:15:15.386 28711 28716 I Accelerometer: enable: handle:0, en:1
02-13 21:15:15.390  9930 10531 E FastNetworkLocation: location time is older!!
02-13 21:15:15.390  9930 10531 D LocationManagerService: incoming location from: network
02-13 21:15:15.392  9930 10030 D SensorService: dropping 1 events 
02-13 21:15:15.397  9930 10531 D LocationManagerService: incoming location from: network
02-13 21:15:15.409   700   937 D gps_controlller: linux_gps_init: open dsp successfully
02-13 21:15:15.409  9930 16692 I LocationManagerService: remove 7cea716
02-13 21:15:15.410   700   937 D gps_controlller: linux_gps_init: GPS coclock, buffer 2, coTMS
02-13 21:15:15.412   761   774 D agps    : Xed[V_8;|(7C0x)+x\HWcp=;h[Zi=R7&%D`L;2$5=8=-2LG1C`L-5q.!~!&)/.*uL:5d.!&$~#$!((pA$&`.! pA-@q-xx~~     yiSBDG5(b.yO5AFp-pN:<m.qS83ABAo-y
02-13 21:15:15.412   761   774 D agps    : Xed[V_8;|(7C0x)+x^Sm=;hQcPN=WI;=9E`C3bQ4I=5+2832#+;2$5=8=-2LG1CL-5`X:5d.!~!&)/.*!}!&$~#$!((pA$&`.! pSE5`-hj
02-13 21:15:15.413  9930 16692 I GnssLocationProvider: WakeLock acquired by sendMessage(SET_REQUEST, 0, com.android.server.location.GnssLocationProvider$GpsRequest@dda84)
02-13 21:15:15.416 10437 10437 I LocationControllerImpl: onReceive action = android.location.GPS_WORKSOURCE_CHANGE, enabled = false, mIsFix = false, mPrivacy = false
02-13 21:15:15.418 10437 10437 I LocationControllerImpl: hide GPS icon
02-13 21:15:15.422   700   937 D gps_controlller: linux_gps_init: Get chip version type (0xffff6765) 
02-13 21:15:15.423   700   937 D gps_controlller: linux_gps_init: driver_cfg.ext offset=886, size=10, magic=0xaa55, ver=0x0101
02-13 21:15:15.425   700   937 D gps_controlller: linux_gps_init: u4Bitmap= 0, init_cfg.C0 = 1068269536,init_cfg.C1 = -1096850836,init_cfg.initU = -1168190839,init_cfg.lastU = 953267991,GNSSOPMode: 0x6,eLNA_pin:91, po:1048575
02-13 21:15:15.425   700   937 D pseudo  : mtk_gps_sys_nmea_output_to_app: len:19, set option, cfg = 0
02-13 21:15:15.426   700   937 D pseudo  : mtk_gps_sys_nmea_output_to_app: len:100, mnl_sys_driver_cfg_ext_validate: m = 1, o = 886/886, s = 10/10, m = 0xaa55/0xaa55, v = 0x0101/0x0101
02-13 21:15:15.426   700   937 D pseudo  : mtk_gps_sys_nmea_output_to_app: len:28, NMEA output by callback!!!
02-13 21:15:15.426   700 28653 D gps_dbg_log: gps_dbg_log_thread: create: ECAFF970, arg = 0x0
02-13 21:15:15.427   700   937 D pseudo  : mtk_gps_sys_nmea_output_to_app: len:69, ChipID,x,80000190,y,FFFF6765,hw_ver,8A00,fw_ver,8A00,gnss_mode_flag,0
02-13 21:15:15.427   700   937 D pseudo  : mtk_gps_sys_nmea_output_to_app: len:56, [GPSDBG],INF,write gps debug log in MNLD,DebugType(0x10)
02-13 21:15:15.427   700   937 D pseudo  : mtk_gps_sys_nmea_output_to_app: len:54, mnl_sys_rec_set_created_bitmask: 0x00000000, 0, 0, 0
02-13 21:15:15.428   700   937 D pseudo  : mtk_gps_sys_nmea_output_to_app: len:59, MNL offload is disable, do not create OFL dbg thread (7).
02-13 21:15:15.428   700   937 D pseudo  : mtk_gps_sys_nmea_output_to_app: len:59, MNL offload is disable, do not create OFL out thread (6).
02-13 21:15:15.429   700   937 D pseudo  : mtk_gps_sys_nmea_output_to_app: len:54, mnl_sys_rec_set_created_bitmask: 0x00000000, 0, 3, 0
02-13 21:15:15.429   700   937 D pseudo  : mtk_gps_sys_nmea_output_to_app: len:21,  Agent epo init OK 
02-13 21:15:15.430   700 28655 D pseudo  : mtk_gps_sys_nmea_output_to_app: len:30, thread mnl create : EC903970
02-13 21:15:15.430  9930 10531 D GnssLocationProvider: setRequest ProviderRequest[OFF]
02-13 21:15:15.431   700   937 D pseudo  : mtk_gps_sys_nmea_output_to_app: len:54, mnl_sys_rec_set_created_bitmask: 0x00000000, 0, 4, 0
02-13 21:15:15.431   700   937 D gps_controlller: linux_gps_init: Status (18) 
02-13 21:15:15.431   700   937 D mpe     : mnl_mpe_thread_init: mpe enabled
02-13 21:15:15.431   700   937 D mpe     : mnl_mpe_thread_init: register mpe cb 0,gMpeCallBackFunc= 0xb4070c71,mtk_gps_mnl_trigger_mpe=0xb4070c71
02-13 21:15:15.432   700   937 D gps_controlller: linux_gps_init: dsp port (/dev/stpgps),nmea port (UseCallback),nmea dbg port (/dev/ttygserial),dbg_file_name (/mnt/sdcard/mtklog/connsyslog/gpshost/GPS_HOST),DebugType (16),nv_file_name (/data/vendor/gps/mtkgps.dat), mtk_gps_log_hide:0
02-13 21:15:15.432   700   937 D gps_controlller: linux_gps_init: sent CMD_SIB8_16_ENABLE to mnl, sib8_16_enable = 1 ,ret = 0
02-13 21:15:15.433   700   937 D gps_controlller: linux_gps_init: sent enable_debug2app to mnl, enable_debug2app = 0 ,ret = 0
02-13 21:15:15.434  9930 10531 D MtkLocationExt: Stop Gnss debug report
02-13 21:15:15.434  9930  9930 V SensorManager: unRegisterListener by com.android.server.location.OppoMotionDetector$1
02-13 21:15:15.434  9930  9930 W SensorService: SensorEventConnection sensor handle=1, package = com.android.server.location.OppoMotionDetector disable
02-13 21:15:15.434  9930 10531 D MtkLocationExt: Gnss debug service has not yet connected
02-13 21:15:15.434  9930  9930 D SensorService: recordConnection in disable
02-13 21:15:15.434  9930  9930 D SensorService: SensorDevice::activate: ident=0x72d5543800, handle=0x00000001, enabled=0, count=1
02-13 21:15:15.434  9930  9930 D SensorService: disable index=0
02-13 21:15:15.435  9930  9930 D SensorService: SensorDevice::checkForIdent info.numActiveClients()=1, ident=0x72d5543800, handle=1, eanble=0, isFusion=0
02-13 21:15:15.435  9930  9930 D SensorService: SensorDevice::checkForIdent, ident=0x72d5543800 info.mIdentCount=1
02-13 21:15:15.435  9930  9930 D SensorService: 	>>> actuating h/w activate ident = 0x72d5543800, handle=1 enabled=0
02-13 21:15:15.435  9930 10531 D LocationManagerService: stopGnssDebugReport = false
02-13 21:15:15.435 28711 28711 E SensorContext: activate, handle = 0, index = 0
02-13 21:15:15.435 28711 28711 I Accelerometer: enable: handle:0, en:0
02-13 21:15:15.436   700   937 D gps_controlller: linux_gps_init: sent MTK_PARAM_CMD_LPPE_ENABLE to mnl, lppe_enable = 1 ,ret = 0
02-13 21:15:15.434   700 28656 D pseudo  : mtk_gps_sys_nmea_output_to_app: len:31,  Agent tread created:EC805970
02-13 21:15:15.437   700 28656 D pseudo  : mtk_gps_sys_nmea_output_to_app: len:17,  Agent init OK 
02-13 21:15:15.438   700 28654 D pseudo  : mtk_gps_sys_nmea_output_to_app: len:32, thread_dsp_input_func:ECA01970
02-13 21:15:15.439  9930  9930 D SensorService: reset the mRecentEvent handle = 1
02-13 21:15:15.439  9930  9930 D SensorService: disable reset the lastEvent handle = 1 in disable
02-13 21:15:15.439  9930 10531 I GnssLocationProvider: WakeLock released by handleMessage(SET_REQUEST, 0, com.android.server.location.GnssLocationProvider$GpsRequest@dda84)
02-13 21:15:15.439  9930  9930 D SensorService: ~SensorEventConnection(0x72d5543800)
02-13 21:15:15.439  9930  9930 D SensorService: 4 active sensors
02-13 21:15:15.439  9930  9930 D SensorService: removing connection 0x72d5543800 for sensor[0].handle=0x00000005
02-13 21:15:15.439  9930  9930 D SensorService: removing connection 0x72d5543800 for sensor[1].handle=0x00000011
02-13 21:15:15.439  9930  9930 D SensorService: removing connection 0x72d5543800 for sensor[2].handle=0x00000016
02-13 21:15:15.439  9930  9930 D SensorService: removing connection 0x72d5543800 for sensor[3].handle=0x0000001b
02-13 21:15:15.442   700   937 D gps_controlller: mnld_gps_start: mnld_gps_start() success
02-13 21:15:15.443   700   937 D gps_controlller: gps_control_thread: gps_control_thread wait
02-13 21:15:15.452 10372 10394 W DCS     : Record event failed. DCS reject event: [appId=20120,logTag=20089,eventId=sensor_record] . Pls check server config.
02-13 21:15:15.517  9930 10030 D SensorService: dropping 1 events 
02-13 21:15:15.619  9930 10063 E         : Unknown name for ifindex 1011 with more than 316790 bytes of traffic
02-13 21:15:15.637  9930 10063 E         : Unknown name for ifindex 1011 with more than 316790 bytes of traffic
02-13 21:15:15.642  9930 10030 D SensorService: dropping 1 events 
02-13 21:15:15.650 10769 14666 I NearbyDiscovery: (REDACTED) BloomFilterAdvManager: Detected bloom filter but too far away, ignoring. %sm, %s
02-13 21:15:15.674   700 28655 D pseudo  : mtk_gps_sys_nmea_output_to_app: len:17, $PMTK010,001*2E
02-13 21:15:15.674   761   774 D agps    : [agps][n][AGPS] [MNL] read  pmtk=[$PMTK764,0,0,0,3,0,128,4,128,5,128,1*23
02-13 21:15:15.674   761   774 D agps    : ]
02-13 21:15:15.674   761   774 D agps    : [agps][n][AGPS] gnss_num=3
02-13 21:15:15.675   761   774 D agps    : [agps][n][CP] [MD_1] write  pmtk [$PMTK764,0,0,0,3,0,128,4,128,5,128,1*23
02-13 21:15:15.675   761   774 D agps    : ]
02-13 21:15:15.681   761   774 D agps    : [agps][n][AGPS] [MNL] write  pmtk  [$PMTK680,1,FFFFF00C*08
02-13 21:15:15.681   761   774 D agps    :  ]
02-13 21:15:15.699   700   940 W mtknav  : mnld_mtknav_download: mtknav has been downloaded today
02-13 21:15:15.701   700 28655 D pseudo  : mtk_gps_sys_nmea_output_to_mnld: received 1054 bytes:
02-13 21:15:15.704   700 28655 D pseudo  : mtk_gps_sys_nmea_output_to_app: len:1054, [NMEA]$GNGGA,141514.01...
