02-13 21:14:45.360   761   774 D agps    : Xed[V_8;|(7C0x)+x^Sm=;hQcPN=WI;=9E`C3bQ4I=5+2832#+;2$5=8=-2LG1CL-5`X:5d.!~!&)/.*!}!&$~#$!((pA$&`.! pSE5`-hj
02-13 21:14:45.378  9930 10048 E InputReader: isBtnTouch is true need to clear slots
02-13 21:14:45.378  9930 10048 I PowerWrap: PowerHal_TouchBoost
02-13 21:14:45.391  9930 10030 D SensorService: dropping 1 events 
02-13 21:14:45.396 22645 22645 W Choreographer: Frame time is 3.957711 ms in the future!  Check that graphics HAL is generating vsync timestamps using the correct timebase.
02-13 21:14:45.399 27674 27674 W Choreographer: Frame time is 0.651403 ms in the future!  Check that graphics HAL is generating vsync timestamps using the correct timebase.
02-13 21:14:45.405 22645 22645 W Choreographer: Frame time is 6.542247 ms in the future!  Check that graphics HAL is generating vsync timestamps using the correct timebase.
02-13 21:14:45.413 22645 22645 W Choreographer: Frame time is 15.460956 ms in the future!  Check that graphics HAL is generating vsync timestamps using the correct timebase.
02-13 21:14:45.429 22645 22645 W Choreographer: Frame time is 16.03853 ms in the future!  Check that graphics HAL is generating vsync timestamps using the correct timebase.
02-13 21:14:45.434 27674 27674 W TabLayout: MODE_SCROLLABLE + GRAVITY_FILL is not supported, GRAVITY_START will be used instead
02-13 21:14:45.446 22645 22645 W Choreographer: Frame time is 15.702383 ms in the future!  Check that graphics HAL is generating vsync timestamps using the correct timebase.
02-13 21:14:45.462 22645 22645 W Choreographer: Frame time is 16.14129 ms in the future!  Check that graphics HAL is generating vsync timestamps using the correct timebase.
02-13 21:14:45.473 10422 24922 I SpellCheckerSession: SpellCheckerSession.onClose():410 com.google.android.keyboard.client.delight5.LanguageIdentifier@d63c3d0 is closed
02-13 21:14:45.487 27674 27674 I Choreographer: Skipped 5 frames!  The application may be doing too much work on its main thread.
02-13 21:14:45.493 22645 22645 W Choreographer: Frame time is 2.568547 ms in the future!  Check that graphics HAL is generating vsync timestamps using the correct timebase.
02-13 21:14:45.514  9930 10531 E FastNetworkLocation: location time is older!!
02-13 21:14:45.514  9930 10531 D LocationManagerService: incoming location from: network
02-13 21:14:45.515  9930 10531 D LocationManagerService: incoming location from: network
02-13 21:14:45.517  9930 10030 D SensorService: dropping 1 events 
02-13 21:14:45.525   761   774 D agps    : Xed[V_8;|(7C0x)+x\HWcp=;h[Zi=R7&%D`L;2$5=8=-2LG1C`L-5q.!~!&)/.*uL:5d.!&$~#$!((pA$&`.! pA-@q-xx~~     yiSBDG5(b.yO5AFp-pN:<m.qS83ABAo-y
02-13 21:14:45.525   761   774 D agps    : Xed[V_8;|(7C0x)+x^Sm=;hQcPN=WI;=9E`C3bQ4I=5+2832#+;2$5=8=-2LG1CL-5`X:5d.!~!&)/.*!}!&$~#$!((pA$&`.! pSE5`-hj
02-13 21:14:45.534  9930 10063 E         : Unknown name for ifindex 1011 with more than 316790 bytes of traffic
02-13 21:14:45.539  9930 10063 E         : Unknown name for ifindex 1011 with more than 316790 bytes of traffic
02-13 21:14:45.642  9930 10030 D SensorService: dropping 1 events 
02-13 21:14:45.686   751 14905 E lsc_nvram: [do_mkdir] fail to mkdir [/sdcard/shading_otp]: 13[Permission denied] (do_mkdir){#65:vendor/mediatek/proprietary/hardware/mtkcam/aaa/source/mt6765/lsc_mgr/LscUtil.h}
02-13 21:14:45.766  9930 10030 D SensorService: dropping 1 events 
02-13 21:14:45.775 10769 14666 I NearbyDiscovery: (REDACTED) BloomFilterAdvManager: Detected bloom filter but too far away, ignoring. %sm, %s
02-13 21:14:45.808 27674 27674 W StaticLayout: maxLineHeight should not be -1.  maxLines:1 lineCount:1
02-13 21:14:45.865 27674 27674 W StaticLayout: maxLineHeight should not be -1.  maxLines:1 lineCount:1
02-13 21:14:45.892  9930 10030 D SensorService: dropping 1 events 
02-13 21:14:46.016 28711 28711 I Light   : [LIGHT]:light = 10.000000 timestamp=5644820305613318
02-13 21:14:46.017  9930 10030 D SensorService: dropping 1 events 
02-13 21:14:46.133 27674 27674 W StaticLayout: maxLineHeight should not be -1.  maxLines:1 lineCount:1
02-13 21:14:46.142  9930 10030 D SensorService: dropping 1 events 
02-13 21:14:46.186 27674 27674 W StaticLayout: maxLineHeight should not be -1.  maxLines:1 lineCount:1
02-13 21:14:46.198 27674 27674 D View    : [ANR Warning]onMeasure time too long, this =crc645d80431ce5f73f11.MauiRecyclerView_3{1a571a2 VFED..... ......ID 32,462-689,462}time =623 ms
02-13 21:14:46.198 27674 27674 D View    : [ANR Warning]onMeasure time too long, this =crc6452ffdc5b34af3a0f.LayoutViewGroup{cde60 V.E...... ......ID 0,796-720,1415}time =679 ms
02-13 21:14:46.198 27674 27674 D View    : [ANR Warning]onMeasure time too long, this =crc6452ffdc5b34af3a0f.LayoutViewGroup{251b5b V.E...... ......ID 0,0-720,1415}time =682 ms
02-13 21:14:46.199 27674 27674 D View    : [ANR Warning]onMeasure time too long, this =crc6452ffdc5b34af3a0f.ContentViewGroup{9a77cd6 V.E...... ......ID 0,0-720,1415}time =683 ms
02-13 21:14:46.199 27674 27674 D View    : [ANR Warning]onMeasure time too long, this =crc6452ffdc5b34af3a0f.MauiScrollView{54bd65e VFEDHV... ......ID 0,0-720,1312}time =683 ms
02-13 21:14:46.199 27674 27674 D View    : [ANR Warning]onMeasure time too long, this =crc6452ffdc5b34af3a0f.ContentViewGroup{2f632e3 V.E...... ......ID 0,0-720,1312}time =684 ms
02-13 21:14:46.199 27674 27674 D View    : [ANR Warning]onMeasure time too long, this =crc640ec207abc449b2ca.ShellPageContainer{a8d8e41 V.E...... ......ID 0,0-0,0}time =684 ms
02-13 21:14:46.199 27674 27674 D View    : [ANR Warning]onMeasure time too long, this =android.widget.FrameLayout{a11eb85 V.E...... ......ID 0,0-0,0 #3a}time =684 ms
02-13 21:14:46.235 27674 27674 D View    : [ANR Warning]onLayout time too long, this =androidx.viewpager2.widget.ViewPager2$RecyclerViewImpl{5553b7e VFED..... ......ID 0,0-720,1312 #38}time =735 ms
02-13 21:14:46.236 27674 27674 D View    : [ANR Warning]onLayout time too long, this =androidx.viewpager2.widget.ViewPager2{101ee2d V.E...... ......ID 0,0-720,1312 #39}time =737 ms
02-13 21:14:46.236 27674 27674 D View    : [ANR Warning]onLayout time too long, this =androidx.coordinatorlayout.widget.CoordinatorLayout{eed538b V.E...... ......ID 0,0-720,1312}time =738 ms
02-13 21:14:46.236 27674 27674 D View    : [ANR Warning]onLayout time too long, this =android.widget.FrameLayout{d2b61c4 V.E...... ......ID 0,0-720,1312 #2}time =738 ms
02-13 21:14:46.236 27674 27674 D View    : [ANR Warning]onLayout time too long, this =android.widget.LinearLayout{ff824d7 V.E...... ......ID 0,0-720,1438}time =738 ms
02-13 21:14:46.236 27674 27674 D View    : [ANR Warning]onLayout time too long, this =crc640ec207abc449b2ca.CustomFrameLayout{2cac4e9 V.E...... ......ID 0,0-720,1438 #1}time =738 ms
02-13 21:14:46.236 27674 27674 D View    : [ANR Warning]onLayout time too long, this =crc640ec207abc449b2ca.ShellFlyoutRenderer{cfa1fb3 VFE...... ......ID 0,0-720,1438}time =738 ms
02-13 21:14:46.236 27674 27674 D View    : [ANR Warning]onLayout time too long, this =crc6452ffdc5b34af3a0f.ContainerView{89a7922 V.E...... ......ID 0,0-720,1438}time =738 ms
02-13 21:14:46.236 27674 27674 D View    : [ANR Warning]onLayout time too long, this =androidx.appcompat.widget.ContentFrameLayout{ddbd1e3 V.E...... ......ID 0,0-720,1438 #1020002 android:id/content}time =738 ms
02-13 21:14:46.236 27674 27674 D View    : [ANR Warning]onLayout time too long, this =androidx.appcompat.widget.FitWindowsFrameLayout{91db7e0 V.E...... ......ID 0,0-720,1438 #7f080036 app:id/action_bar_root}time =738 ms
02-13 21:14:46.236 27674 27674 D View    : [ANR Warning]onLayout time too long, this =android.widget.FrameLayout{6edba99 V.E...... ......ID 0,63-720,1501}time =738 ms
02-13 21:14:46.236 27674 27674 D View    : [ANR Warning]onLayout time too long, this =android.widget.LinearLayout{d69415e V.E...... ......ID 0,0-720,1501}time =738 ms
02-13 21:14:46.237 27674 27674 D View    : [ANR Warning]onLayout time too long, this =DecorView@55e9562[MainActivity]time =739 ms
02-13 21:14:46.250 27674 28004 D MMListParser: +++initMMListConfigFile gInitDone 1
02-13 21:14:46.251 27674 28004 D IAtlas  : IAtlas::init CallingPid 27674
02-13 21:14:46.253 27674 28004 D IAtlas  : IAtlas::init this 0x72ccc248a0
02-13 21:14:46.258 27674 28004 D MMListParser: +++initMMListConfigFile gInitDone 1
02-13 21:14:46.259 27674 28004 D IAtlas  : IAtlas::init CallingPid 27674
02-13 21:14:46.260 27674 28004 D IAtlas  : IAtlas::init this 0x72ccc248a0
02-13 21:14:46.262 27674 28004 D skia    : SkJpegCodec::onGetPixels fEnTdshp 0 fISOSpeedRatings -1!
02-13 21:14:46.267  9930 10030 D SensorService: dropping 1 events 
02-13 21:14:46.277 27674 28004 D MMListParser: +++initMMListConfigFile gInitDone 1
02-13 21:14:46.277 27674 28004 D IAtlas  : IAtlas::init CallingPid 27674
02-13 21:14:46.279 27674 28004 D IAtlas  : IAtlas::init this 0x72ccc24910
02-13 21:14:46.282 27674 28004 D MMListParser: +++initMMListConfigFile gInitDone 1
02-13 21:14:46.283 27674 28004 D IAtlas  : IAtlas::init CallingPid 27674
02-13 21:14:46.285 27674 28004 D IAtlas  : IAtlas::init this 0x72ccc248a0
02-13 21:14:46.286 27674 28004 D skia    : SkJpegCodec::onGetPixels + (408, 544)
02-13 21:14:46.286 27674 28004 D skia    : SkJpegCodec::onGetPixels fEnTdshp 0 fISOSpeedRatings -1!
02-13 21:14:46.292 27674 28004 D skia    : SkJpegCodec::onGetPixels -
02-13 21:14:46.309 27674 28004 D MMListParser: +++initMMListConfigFile gInitDone 1
02-13 21:14:46.310 27674 28004 D IAtlas  : IAtlas::init CallingPid 27674
02-13 21:14:46.311 27674 28004 D IAtlas  : IAtlas::init this 0x72ccc248a0
02-13 21:14:46.314 27674 28004 D MMListParser: +++initMMListConfigFile gInitDone 1
02-13 21:14:46.315 27674 28004 D IAtlas  : IAtlas::init CallingPid 27674
02-13 21:14:46.317 27674 28004 D IAtlas  : IAtlas::init this 0x72ccc24ad0
02-13 21:14:46.319 27674 28004 D skia    : SkJpegCodec::onGetPixels + (408, 544)
02-13 21:14:46.319 27674 28004 D skia    : SkJpegCodec::onGetPixels fEnTdshp 0 fISOSpeedRatings -1!
02-13 21:14:46.324 27674 28004 D skia    : SkJpegCodec::onGetPixels -
02-13 21:14:46.342 27674 28004 D MMListParser: +++initMMListConfigFile gInitDone 1
02-13 21:14:46.342 27674 28004 D IAtlas  : IAtlas::init CallingPid 27674
02-13 21:14:46.344 27674 28004 D IAtlas  : IAtlas::init this 0x72d5ed7e90
02-13 21:14:46.347 27674 28004 D MMListParser: +++initMMListConfigFile gInitDone 1
02-13 21:14:46.348 27674 28004 D IAtlas  : IAtlas::init CallingPid 27674
02-13 21:14:46.350 27674 28004 D IAtlas  : IAtlas::init this 0x72d4ff48a0
02-13 21:14:46.351 27674 28004 D skia    : SkJpegCodec::onGetPixels fEnTdshp 0 fISOSpeedRatings -1!
02-13 21:14:46.362 27674 28004 D MMListParser: +++initMMListConfigFile gInitDone 1
02-13 21:14:46.362 27674 28004 D IAtlas  : IAtlas::init CallingPid 27674
02-13 21:14:46.363 27674 28004 D IAtlas  : IAtlas::init this 0x72d5ed7e90
02-13 21:14:46.366 27674 28004 D MMListParser: +++initMMListConfigFile gInitDone 1
02-13 21:14:46.367 27674 28004 D IAtlas  : IAtlas::init CallingPid 27674
02-13 21:14:46.369 27674 28004 D IAtlas  : IAtlas::init this 0x72d5ed7e90
02-13 21:14:46.370 27674 28004 D skia    : SkJpegCodec::onGetPixels fEnTdshp 0 fISOSpeedRatings -1!
02-13 21:14:46.382 27674 28004 D MMListParser: +++initMMListConfigFile gInitDone 1
02-13 21:14:46.383 27674 28004 D IAtlas  : IAtlas::init CallingPid 27674
02-13 21:14:46.384 27674 28004 D IAtlas  : IAtlas::init this 0x72d4ff48a0
02-13 21:14:46.387 27674 27726 I OpenGLRenderer: Davey! duration=988ms; Flags=0, IntendedVsync=780579798539662, Vsync=780579881665177, OldestInputEvent=9223372036854775807, NewestInputEvent=0, HandleInputStart=780579887228047, AnimationStart=780579887282739, PerformTraversalsStart=780579887585508, DrawStart=780580645732277, SyncQueued=780580716971585, SyncStart=780580717166739, IssueDrawCommandsStart=780580722771431, SwapBuffers=780580784186662, FrameCompleted=780580786734970, DequeueBufferDuration=718000, QueueBufferDuration=1170000, 
02-13 21:14:46.388 27674 28004 D MMListParser: +++initMMListConfigFile gInitDone 1
02-13 21:14:46.389 27674 28004 D IAtlas  : IAtlas::init CallingPid 27674
02-13 21:14:46.390 27674 28004 D IAtlas  : IAtlas::init this 0x72d4ff48a0
02-13 21:14:46.390 22645 22645 W Choreographer: Frame time is 6.704889 ms in the future!  Check that graphics HAL is generating vsync timestamps using the correct timebase.
02-13 21:14:46.391 27674 28004 D skia    : SkJpegCodec::onGetPixels fEnTdshp 0 fISOSpeedRatings -1!
02-13 21:14:46.391  9930 10030 D SensorService: dropping 1 events 
02-13 21:14:46.397 27674 27674 I Choreographer: Skipped 53 frames!  The application may be doing too much work on its main thread.
02-13 21:14:46.399 11132 12551 I QUALITY-TOTAL: exp: skip
02-13 21:14:46.404 22645 22645 W Choreographer: Frame time is 7.015714 ms in the future!  Check that graphics HAL is generating vsync timestamps using the correct timebase.
02-13 21:14:46.404 27674 27674 W Choreographer: Frame time is 7.019022 ms in the future!  Check that graphics HAL is generating vsync timestamps using the correct timebase.
02-13 21:14:46.408 11132 12551 E PerformanceUtils: /sys/devices/system/cpu/cpufreq/policy6/freq_change_info doesn't exist
02-13 21:14:46.408 11132 12551 E PerformanceUtils: /sys/devices/system/cpu/cpufreq/policy0/freq_change_info doesn't exist
02-13 21:14:46.409 11132 12551 E PerformanceUtils: /sys/devices/system/cpu/avail doesn't exist
02-13 21:14:46.411 27674 28004 D MMListParser: +++initMMListConfigFile gInitDone 1
02-13 21:14:46.412 27674 28004 D IAtlas  : IAtlas::init CallingPid 27674
02-13 21:14:46.413 22645 22645 W Choreographer: Frame time is 15.348075 ms in the future!  Check that graphics HAL is generating vsync timestamps using the correct timebase.
02-13 21:14:46.413 27674 28004 D IAtlas  : IAtlas::init this 0x72d4ff0b60
02-13 21:14:46.417 27674 27726 I OpenGLRenderer: Davey! duration=904ms; Flags=0, IntendedVsync=780579911500926, Vsync=780580792631385, OldestInputEvent=9223372036854775807, NewestInputEvent=0, HandleInputStart=780580797238431, AnimationStart=780580797275816, PerformTraversalsStart=780580797682431, DrawStart=780580798219585, SyncQueued=780580799077277, SyncStart=780580800385816, IssueDrawCommandsStart=780580801294431, SwapBuffers=780580814524508, FrameCompleted=780580817000739, DequeueBufferDuration=505000, QueueBufferDuration=1444000, 
02-13 21:14:46.419 27674 28004 D MMListParser: +++initMMListConfigFile gInitDone 1
02-13 21:14:46.419 27674 28004 D IAtlas  : IAtlas::init CallingPid 27674
02-13 21:14:46.420 27674 28004 D IAtlas  : IAtlas::init this 0x72d4ff0a80
02-13 21:14:46.420 27674 28004 D skia    : SkJpegCodec::onGetPixels + (408, 544)
02-13 21:14:46.421 27674 28004 D skia    : SkJpegCodec::onGetPixels fEnTdshp 0 fISOSpeedRatings -1!
02-13 21:14:46.427 27674 28004 D skia    : SkJpegCodec::onGetPixels -
02-13 21:14:46.429 22645 22645 W Choreographer: Frame time is 15.957196 ms in the future!  Check that graphics HAL is generating vsync timestamps using the correct timebase.
02-13 21:14:46.433 27674 27674 I Choreographer: Skipped 1 frames!  The application may be doing too much work on its main thread.
02-13 21:14:46.440 27674 28004 D MMListParser: +++initMMListConfigFile gInitDone 1
02-13 21:14:46.440 27674 28004 D IAtlas  : IAtlas::init CallingPid 27674
02-13 21:14:46.441 27674 28004 D IAtlas  : IAtlas::init this 0x72d4ff0b60
02-13 21:14:46.445 27674 28004 D MMListParser: +++initMMListConfigFile gInitDone 1
02-13 21:14:46.445 27674 28004 D IAtlas  : IAtlas::init CallingPid 27674
02-13 21:14:46.446 27674 28004 D IAtlas  : IAtlas::init this 0x72d4ff4c90
02-13 21:14:46.447 27674 28004 D skia    : SkJpegCodec::onGetPixels fEnTdshp 0 fISOSpeedRatings -1!
02-13 21:14:46.461 27674 27674 W StaticLayout: maxLineHeight should not be -1.  maxLines:1 lineCount:1
02-13 21:14:46.465 27674 28004 D MMListParser: +++initMMListConfigFile gInitDone 1
02-13 21:14:46.466 27674 28004 D IAtlas  : IAtlas::init CallingPid 27674
02-13 21:14:46.467 27674 28004 D IAtlas  : IAtlas::init this 0x72d4ff5080
02-13 21:14:46.469 27674 27674 W StaticLayout: maxLineHeight should not be -1.  maxLines:1 lineCount:1
02-13 21:14:46.469 27674 28004 D MMListParser: +++initMMListConfigFile gInitDone 1
02-13 21:14:46.470 27674 28004 D IAtlas  : IAtlas::init CallingPid 27674
02-13 21:14:46.470 27674 28004 D IAtlas  : IAtlas::init this 0x72d4ff52b0
02-13 21:14:46.471 27674 28004 D skia    : SkJpegCodec::onGetPixels fEnTdshp 0 fISOSpeedRatings -1!
02-13 21:14:46.484 27674 28004 D MMListParser: +++initMMListConfigFile gInitDone 1
02-13 21:14:46.484 27674 28004 D IAtlas  : IAtlas::init CallingPid 27674
02-13 21:14:46.485 27674 28004 D IAtlas  : IAtlas::init this 0x72ccc25080
02-13 21:14:46.488 27674 28004 D MMListParser: +++initMMListConfigFile gInitDone 1
02-13 21:14:46.488 27674 28004 D IAtlas  : IAtlas::init CallingPid 27674
02-13 21:14:46.489 27674 28004 D IAtlas  : IAtlas::init this 0x72ccc25160
02-13 21:14:46.490 27674 28004 D skia    : SkJpegCodec::onGetPixels fEnTdshp 0 fISOSpeedRatings -1!
02-13 21:14:46.497 11132 12085 D EAP_frame: skippedFrames : com.companyname.heristepai(27674), 54
02-13 21:14:46.499  9930 17783 E Process : get_ion_cache_memory: Unable to open /d/ion/heaps/system
02-13 21:14:46.503 27674 28004 D MMListParser: +++initMMListConfigFile gInitDone 1
02-13 21:14:46.503 27674 28004 D IAtlas  : IAtlas::init CallingPid 27674
02-13 21:14:46.504 27674 28004 D IAtlas  : IAtlas::init this 0x72ccc252b0
02-13 21:14:46.507 27674 28004 D MMListParser: +++initMMListConfigFile gInitDone 1
02-13 21:14:46.507 27674 27674 W StaticLayout: maxLineHeight should not be -1.  maxLines:1 lineCount:1
02-13 21:14:46.507 27674 28004 D IAtlas  : IAtlas::init CallingPid 27674
02-13 21:14:46.508 27674 28004 D IAtlas  : IAtlas::init this 0x72ccc25390
02-13 21:14:46.509 27674 28004 D skia    : SkJpegCodec::onGetPixels fEnTdshp 0 fISOSpeedRatings -1!
02-13 21:14:46.516 27674 27674 W StaticLayout: maxLineHeight should not be -1.  maxLines:1 lineCount:1
02-13 21:14:46.517  9930 10030 D SensorService: dropping 1 events 
02-13 21:14:46.522 27674 28004 D MMListParser: +++initMMListConfigFile gInitDone 1
02-13 21:14:46.523 27674 28004 D IAtlas  : IAtlas::init CallingPid 27674
02-13 21:14:46.524 27674 28004 D IAtlas  : IAtlas::init this 0x72ccc25470
02-13 21:14:46.525 10372 10394 W DCS     : Record event failed. DCS reject event: [appId=20089,logTag=20089,eventId=performance_frame] . Pls check server config.
02-13 21:14:46.527 27674 28004 D MMListParser: +++initMMListConfigFile gInitDone 1
02-13 21:14:46.527 27674 28004 D IAtlas  : IAtlas::init CallingPid 27674
02-13 21:14:46.528 27674 28004 D IAtlas  : IAtlas::init this 0x72ccc25470
02-13 21:14:46.529 27674 28004 D skia    : SkJpegCodec::onGetPixels fEnTdshp 0 fISOSpeedRatings -1!
02-13 21:14:46.530  9930 17352 D ActivityManager: detectExceptionsForOIDT type:2
02-13 21:14:46.531  9930 17352 E Process : get_ion_cache_memory: Unable to open /d/ion/heaps/system
02-13 21:14:46.539 27674 28004 D MMListParser: +++initMMListConfigFile gInitDone 1
02-13 21:14:46.540 27674 28004 D IAtlas  : IAtlas::init CallingPid 27674
02-13 21:14:46.541 27674 28004 D IAtlas  : IAtlas::init this 0x72ccc256a0
02-13 21:14:46.544 27674 28004 D MMListParser: +++initMMListConfigFile gInitDone 1
02-13 21:14:46.544 27674 28004 D IAtlas  : IAtlas::init CallingPid 27674
02-13 21:14:46.545  9930 10063 E         : Unknown name for ifindex 1011 with more than 316790 bytes of traffic
02-13 21:14:46.549 27674 28004 D IAtlas  : IAtlas::init this 0x72ccc25780
02-13 21:14:46.550 27674 28004 D skia    : SkJpegCodec::onGetPixels fEnTdshp 0 fISOSpeedRatings -1!
02-13 21:14:46.550  9930 10063 E         : Unknown name for ifindex 1011 with more than 316790 bytes of traffic
02-13 21:14:46.559 27674 28004 D MMListParser: +++initMMListConfigFile gInitDone 1
02-13 21:14:46.559 27674 28004 D IAtlas  : IAtlas::init CallingPid 27674
02-13 21:14:46.561 27674 28004 D IAtlas  : IAtlas::init this 0x72ccc25780
02-13 21:14:46.563 27674 28004 D MMListParser: +++initMMListConfigFile gInitDone 1
02-13 21:14:46.564 27674 28004 D IAtlas  : IAtlas::init CallingPid 27674
02-13 21:14:46.564 27674 28004 D IAtlas  : IAtlas::init this 0x72ccc25780
02-13 21:14:46.565 27674 28004 D skia    : SkJpegCodec::onGetPixels fEnTdshp 0 fISOSpeedRatings -1!
02-13 21:14:46.570  9930 17352 D OppoManager: send on stamp success
02-13 21:14:46.570  9930 10106 V OppoStampEventRecorder: id : 020101 is true
02-13 21:14:46.575  9930 10106 V OppoStampEventRecorder: onStamp id : 020101
02-13 21:14:46.576 27674 28004 D MMListParser: +++initMMListConfigFile gInitDone 1
02-13 21:14:46.576 27674 28004 D IAtlas  : IAtlas::init CallingPid 27674
02-13 21:14:46.577 27674 28004 D IAtlas  : IAtlas::init this 0x72ccc25780
02-13 21:14:46.580 27674 28004 D MMListParser: +++initMMListConfigFile gInitDone 1
02-13 21:14:46.581 27674 28004 D IAtlas  : IAtlas::init CallingPid 27674
02-13 21:14:46.582 27674 28004 D IAtlas  : IAtlas::init this 0x72ccc25780
02-13 21:14:46.583 27674 28004 D skia    : SkJpegCodec::onGetPixels fEnTdshp 0 fISOSpeedRatings -1!
02-13 21:14:46.606 27674 27674 I Choreographer: Skipped 8 frames!  The application may be doing too much work on its main thread.
02-13 21:14:46.642  9930 10030 D SensorService: dropping 1 events 
02-13 21:14:46.642 27674 27674 I Choreographer: Skipped 1 frames!  The application may be doing too much work on its main thread.
02-13 21:14:46.654 22645 22645 W Choreographer: Frame time is 6.676976 ms in the future!  Check that graphics HAL is generating vsync timestamps using the correct timebase.
02-13 21:14:46.661 11132 27658 E QualityProtectUpload: sys/devices/system/cpu/cpufreq/policy6/scaling_max_freq doesn't exist
02-13 21:14:46.679 27674 27674 I Choreographer: Skipped 2 frames!  The application may be doing too much work on its main thread.
02-13 21:14:46.687   751 14905 E lsc_nvram: [do_mkdir] fail to mkdir [/sdcard/shading_otp]: 13[Permission denied] (do_mkdir){#65:vendor/mediatek/proprietary/hardware/mtkcam/aaa/source/mt6765/lsc_mgr/LscUtil.h}
02-13 21:14:46.697 11132 27658 E QualityProtectUpload: /sys/devices/system/cpu/cpufreq/policy6/freq_change_info doesn't exist
02-13 21:14:46.697 11132 27658 E QualityProtectUpload: /sys/devices/system/cpu/cpufreq/policy0/freq_change_info doesn't exist
02-13 21:14:46.697 11132 27658 E QualityProtectUpload: /sys/devices/system/cpu/avail doesn't exist
02-13 21:14:46.711 10372 10394 W DCS     : Record event failed. DCS reject event: [appId=20161,logTag=2016101,eventId=exceptionrecord] . Pls check server config.
02-13 21:14:46.721 10372 10394 W DCS     : Record event failed. DCS reject event: [appId=20161,logTag=2016101,eventId=exceptionrecord] . Pls check server config.
02-13 21:14:46.745 27674 27674 I Choreographer: Skipped 3 frames!  The application may be doing too much work on its main thread.
02-13 21:14:46.766  9930 10030 D SensorService: dropping 1 events 
02-13 21:14:46.818 22645 22645 W Choreographer: Frame time is 9.20906 ms in the future!  Check that graphics HAL is generating vsync timestamps using the correct timebase.
02-13 21:14:46.892  9930 10030 D SensorService: dropping 1 events 
02-13 21:14:47.017  9930 10030 D SensorService: dropping 1 events 
02-13 21:14:47.095  9930 10064 E WifiVendorHal: getWifiLinkLayerStats(l.947) failed {.code = ERROR_NOT_SUPPORTED, .description = }
02-13 21:14:47.099  9930 10064 E         : Unknown name for ifindex 1011 with more than 316790 bytes of traffic
02-13 21:14:47.120  9930 10064 E         : Unknown name for ifindex 1011 with more than 316790 bytes of traffic
02-13 21:14:47.142  9930 10030 D SensorService: dropping 1 events 
02-13 21:14:47.201 10769 14666 I NearbyDiscovery: (REDACTED) BloomFilterAdvManager: Detected bloom filter but too far away, ignoring. %sm, %s
02-13 21:14:47.266 28711 28711 I Light   : [LIGHT]:light = 10.000000 timestamp=5644821555798011
02-13 21:14:47.267  9930 10030 D SensorService: dropping 1 events 
02-13 21:14:47.392  9930 10030 D SensorService: dropping 1 events 
02-13 21:14:47.410 10769 14666 I NearbyDiscovery: (REDACTED) BloomFilterAdvManager: Detected bloom filter but too far away, ignoring. %sm, %s
02-13 21:14:47.517  9930 10030 D SensorService: dropping 1 events 
02-13 21:14:47.558  9930 10063 E         : Unknown name for ifindex 1011 with more than 316790 bytes of traffic
02-13 21:14:47.579  9930 10063 E         : Unknown name for ifindex 1011 with more than 316790 bytes of traffic
02-13 21:14:47.642  9930 10030 D SensorService: dropping 1 events 
02-13 21:14:47.688   751 14905 E lsc_nvram: [do_mkdir] fail to mkdir [/sdcard/shading_otp]: 13[Permission denied] (do_mkdir){#65:vendor/mediatek/proprietary/hardware/mtkcam/aaa/source/mt6765/lsc_mgr/LscUtil.h}
02-13 21:14:47.767  9930 10030 D SensorService: dropping 1 events 
02-13 21:14:47.893  9930 10030 D SensorService: dropping 1 events 
02-13 21:14:47.903 22645 22645 W Choreographer: Frame time is 6.727058 ms in the future!  Check that graphics HAL is generating vsync timestamps using the correct timebase.
02-13 21:14:48.013 10769 14666 I NearbyDiscovery: (REDACTED) BloomFilterAdvManager: Detected bloom filter but too far away, ignoring. %sm, %s
02-13 21:14:48.016  9930 10030 D SensorService: dropping 1 events 
02-13 21:14:48.142  9930 10030 I chatty  : uid=1000(system) SensorService identical 1 line
02-13 21:14:48.267  9930 10030 D SensorService: dropping 1 events 
02-13 21:14:48.284 22645 22653 W System  : A resource failed to call end. 
02-13 21:14:48.285 22645 22653 I chatty  : uid=10125(com.zing.zalo) FinalizerDaemon identical 10 lines
02-13 21:14:48.285 22645 22653 W System  : A resource failed to call end. 
02-13 21:14:48.392  9930 10030 D SensorService: dropping 1 events 
02-13 21:14:48.517 28711 28716 I Light   : [LIGHT]:light = 10.000000 timestamp=5644822805963472
02-13 21:14:48.517  9930 10030 D SensorService: dropping 1 events 
02-13 21:14:48.600  9930 10063 E         : Unknown name for ifindex 1011 with more than 316790 bytes of traffic
02-13 21:14:48.621  9930 10063 E         : Unknown name for ifindex 1011 with more than 316790 bytes of traffic
02-13 21:14:48.625 10769 14666 I NearbyDiscovery: (REDACTED) BloomFilterAdvManager: Detected invalid bloom filter, %s
02-13 21:14:48.642  9930 10030 D SensorService: dropping 1 events 
02-13 21:14:48.689   751 14905 E lsc_nvram: [do_mkdir] fail to mkdir [/sdcard/shading_otp]: 13[Permission denied] (do_mkdir){#65:vendor/mediatek/proprietary/hardware/mtkcam/aaa/source/mt6765/lsc_mgr/LscUtil.h}
02-13 21:14:48.767  9930 10030 D SensorService: dropping 1 events 
02-13 21:14:48.892  9930 10030 I chatty  : uid=1000(system) SensorService identical 1 line
02-13 21:14:49.017  9930 10030 D SensorService: dropping 1 events 
02-13 21:14:49.103 22565 22565 D BoundBrokerSvc: onUnbind: Intent { act=com.google.android.gms.measurement.START pkg=com.google.android.gms }
02-13 21:14:49.142  9930 10030 D SensorService: dropping 1 events 
02-13 21:14:49.267  9930 10030 I chatty  : uid=1000(system) SensorService identical 1 line
02-13 21:14:49.392  9930 10030 D SensorService: dropping 1 events 
02-13 21:14:49.474  9930 10064 D OppoHistoryRecordQueue: AP: 58:d3:12:f2:7f:27 is5G: true yearDay37: [42:6,0,0][45:5395,1,0,02][48:672,0,0][54:1652,1,0,06][57:6541,0,0][60:10701,8,0,07][63:3128,12,0,38][66:1973,11,0,55][69:86,1,1,15]
02-13 21:14:49.477  9930 10064 D OppoHistoryRecordQueue: AP: 58:d3:12:f2:7f:27 is5G: true yearDay38: [51:648,0,0][54:12680,6,0,05][57:7772,1,0,01][60:974,0,0][63:4699,11,0,23][66:273,0,0][69:57,0,0]
02-13 21:14:49.479  9930 10064 D OppoHistoryRecordQueue: AP: 58:d3:12:f2:7f:27 is5G: true yearDay39: [54:660,0,0][57:1461,2,0,14][60:9106,6,0,07][63:13181,7,0,05][66:1770,1,0,06][69:836,0,0][78:316,0,0]
02-13 21:14:49.482  9930 10064 D OppoHistoryRecordQueue: AP: 58:d3:12:f2:7f:27 is5G: true yearDay40: [51:323,0,0][54:2163,0,0][57:8204,4,0,05][60:9176,17,0,18][63:491,0,0]
02-13 21:14:49.484  9930 10064 D OppoHistoryRecordQueue: AP: 58:d3:12:f2:7f:27 is5G: true yearDay41: [42:134,0,0][45:1120,1,0,09][48:1162,0,0][51:27955,1,0][54:31583,11,0,03][57:50271,1,0][60:47884,2,0][63:19621,6,0,03][66:2809,1,0,04][69:1849,0,0][72:301,1,0,33][75:52,0,0][78:234,1,0,43][81:73,0,0][84:27,0,0]
02-13 21:14:49.487  9930 10064 D OppoHistoryRecordQueue: AP: 58:d3:12:f2:7f:27 is5G: true yearDay42: [39:3,0,0][42:313,0,0][45:917,0,0][48:332,0,0][51:3878,3,0,08][54:4945,4,0,08][57:9152,4,0,04][60:4366,0,0][63:4470,3,0,07][66:655,3,0,46][69:272,1,0,37][72:25,0,0][75:28,0,0]
02-13 21:14:49.490  9930 10064 D OppoHistoryRecordQueue: AP: 58:d3:12:f2:7f:27 is5G: true yearDay43: [42:142,0,0][48:6190,0,0][51:26336,0,0][54:38614,0,0][57:39977,7,0,02][60:27948,0,0][63:26186,0,0][66:18655,0,0][69:15052,0,0][72:4358,0,0][75:191,0,0][78:245,0,0]
02-13 21:14:49.517  9930 10030 D SensorService: dropping 1 events 
02-13 21:14:49.618  9930 16695 D LocationManagerService: request e98be30 gps Request[ACCURACY_FINE gps requested=0 fastest=0 lowPowerMode=false] from com.companyname.heristepai(10146 foreground)
02-13 21:14:49.621  9930 16695 I GnssLocationProvider: WakeLock acquired by sendMessage(SET_REQUEST, 0, com.android.server.location.GnssLocationProvider$GpsRequest@a1bcaa9)
02-13 21:14:49.621  9930 10531 D GnssLocationProvider: setRequest ProviderRequest[ON interval=0 lowPowerMode=false]
02-13 21:14:49.622  9930 10531 D GnssLocationProvider: GpsDebugConfig = 8
02-13 21:14:49.622  9930 10531 D GnssLocationProvider: startNavigating, singleShot is false setRequest: ProviderRequest[ON interval=0 lowPowerMode=false]
02-13 21:14:49.626 10437 10437 I LocationControllerImpl: onReceive action = android.location.GPS_WORKSOURCE_CHANGE, enabled = false, mIsFix = false, mPrivacy = false
02-13 21:14:49.629  9930 15069 D LocationManagerService: request e98be30 network Request[POWER_LOW network requested=0 fastest=0 lowPowerMode=false] from com.companyname.heristepai(10146 foreground)
02-13 21:14:49.630  9930  9930 V SensorManager: RegisterListener ACCELEROMETER type:1 delay:40000us by com.android.server.location.OppoMotionDetector$1
02-13 21:14:49.631  9930 10531 I GnssLocationProvider: WakeLock released by handleMessage(SET_REQUEST, 0, com.android.server.location.GnssLocationProvider$GpsRequest@a1bcaa9)
02-13 21:14:49.632 10437 10437 I LocationControllerImpl: hide GPS icon
02-13 21:14:49.632  9930  9930 W SensorService: SensorEventConnection sensor handle=1, package = com.android.server.location.OppoMotionDetector enable pid = 9930
02-13 21:14:49.632  9930  9930 D SensorService: FusionLight, opPackageName = android, samplingPeriodNs = 40000000
02-13 21:14:49.633  9930  9930 D SensorService: ice_debug_sensor, sensorType=1
02-13 21:14:49.634  9930  9930 D SensorService: Calling batch handle==1 flags=0rate=40000000 timeout== 0
02-13 21:14:49.634  9930  9930 D SensorService: SensorDevice::batch: ident=0x72ba572600, handle=0x00000001, flags=0, period_ns=40000000 timeout=0
02-13 21:14:49.634  9930  9930 D SensorService: 	>>> curr_period=9223372036854775807 min_period=40000000 curr_timeout=0 min_timeout=0
02-13 21:14:49.634  9930  9930 D SensorService: 	>>> actuating h/w BATCH 0x00000001 40000000 0
02-13 21:14:49.635 28711 28716 I Accelerometer: batch: handle:0, flag:0,samplingPeriodNs:40000000 maxBatchReportLatencyNs:0
02-13 21:14:49.636   700   948 D epo     : mtk_epo_is_expired: current time: 1770966889, current time:Fri Feb 13 14:14:49 2026
02-13 21:14:49.636   700   948 D epo     : mtk_epo_is_expired: EPO start time: 1770742800, EPO start time: Wed Feb 11 00:00:00 2026
02-13 21:14:49.636   700   948 D epo     : mtk_epo_is_expired: EPO file is valid, no need update
02-13 21:14:49.637   599  1921 I MtkGnssHAL_GnssInterface: updateWakelock: GNSS HAL Wakelock acquired due to gps: 1, fused: 0
02-13 21:14:49.637   700   937 W gps_controlller: gps_control_event_hdlr: mnld version: MTK_MNLD_5_7_0_18101201
02-13 21:14:49.637  9930  9930 D SensorService: recordConnection in enable
02-13 21:14:49.637  9930  9930 D SensorService: Calling activate on 1
02-13 21:14:49.637   700   937 D gps_controlller: mnld_gps_start_impl: gps_user=0x1
02-13 21:14:49.637  9930  9930 D SensorService: SensorDevice::activate: ident=0x72ba572600, handle=0x00000001, enabled=1, count=1
02-13 21:14:49.637   761   774 D agps    : [agps][n][AGPS] [MNL] read  set_position_mode  mode=0
02-13 21:14:49.637  9930  9930 D SensorService: enable index=0
02-13 21:14:49.637   700   937 D pseudo  : mtk_gps_sys_nmea_output_to_app: len:38, offload not enable, just save the mask
02-13 21:14:49.637  9930  9930 D SensorService: SensorDevice::checkForIdent info.numActiveClients()=1, ident=0x72ba572600, handle=1, eanble=1, isFusion=0
02-13 21:14:49.637   700   937 D pseudo  : mtk_gps_sys_init: nvram_init_val Ready
02-13 21:14:49.638  9930  9930 D SensorService: 	>>> actuating h/w activate ident = 0x72ba572600, handle=1 enabled=1
02-13 21:14:49.638   700   937 D NVRAM   : NVM_GetFileDesc: Open /mnt/vendor/nvdata/APCFG/APRDEB/GPS,LID:52
02-13 21:14:49.638   700   937 D NVRAM   : NVM_CmpFileVerNo 52  
02-13 21:14:49.638 28711 28716 E SensorContext: activate, handle = 0, index = 0
02-13 21:14:49.638 28711 28716 I Accelerometer: enable: handle:0, en:1
02-13 21:14:49.638   700   937 D NVRAM   : Load File Version: 000, NvRam File Version: 000
02-13 21:14:49.638   700   937 D NVRAM   : NVM_ProtectDataFile : 52 ++
02-13 21:14:49.638   700   937 D NVRAM   : iCustomBeginLID = 51
02-13 21:14:49.638   700   937 D NVRAM   : NVM_CheckFileSize:stat_size:54,size in table:52
02-13 21:14:49.639   700   937 D NVRAM   : NVM_CheckFile: File is correct!
02-13 21:14:49.639   700   937 D NVRAM   : NVM_ProtectUserData:Check Success
02-13 21:14:49.639   700   937 D NVRAM   : NVM_GetFileDesc ProtectDataFile Check Success!!
02-13 21:14:49.640   700   937 D NVRAM   : NVM_CloseFileDesc: Open by Readonly, no need to check when close
02-13 21:14:49.640   700   937 D gps_controlller: linux_gps_init: Other calibration,chip_id:0x6765
02-13 21:14:49.640   700   937 D gps_controlller: linux_gps_init: lseek calibration file for 93MD
02-13 21:14:49.641  9930 10030 D SensorService: dropping 1 events 
02-13 21:14:49.642  9930 10063 E         : Unknown name for ifindex 1011 with more than 316790 bytes of traffic
02-13 21:14:49.657  9930 10531 E FastNetworkLocation: location time is older!!
02-13 21:14:49.657  9930 10531 D LocationManagerService: incoming location from: network
02-13 21:14:49.663  9930 10531 D LocationManagerService: incoming location from: network
02-13 21:14:49.670   700   937 D gps_controlller: linux_gps_init: open dsp successfully
02-13 21:14:49.671   700   937 D gps_controlller: linux_gps_init: GPS coclock, buffer 2, coTMS
02-13 21:14:49.674  9930 15069 I LocationManagerService: remove e98be30
02-13 21:14:49.675   700   937 D gps_controlller: linux_gps_init: Get chip version type (0xffff6765) 
02-13 21:14:49.675   700   937 D gps_controlller: linux_gps_init: driver_cfg.ext offset=886, size=10, magic=0xaa55, ver=0x0101
02-13 21:14:49.675   700   937 D gps_controlller: linux_gps_init: u4Bitmap= 0, init_cfg.C0 = 1068269536,init_cfg.C1 = -1096850836,init_cfg.initU = -1168190839,init_cfg.lastU = 953267991,GNSSOPMode: 0x6,eLNA_pin:91, po:1048575
02-13 21:14:49.675   700   937 D pseudo  : mtk_gps_sys_nmea_output_to_app: len:19, set option, cfg = 0
02-13 21:14:49.675   700   937 D pseudo  : mtk_gps_sys_nmea_output_to_app: len:100, mnl_sys_driver_cfg_ext_validate: m = 1, o = 886/886, s = 10/10, m = 0xaa55/0xaa55, v = 0x0101/0x0101
02-13 21:14:49.675   700   937 D pseudo  : mtk_gps_sys_nmea_output_to_app: len:28, NMEA output by callback!!!
02-13 21:14:49.678  9930 15069 I GnssLocationProvider: WakeLock acquired by sendMessage(SET_REQUEST, 0, com.android.server.location.GnssLocationProvider$GpsRequest@d4af82e)
02-13 21:14:49.681 10437 10437 I LocationControllerImpl: onReceive action = android.location.GPS_WORKSOURCE_CHANGE, enabled = false, mIsFix = false, mPrivacy = false
02-13 21:14:49.682   761   774 D agps    : Xed[V_8;|(7C0x)+x\HWcp=;h[Zi=R7&%D`L;2$5=8=-2LG1C`L-5q.!~!&)/.*uL:5d.!&$~#$!((pA$&`.! pA-@q-xx~~     yiSBDG5(b.yO5AFp-pN:<m.qS83ABAo-y
02-13 21:14:49.682   761   774 D agps    : Xed[V_8;|(7C0x)+x^Sm=;hQcPN=WI;=9E`C3bQ4I=5+2832#+;2$5=8=-2LG1CL-5`X:5d.!~!&)/.*!}!&$~#$!((pA$&`.! pSE5`-hj
02-13 21:14:49.684  9930 10063 E         : Unknown name for ifindex 1011 with more than 316790 bytes of traffic
02-13 21:14:49.685 10437 10437 I LocationControllerImpl: hide GPS icon
02-13 21:14:49.687   700   937 D pseudo  : mtk_gps_sys_nmea_output_to_app: len:69, ChipID,x,80000190,y,FFFF6765,hw_ver,8A00,fw_ver,8A00,gnss_mode_flag,0
02-13 21:14:49.687   700   937 D pseudo  : mtk_gps_sys_nmea_output_to_app: len:56, [GPSDBG],INF,write gps debug log in MNLD,DebugType(0x10)
02-13 21:14:49.688   700   937 D pseudo  : mtk_gps_sys_nmea_output_to_app: len:54, mnl_sys_rec_set_created_bitmask: 0x00000000, 0, 0, 0
02-13 21:14:49.689   700   937 D pseudo  : mtk_gps_sys_nmea_output_to_app: len:59, MNL offload is disable, do not create OFL dbg thread (7).
02-13 21:14:49.689   700   937 D pseudo  : mtk_gps_sys_nmea_output_to_app: len:59, MNL offload is disable, do not create OFL out thread (6).
02-13 21:14:49.689   700   937 D pseudo  : mtk_gps_sys_nmea_output_to_app: len:54, mnl_sys_rec_set_created_bitmask: 0x00000000, 0, 3, 0
02-13 21:14:49.689   751 14905 E lsc_nvram: [do_mkdir] fail to mkdir [/sdcard/shading_otp]: 13[Permission denied] (do_mkdir){#65:vendor/mediatek/proprietary/hardware/mtkcam/aaa/source/mt6765/lsc_mgr/LscUtil.h}
02-13 21:14:49.690   700 28612 D pseudo  : mtk_gps_sys_nmea_output_to_app: len:30, thread mnl create : EC903970
02-13 21:14:49.691   700   937 D pseudo  : mtk_gps_sys_nmea_output_to_app: len:21,  Agent epo init OK 
02-13 21:14:49.691   700   937 D pseudo  : mtk_gps_sys_nmea_output_to_app: len:54, mnl_sys_rec_set_created_bitmask: 0x00000000, 0, 4, 0
02-13 21:14:49.692   700   937 D gps_controlller: linux_gps_init: Status (18) 
02-13 21:14:49.692   700   937 D mpe     : mnl_mpe_thread_init: mpe enabled
02-13 21:14:49.693   700   937 D mpe     : mnl_mpe_thread_init: register mpe cb 0,gMpeCallBackFunc= 0xb4070c71,mtk_gps_mnl_trigger_mpe=0xb4070c71
02-13 21:14:49.694   700   937 D gps_controlller: linux_gps_init: dsp port (/dev/stpgps),nmea port (UseCallback),nmea dbg port (/dev/ttygserial),dbg_file_name (/mnt/sdcard/mtklog/connsyslog/gpshost/GPS_HOST),DebugType (16),nv_file_name (/data/vendor/gps/mtkgps.dat), mtk_gps_log_hide:0
02-13 21:14:49.695   700   937 D gps_controlller: linux_gps_init: sent CMD_SIB8_16_ENABLE to mnl, sib8_16_enable = 1 ,ret = 0
02-13 21:14:49.695   700   937 D gps_controlller: linux_gps_init: sent enable_debug2app to mnl, enable_debug2app = 0 ,ret = 0
02-13 21:14:49.695   700   937 D gps_controlller: linux_gps_init: sent MTK_PARAM_CMD_LPPE_ENABLE to mnl, lppe_enable = 1 ,ret = 0
02-13 21:14:49.699   700   937 D gps_controlller: mnld_gps_start: mnld_gps_start() success
02-13 21:14:49.700   700   937 D gps_controlller: gps_control_thread: gps_control_thread wait
02-13 21:14:49.700   700 28610 D gps_dbg_log: gps_dbg_log_thread: create: ECAFF970, arg = 0x0
02-13 21:14:49.702  9930 10531 D GnssLocationProvider: setRequest ProviderRequest[OFF]
02-13 21:14:49.703  9930 10531 D MtkLocationExt: Stop Gnss debug report
02-13 21:14:49.703  9930 10531 D MtkLocationExt: Gnss debug service has not yet connected
02-13 21:14:49.703  9930 10531 D LocationManagerService: stopGnssDebugReport = false
02-13 21:14:49.703  9930  9930 V SensorManager: unRegisterListener by com.android.server.location.OppoMotionDetector$1
02-13 21:14:49.703  9930  9930 W SensorService: SensorEventConnection sensor handle=1, package = com.android.server.location.OppoMotionDetector disable
02-13 21:14:49.703  9930  9930 D SensorService: recordConnection in disable
02-13 21:14:49.703  9930  9930 D SensorService: SensorDevice::activate: ident=0x72ba572600, handle=0x00000001, enabled=0, count=1
02-13 21:14:49.703  9930  9930 D SensorService: disable index=0
02-13 21:14:49.703  9930  9930 D SensorService: SensorDevice::checkForIdent info.numActiveClients()=1, ident=0x72ba572600, handle=1, eanble=0, isFusion=0
02-13 21:14:49.703  9930  9930 D SensorService: SensorDevice::checkForIdent, ident=0x72ba572600 info.mIdentCount=1
02-13 21:14:49.704  9930  9930 D SensorService: 	>>> actuating h/w activate ident = 0x72ba572600, handle=1 enabled=0
02-13 21:14:49.704 28711 28711 E SensorContext: activate, handle = 0, index = 0
02-13 21:14:49.704 28711 28711 I Accelerometer: enable: handle:0, en:0
02-13 21:14:49.705   700 28613 D pseudo  : mtk_gps_sys_nmea_output_to_app: len:31,  Agent tread created:EC805970
02-13 21:14:49.706   700 28613 D pseudo  : mtk_gps_sys_nmea_output_to_app: len:17,  Agent init OK 
02-13 21:14:49.706   700 28611 D pseudo  : mtk_gps_sys_nmea_output_to_app: len:32, thread_dsp_input_func:ECA01970
02-13 21:14:49.707  9930 10531 I GnssLocationProvider: WakeLock released by handleMessage(SET_REQUEST, 0, com.android.server.location.GnssLocationProvider$GpsRequest@d4af82e)
02-13 21:14:49.708  9930  9930 D SensorService: reset the mRecentEvent handle = 1
02-13 21:14:49.708  9930  9930 D SensorService: disable reset the lastEvent handle = 1 in disable
02-13 21:14:49.709  9930  9930 D SensorService: ~SensorEventConnection(0x72ba572600)
02-13 21:14:49.709  9930  9930 D SensorService: 4 active sensors
02-13 21:14:49.709  9930  9930 D SensorService: removing connection 0x72ba572600 for sensor[0].handle=0x00000005
02-13 21:14:49.709  9930  9930 D SensorService: removing connection 0x72ba572600 for sensor[1].handle=0x00000011
02-13 21:14:49.709  9930  9930 D SensorService: removing connection 0x72ba572600 for sensor[2].handle=0x00000016
02-13 21:14:49.709  9930  9930 D SensorService: removing connection 0x72ba572600 for sensor[3].handle=0x0000001b
02-13 21:14:49.719 10372 10394 W DCS     : Record event failed. DCS reject event: [appId=20120,logTag=20089,eventId=sensor_record] . Pls check server config.
02-13 21:14:49.767 28711 28716 I Light   : [LIGHT]:light = 10.000000 timestamp=5644824055901934
02-13 21:14:49.767  9930 10030 D SensorService: dropping 1 events 
02-13 21:14:49.800 11465 11981 W System  : ClassLoader referenced unknown path: system/framework/mediatek-cta.jar
02-13 21:14:49.802 11465 11981 I System.out: e:java.lang.ClassNotFoundException: com.mediatek.cta.CtaHttp
02-13 21:14:49.892  9930 10030 D SensorService: dropping 1 events 
02-13 21:14:49.941   761   774 D agps    : [agps][n][AGPS] [MNL] read  pmtk=[$PMTK764,0,0,0,3,0,128,4,128,5,128,1*23
02-13 21:14:49.941   761   774 D agps    : ]
02-13 21:14:49.941   700 28612 D pseudo  : mtk_gps_sys_nmea_output_to_app: len:17, $PMTK010,001*2E
02-13 21:14:49.941   761   774 D agps    : [agps][n][AGPS] gnss_num=3
02-13 21:14:49.941   761   774 D agps    : [agps][n][CP] [MD_1] write  pmtk [$PMTK764,0,0,0,3,0,128,4,128,5,128,1*23
02-13 21:14:49.941   761   774 D agps    : ]
02-13 21:14:49.948   761   774 D agps    : [agps][n][AGPS] [MNL] write  pmtk  [$PMTK680,1,FFFFF00C*08
02-13 21:14:49.948   761   774 D agps    :  ]
02-13 21:14:49.965   700   940 W mtknav  : mnld_mtknav_download: mtknav has been downloaded today
02-13 21:14:49.967   700 28612 D pseudo  : mtk_gps_sys_nmea_output_to_mnld: received 1054 bytes:
02-13 21:14:49.970   700 28612 D pseudo  : mtk_gps_sys_nmea_output_to_app: len:1054, [NMEA]$GNGGA,141448.01...
02-13 21:14:49.971   761   774 D agps    : [agps][n][AGPS] [MNL] write  pmtk  [$PMTK680,1,FFFFF00C*08
02-13 21:14:49.971   761   774 D agps    :  ]
02-13 21:14:49.971   700 28612 D gps_controlller: send_active_notify: send clean nmea timer cmd!
02-13 21:14:49.971   700 28612 D gps_controlller: mtk_gps_sys_gps_mnl_callback: MTK_GPS_MSG_FIX_READY, GET_RTC_OK, 0.041, 17062.708
02-13 21:14:49.971   700 28612 D gps_controlller: mtk_gps_sys_gps_mnl_callback: Age = 2, RTCDiff = 30, Time_interval = 10
02-13 21:14:49.971   700 28612 D pseudo  : mtk_gps_sys_nmea_output_to_app: len:46, [vAGPS_Auto_Req]:g_FirstDbtt:1,u2BitMap:0x100
02-13 21:14:49.971   700 28612 D gps_controlller: mtk_gps_sys_agps_disaptcher_callback: MNL ready and assist req:0
02-13 21:14:49.972   700   937 D gps_controlller: gps_control_thread: gps_control_thread wait
02-13 21:14:49.972   700 28613 D gps_controlller: mtk_gps_sys_agps_disaptcher_callback: MNL NTP/NLP request:2
02-13 21:14:49.972   700 28613 D gps_controlller: mtk_gps_sys_agps_disaptcher_callback: Call nlp_server request
02-13 21:14:49.972   700   937 D gps_controlller: mnld_gps_stop_impl: MNL exiting 
02-13 21:14:49.973   700   937 D pseudo  : mtk_gps_sys_nmea_output_to_app: len:15, Thread is ret,0
02-13 21:14:49.973   596   655 D lbs_hidl_service: [1.06][mtk_mnld2nlputils] handleSocketEvent() ret=[12]
02-13 21:14:49.974   700 28611 D pseudo  : mtk_gps_sys_nmea_output_to_app: len:23, thread dsp input exit
02-13 21:14:49.974   700 28611 D pseudo  : mtk_gps_sys_nmea_output_to_app: len:33, uninstall timer for tigger EE:0
02-13 21:14:49.975  9930 10296 D LbsNlpUtils: reqNlpLocation() source = 1
02-13 21:14:49.976  9930 12558 D LbsNlpUtils: handle NLPS_MSG_NLP_NIJ_REQ arg1: 1
02-13 21:14:49.976  9930 12558 D LbsNlpUtils: requestNlp crTime: 1770992089976 nlpTime: 1770992089650 delta: 326
02-13 21:14:49.978   700   937 D pseudo  : mtk_gps_sys_nmea_output_to_app: len:16, (0)ThreadLeaveOK
02-13 21:14:49.978   700   937 D pseudo  : mtk_gps_sys_nmea_output_to_app: len:16, Thread,0,Exit,OK
02-13 21:14:49.978   700   937 D pseudo  : mtk_gps_sys_nmea_output_to_app: len:15, Thread is ret,0
02-13 21:14:49.980  9930 10531 D MtkLocationExt: injectRefLocation
02-13 21:14:49.981   700 28612 D pseudo  : mtk_gps_sys_nmea_output_to_app: len:17, thread mnl exit
02-13 21:14:49.981   700   937 D pseudo  : mtk_gps_sys_nmea_output_to_app: len:16, (3)ThreadLeaveOK
02-13 21:14:49.982   700   937 D pseudo  : mtk_gps_sys_nmea_output_to_app: len:16, Thread,3,Exit,OK
02-13 21:14:49.982   700   937 D pseudo  : mtk_gps_sys_nmea_output_to_app: len:15, Thread is ret,0
02-13 21:14:49.982   700 28613 D pseudo  : mtk_gps_sys_nmea_output_to_app: len:30, thread agent get msg failed:1
02-13 21:14:49.982   700   937 D pseudo  : mtk_gps_sys_nmea_output_to_app: len:16, (4)ThreadLeaveOK
02-13 21:14:49.982   700   937 D pseudo  : mtk_gps_sys_nmea_output_to_app: len:16, Thread,4,Exit,OK
02-13 21:14:49.982   700   937 D pseudo  : mtk_gps_sys_nmea_output_to_app: len:19, Uninit GPS DSP Uart
02-13 21:14:49.983   700   937 D pseudo  : mtk_gps_sys_nmea_output_to_app: len:37, [mnl_thread_agent_exit] delete event
02-13 21:14:49.983   700   937 D pseudo  : mtk_gps_sys_nmea_output_to_app: len:27, thread mnl event delete ok
02-13 21:14:49.983   700   937 D pseudo  : mtk_gps_sys_nmea_output_to_app: len:29, thread agent event delete ok
02-13 21:14:49.983   700   937 D pseudo  : mtk_gps_sys_nmea_output_to_app: len:15, Destory mutex
02-13 21:14:49.983   700   937 D pseudo  : mtk_gps_sys_nmea_output_to_app: len:21, mtk gps Uninit done
02-13 21:14:49.983   700   937 D gps_dbg_log: gps_stop_dbglog_release_condition: exit while, gps_dbg_log thread exit
02-13 21:14:49.984   761   774 D agps    : Xed[V_8;|(7C0x)+x\HWcp=;h[Zi=R7&%D`L;2$5=8=-2LG1C`L-5q.!~!&)/.*uL:5d.!&$~#$!((pA$&`.! pA-@q-xx~~     yiSBDG5(b.yO5AFp-pN:<m.qS83ABAo-y
02-13 21:14:49.984   700   937 D gps_dbg_log: gps_stop_dbglog_release_condition: exit while, gps_dbg_log thread exit
02-13 21:14:49.984   700 28610 D gps_dbg_log: gps_dbg_log_thread: send close gpslog cmd to gps logd
02-13 21:14:49.984   761   774 D agps    : Xed[V_8;|(7C0x)+x^Sm=;hQcPN=WI;=9E`C3bQ4I=5+2832#+;2$5=8=-2LG1CL-5`X:5d.!~!&)/.*!}!&$~#$!((pA$&`.! pSE5`-hj
02-13 21:14:49.985   596   656 D lbs_hidl_service: [1.06][mtk_lbs_log_v2s] handleSocketEvent() ret=[12]
02-13 21:14:49.985  9930 12558 D LbsNlpUtils: startNlpQueryLocked isNlpEnabled=true src:1 mNlpRequestedSrc:0
02-13 21:14:49.986  9930 12558 D LocationManagerService: request d42a9eb network Request[POWER_LOW network requested=+1s0ms fastest=+1s0ms lowPowerMode=false] from com.mediatek.nlpservice(1000 foreground [whitelisted])
02-13 21:14:49.987   704   740 D         : lbslogd_handle_close_logfile: [gpsLog]lbslogd_handle_close_logfile
02-13 21:14:50.004   700   937 D gps_dbg_log: gps_dbg_log_exit_flush: gpsdbglog thread exit OK!
02-13 21:14:50.006  9930 10296 I GnssLocationProvider: WakeLock acquired by sendMessage(REPORT_SV_STATUS, 0, com.android.server.location.GnssLocationProvider$SvStatusInfo@bea2348)
02-13 21:14:50.010  9930 10531 I GnssLocationProvider: WakeLock released by handleMessage(REPORT_SV_STATUS, 0, com.android.server.location.GnssLocationProvider$SvStatusInfo@bea2348)
02-13 21:14:50.011   700   948 D MNL2AGPS: mnl2agps_gps_close: mnl2agps_gps_close
02-13 21:14:50.011   599  1921 D         : update_gps_status:   status=2
02-13 21:14:50.012   596   655 D lbs_hidl_service: [1.06][mtk_mnld2nlputils] handleSocketEvent() ret=[12]
02-13 21:14:50.012   599  1921 D         : update_gps_status:   status=4
02-13 21:14:50.012   761   774 D agps    : [agps] WARNING: [AGPS] [MNL] read  gps_close
02-13 21:14:50.013   599  1921 I MtkGnssHAL_GnssInterface: updateWakelock: GNSS HAL Wakelock released
02-13 21:14:50.013  9930  9947 D LbsNlpUtils: cancelNlpLocation() source = 1
02-13 21:14:50.013   700   937 D gps_controlller: mnld_gps_stop: mnld_gps_stop_impl success
02-13 21:14:50.014   700   937 D gps_controlller: gps_control_thread: gps_control_thread wait
02-13 21:14:50.017  9930 10030 D SensorService: dropping 1 events 
02-13 21:14:50.017  9930 12558 D LbsNlpUtils: handle NLPS_MSG_NLP_NIJ_CANCEL arg1: 1
02-13 21:14:50.018  9930 12558 D LbsNlpUtils: stopNlpQueryLocked isNlpEnabled=true src:1 mNlpRequestedSrc:1
02-13 21:14:50.018  9930 12558 I LocationManagerService: remove d42a9eb
02-13 21:14:50.130  9930 10531 E FastNetworkLocation: location time is older!!
02-13 21:14:50.130  9930 10531 D LocationManagerService: incoming location from: network
02-13 21:14:50.131  9930 10531 D LocationManagerService: incoming location from: network
