02-13 21:14:50.142  9930 10030 D SensorService: dropping 1 events 
02-13 21:14:50.149  9930 10064 E WifiVendorHal: getWifiLinkLayerStats(l.947) failed {.code = ERROR_NOT_SUPPORTED, .description = }
02-13 21:14:50.153  9930 10064 E         : Unknown name for ifindex 1011 with more than 316790 bytes of traffic
02-13 21:14:50.174  9930 10064 E         : Unknown name for ifindex 1011 with more than 316790 bytes of traffic
02-13 21:14:50.261 10769 14666 I NearbyDiscovery: (REDACTED) BloomFilterAdvManager: Detected bloom filter but too far away, ignoring. %sm, %s
02-13 21:14:50.267  9930 10030 D SensorService: dropping 1 events 
02-13 21:14:50.310  9930 10048 I PowerWrap: PowerHal_TouchBoost
02-13 21:14:50.390  9930 10048 E InputReader: isBtnTouch is true need to clear slots
02-13 21:14:50.390  9930 10048 I PowerWrap: PowerHal_TouchBoost
02-13 21:14:50.392  9930 10030 D SensorService: dropping 1 events 
02-13 21:14:50.411 22645 22645 W Choreographer: Frame time is 9.550148 ms in the future!  Check that graphics HAL is generating vsync timestamps using the correct timebase.
02-13 21:14:50.437 27674 27674 W TabLayout: MODE_SCROLLABLE + GRAVITY_FILL is not supported, GRAVITY_START will be used instead
02-13 21:14:50.460 10769 14666 I NearbyDiscovery: (REDACTED) BloomFilterAdvManager: Detected bloom filter but too far away, ignoring. %sm, %s
02-13 21:14:50.488 27674 27674 I Choreographer: Skipped 4 frames!  The application may be doing too much work on its main thread.
02-13 21:14:50.488  9930 10531 D LocationManagerService: incoming location from: network
02-13 21:14:50.489  9930 10531 D LocationManagerService: incoming location from: network
02-13 21:14:50.501   761   774 D agps    : Xed[V_8;|(7C0x)+x\HWcp=;h[Zi=R7&%D`L;2$5=8=-2LG1C`L-5q.!~!&)/.*uL:5d.!&$~#$!((pA$&`.! pA-@q-xx~~     yiSBDG5(b.yO5AFp-pN:<m.qS83ABAo-y
02-13 21:14:50.501   761   774 D agps    : Xed[V_8;|(7C0x)+x^Sm=;hQcPN=WI;=9E`C3bQ4I=5+2832#+;2$5=8=-2LG1CL-5`X:5d.!~!&)/.*!}!&$~#$!((pA$&`.! pSE5`-hj
02-13 21:14:50.517  9930 10030 D SensorService: dropping 1 events 
02-13 21:14:50.523 10422 24922 I AndroidSpellCheckerService: AndroidSpellCheckerService.createSession():138 com.google.android.keyboard.client.delight5.LanguageIdentifier@f3286ce is created
02-13 21:14:50.567 27674 27674 I Choreographer: Skipped 4 frames!  The application may be doing too much work on its main thread.
02-13 21:14:50.596 27674 27674 I Choreographer: Skipped 1 frames!  The application may be doing too much work on its main thread.
02-13 21:14:50.642  9930 10030 D SensorService: dropping 1 events 
02-13 21:14:50.659  9930 10531 E FastNetworkLocation: location time is older!!
02-13 21:14:50.659  9930 10531 D LocationManagerService: incoming location from: network
02-13 21:14:50.659  9930 10531 D LocationManagerService: incoming location from: network
02-13 21:14:50.667   761   774 D agps    : Xed[V_8;|(7C0x)+x\HWcp=;h[Zi=R7&%D`L;2$5=8=-2LG1C`L-5q.!~!&)/.*uL:5d.!&$~#$!((pA$&`.! pA-@q-xx~~     yiSBDG5(b.yO5AFp-pN:<m.qS83ABAo-y
02-13 21:14:50.667   761   774 D agps    : Xed[V_8;|(7C0x)+x^Sm=;hQcPN=WI;=9E`C3bQ4I=5+2832#+;2$5=8=-2LG1CL-5`X:5d.!~!&)/.*!}!&$~#$!((pA$&`.! pSE5`-hj
02-13 21:14:50.678 22645 22645 W Choreographer: Frame time is 12.96612 ms in the future!  Check that graphics HAL is generating vsync timestamps using the correct timebase.
02-13 21:14:50.679 27674 27674 I Choreographer: Skipped 1 frames!  The application may be doing too much work on its main thread.
02-13 21:14:50.690   751 14905 E lsc_nvram: [do_mkdir] fail to mkdir [/sdcard/shading_otp]: 13[Permission denied] (do_mkdir){#65:vendor/mediatek/proprietary/hardware/mtkcam/aaa/source/mt6765/lsc_mgr/LscUtil.h}
02-13 21:14:50.716  9930 10063 E         : Unknown name for ifindex 1011 with more than 316790 bytes of traffic
02-13 21:14:50.722  9930 10063 E         : Unknown name for ifindex 1011 with more than 316790 bytes of traffic
02-13 21:14:50.767  9930 10030 D SensorService: dropping 1 events 
02-13 21:14:50.868 10769 14666 I NearbyDiscovery: (REDACTED) BloomFilterAdvManager: Detected bloom filter but too far away, ignoring. %sm, %s
02-13 21:14:50.892  9930 10030 D SensorService: dropping 1 events 
02-13 21:14:51.016 28711 28716 I Light   : [LIGHT]:light = 10.000000 timestamp=5644825305703242
02-13 21:14:51.017  9930 10030 D SensorService: dropping 1 events 
02-13 21:14:51.043 11465 11981 D OpenSSLLib: OpensslErr:Module:12(177:); file:external/boringssl/src/crypto/asn1/asn1_lib.c ;Line:168;Function:ASN1_get_object
02-13 21:14:51.045 11465 11981 D OpenSSLLib: OpensslErr:Module:12(177:); file:external/boringssl/src/crypto/asn1/asn1_lib.c ;Line:168;Function:ASN1_get_object
02-13 21:14:51.142  9930 10030 D SensorService: dropping 1 events 
02-13 21:14:51.195 11465 11981 W System  : ClassLoader referenced unknown path: system/framework/mediatek-cta.jar
02-13 21:14:51.198 11465 11981 I System.out: e:java.lang.ClassNotFoundException: com.mediatek.cta.CtaHttp
02-13 21:14:51.267  9930 10030 D SensorService: dropping 1 events 
02-13 21:14:51.284 11465 11981 D OpenSSLLib: OpensslErr:Module:12(177:); file:external/boringssl/src/crypto/asn1/asn1_lib.c ;Line:168;Function:ASN1_get_object
02-13 21:14:51.286 11465 11981 D OpenSSLLib: OpensslErr:Module:12(177:); file:external/boringssl/src/crypto/asn1/asn1_lib.c ;Line:168;Function:ASN1_get_object
02-13 21:14:51.392  9930 10030 D SensorService: dropping 1 events 
02-13 21:14:51.517  9930 10030 D SensorService: dropping 1 events 
02-13 21:14:51.561 11465 11485 I com.coloros.mc: Background concurrent copying GC freed 153533(10MB) AllocSpace objects, 27(1124KB) LOS objects, 77% free, 3MB/15MB, paused 1.031ms total 166.478ms
02-13 21:14:51.642  9930 10030 D SensorService: dropping 1 events 
02-13 21:14:51.691   751 14905 E lsc_nvram: [do_mkdir] fail to mkdir [/sdcard/shading_otp]: 13[Permission denied] (do_mkdir){#65:vendor/mediatek/proprietary/hardware/mtkcam/aaa/source/mt6765/lsc_mgr/LscUtil.h}
02-13 21:14:51.733  9930 10063 E         : Unknown name for ifindex 1011 with more than 316790 bytes of traffic
02-13 21:14:51.754  9930 10063 E         : Unknown name for ifindex 1011 with more than 316790 bytes of traffic
02-13 21:14:51.767  9930 10030 D SensorService: dropping 1 events 
02-13 21:14:52.018  9930 10030 I chatty  : uid=1000(system) SensorService identical 2 lines
02-13 21:14:52.143  9930 10030 D SensorService: dropping 1 events 
02-13 21:14:52.266 28711 28716 I Light   : [LIGHT]:light = 10.000000 timestamp=5644826555600165
02-13 21:14:52.267  9930 10030 D SensorService: dropping 1 events 
02-13 21:14:52.295 10769 14666 I NearbyDiscovery: (REDACTED) BloomFilterAdvManager: Detected bloom filter but too far away, ignoring. %sm, %s
02-13 21:14:52.392  9930 10030 D SensorService: dropping 1 events 
02-13 21:14:52.517  9930 10030 D SensorService: dropping 1 events 
02-13 21:14:52.629   708 20469 E AALLightSensor: waitRelative abnormal, retValue=-110
02-13 21:14:52.642  9930 10030 D SensorService: dropping 1 events 
02-13 21:14:52.691   751 14905 E lsc_nvram: [do_mkdir] fail to mkdir [/sdcard/shading_otp]: 13[Permission denied] (do_mkdir){#65:vendor/mediatek/proprietary/hardware/mtkcam/aaa/source/mt6765/lsc_mgr/LscUtil.h}
02-13 21:14:52.767  9930 10030 D SensorService: dropping 1 events 
02-13 21:14:52.776  9930 10063 E         : Unknown name for ifindex 1011 with more than 316790 bytes of traffic
02-13 21:14:52.796  9930 10063 E         : Unknown name for ifindex 1011 with more than 316790 bytes of traffic
02-13 21:14:52.892  9930 10030 D SensorService: dropping 1 events 
02-13 21:14:53.018  9930 10030 D SensorService: dropping 1 events 
02-13 21:14:53.129 10769 14666 I NearbyDiscovery: (REDACTED) BloomFilterAdvManager: Detected bloom filter but too far away, ignoring. %sm, %s
02-13 21:14:53.142  9930 10030 D SensorService: dropping 1 events 
02-13 21:14:53.199  9930 10064 E WifiVendorHal: getWifiLinkLayerStats(l.947) failed {.code = ERROR_NOT_SUPPORTED, .description = }
02-13 21:14:53.203  9930 10064 E         : Unknown name for ifindex 1011 with more than 316790 bytes of traffic
02-13 21:14:53.223  9930 10064 E         : Unknown name for ifindex 1011 with more than 316790 bytes of traffic
02-13 21:14:53.267  9930 10030 D SensorService: dropping 1 events 
02-13 21:14:53.392  9930 10030 D SensorService: dropping 1 events 
02-13 21:14:53.517 28711 28711 I Light   : [LIGHT]:light = 10.000000 timestamp=5644827805963473
02-13 21:14:53.517  9930 10030 D SensorService: dropping 1 events 
02-13 21:14:53.642  9930 10030 D SensorService: dropping 1 events 
02-13 21:14:53.645 24091 24091 D Cloud.DeviceStatusDispatcher: DeviceStatusDispatcher.Receiver action=android.intent.action.BATTERY_CHANGED
02-13 21:14:53.645 24091 24091 D Cloud.DeviceStatusDispatcher: Intent.ACTION_BATTERY_CHANGED setCharging true,status =2
02-13 21:14:53.680 22645 22645 W Choreographer: Frame time is 15.218875 ms in the future!  Check that graphics HAL is generating vsync timestamps using the correct timebase.
02-13 21:14:53.692   751 14905 E lsc_nvram: [do_mkdir] fail to mkdir [/sdcard/shading_otp]: 13[Permission denied] (do_mkdir){#65:vendor/mediatek/proprietary/hardware/mtkcam/aaa/source/mt6765/lsc_mgr/LscUtil.h}
02-13 21:14:53.698 22645 22645 W Choreographer: Frame time is 22.799896 ms in the future!  Check that graphics HAL is generating vsync timestamps using the correct timebase.
02-13 21:14:53.722 22645 22645 W Choreographer: Frame time is 15.102236 ms in the future!  Check that graphics HAL is generating vsync timestamps using the correct timebase.
02-13 21:14:53.730 10769 14666 I NearbyDiscovery: (REDACTED) BloomFilterAdvManager: Detected bloom filter but too far away, ignoring. %sm, %s
02-13 21:14:53.767  9930 10030 D SensorService: dropping 1 events 
02-13 21:14:53.818  9930 10063 E         : Unknown name for ifindex 1011 with more than 316790 bytes of traffic
02-13 21:14:53.839  9930 10063 E         : Unknown name for ifindex 1011 with more than 316790 bytes of traffic
02-13 21:14:53.892  9930 10030 D SensorService: dropping 1 events 
02-13 21:14:53.934 10769 14666 I NearbyDiscovery: (REDACTED) BloomFilterAdvManager: Detected bloom filter but too far away, ignoring. %sm, %s
02-13 21:14:54.013 22565 22565 D BoundBrokerSvc: onUnbind: Intent { act=com.google.android.gms.potokens.service.START dat=chimera-action: cmp=com.google.android.gms/.chimera.GmsApiService }
02-13 21:14:54.017  9930 10030 D SensorService: dropping 1 events 
02-13 21:14:54.267  9930 10030 I chatty  : uid=1000(system) SensorService identical 2 lines
02-13 21:14:54.392  9930 10030 D SensorService: dropping 1 events 
02-13 21:14:54.475  9930 10064 D OppoHistoryRecordQueue: AP: 58:d3:12:f2:7f:27 is5G: true yearDay37: [42:6,0,0][45:5395,1,0,02][48:672,0,0][54:1652,1,0,06][57:6541,0,0][60:10701,8,0,07][63:3128,12,0,38][66:1973,11,0,55][69:86,1,1,15]
02-13 21:14:54.477  9930 10064 D OppoHistoryRecordQueue: AP: 58:d3:12:f2:7f:27 is5G: true yearDay38: [51:648,0,0][54:12680,6,0,05][57:7772,1,0,01][60:974,0,0][63:4699,11,0,23][66:273,0,0][69:57,0,0]
02-13 21:14:54.480  9930 10064 D OppoHistoryRecordQueue: AP: 58:d3:12:f2:7f:27 is5G: true yearDay39: [54:660,0,0][57:1461,2,0,14][60:9106,6,0,07][63:13181,7,0,05][66:1770,1,0,06][69:836,0,0][78:316,0,0]
02-13 21:14:54.482  9930 10064 D OppoHistoryRecordQueue: AP: 58:d3:12:f2:7f:27 is5G: true yearDay40: [51:323,0,0][54:2163,0,0][57:8204,4,0,05][60:9176,17,0,18][63:491,0,0]
02-13 21:14:54.485  9930 10064 D OppoHistoryRecordQueue: AP: 58:d3:12:f2:7f:27 is5G: true yearDay41: [42:134,0,0][45:1120,1,0,09][48:1162,0,0][51:27955,1,0][54:31583,11,0,03][57:50271,1,0][60:47884,2,0][63:19621,6,0,03][66:2809,1,0,04][69:1849,0,0][72:301,1,0,33][75:52,0,0][78:234,1,0,43][81:73,0,0][84:27,0,0]
02-13 21:14:54.488  9930 10064 D OppoHistoryRecordQueue: AP: 58:d3:12:f2:7f:27 is5G: true yearDay42: [39:3,0,0][42:313,0,0][45:917,0,0][48:332,0,0][51:3878,3,0,08][54:4945,4,0,08][57:9152,4,0,04][60:4366,0,0][63:4470,3,0,07][66:655,3,0,46][69:272,1,0,37][72:25,0,0][75:28,0,0]
02-13 21:14:54.491  9930 10064 D OppoHistoryRecordQueue: AP: 58:d3:12:f2:7f:27 is5G: true yearDay43: [42:142,0,0][48:6190,0,0][51:26336,0,0][54:38647,0,0][57:39977,7,0,02][60:27948,0,0][63:26186,0,0][66:18655,0,0][69:15052,0,0][72:4358,0,0][75:191,0,0][78:245,0,0]
02-13 21:14:54.517  9930 10030 D SensorService: dropping 1 events 
02-13 21:14:54.642  9930 10030 D SensorService: dropping 1 events 
02-13 21:14:54.693   751 14905 E lsc_nvram: [do_mkdir] fail to mkdir [/sdcard/shading_otp]: 13[Permission denied] (do_mkdir){#65:vendor/mediatek/proprietary/hardware/mtkcam/aaa/source/mt6765/lsc_mgr/LscUtil.h}
02-13 21:14:54.761  9930 11299 D LocationManagerService: request c222bf4 gps Request[ACCURACY_FINE gps requested=0 fastest=0 lowPowerMode=false] from com.companyname.heristepai(10146 foreground)
02-13 21:14:54.763  9930 11299 I GnssLocationProvider: WakeLock acquired by sendMessage(SET_REQUEST, 0, com.android.server.location.GnssLocationProvider$GpsRequest@6a93f1d)
02-13 21:14:54.764  9930 10531 D GnssLocationProvider: setRequest ProviderRequest[ON interval=0 lowPowerMode=false]
02-13 21:14:54.765  9930 10531 D GnssLocationProvider: GpsDebugConfig = 8
02-13 21:14:54.765  9930 10531 D GnssLocationProvider: startNavigating, singleShot is false setRequest: ProviderRequest[ON interval=0 lowPowerMode=false]
02-13 21:14:54.766 28711 28716 I Light   : [LIGHT]:light = 10.000000 timestamp=5644829055858857
02-13 21:14:54.767  9930 10030 D SensorService: dropping 1 events 
02-13 21:14:54.769 10437 10437 I LocationControllerImpl: onReceive action = android.location.GPS_WORKSOURCE_CHANGE, enabled = false, mIsFix = false, mPrivacy = false
02-13 21:14:54.770  9930 11301 D LocationManagerService: request c222bf4 network Request[POWER_LOW network requested=0 fastest=0 lowPowerMode=false] from com.companyname.heristepai(10146 foreground)
02-13 21:14:54.772  9930  9930 V SensorManager: RegisterListener ACCELEROMETER type:1 delay:40000us by com.android.server.location.OppoMotionDetector$1
02-13 21:14:54.773  9930 10531 I GnssLocationProvider: WakeLock released by handleMessage(SET_REQUEST, 0, com.android.server.location.GnssLocationProvider$GpsRequest@6a93f1d)
02-13 21:14:54.773   700   948 D epo     : mtk_epo_is_expired: current time: 1770966894, current time:Fri Feb 13 14:14:54 2026
02-13 21:14:54.774   700   948 D epo     : mtk_epo_is_expired: EPO start time: 1770742800, EPO start time: Wed Feb 11 00:00:00 2026
02-13 21:14:54.774   700   948 D epo     : mtk_epo_is_expired: EPO file is valid, no need update
02-13 21:14:54.774  9930  9930 W SensorService: SensorEventConnection sensor handle=1, package = com.android.server.location.OppoMotionDetector enable pid = 9930
02-13 21:14:54.774  9930  9930 D SensorService: FusionLight, opPackageName = android, samplingPeriodNs = 40000000
02-13 21:14:54.775   700   937 W gps_controlller: gps_control_event_hdlr: mnld version: MTK_MNLD_5_7_0_18101201
02-13 21:14:54.775  9930  9930 D SensorService: ice_debug_sensor, sensorType=1
02-13 21:14:54.775  9930  9930 D SensorService: Calling batch handle==1 flags=0rate=40000000 timeout== 0
02-13 21:14:54.775   700   937 D gps_controlller: mnld_gps_start_impl: gps_user=0x1
02-13 21:14:54.775   700   937 D pseudo  : mtk_gps_sys_nmea_output_to_app: len:38, offload not enable, just save the mask
02-13 21:14:54.775   700   937 D pseudo  : mtk_gps_sys_init: nvram_init_val Ready
02-13 21:14:54.775   761   774 D agps    : [agps][n][AGPS] [MNL] read  set_position_mode  mode=0
02-13 21:14:54.776   700   937 D NVRAM   : NVM_GetFileDesc: Open /mnt/vendor/nvdata/APCFG/APRDEB/GPS,LID:52
02-13 21:14:54.776   599  1921 I MtkGnssHAL_GnssInterface: updateWakelock: GNSS HAL Wakelock acquired due to gps: 1, fused: 0
02-13 21:14:54.776   700   937 D NVRAM   : NVM_CmpFileVerNo 52  
02-13 21:14:54.776   700   937 D NVRAM   : Load File Version: 000, NvRam File Version: 000
02-13 21:14:54.776   700   937 D NVRAM   : NVM_ProtectDataFile : 52 ++
02-13 21:14:54.776   700   937 D NVRAM   : iCustomBeginLID = 51
02-13 21:14:54.776   700   937 D NVRAM   : NVM_CheckFileSize:stat_size:54,size in table:52
02-13 21:14:54.777   700   937 D NVRAM   : NVM_CheckFile: File is correct!
02-13 21:14:54.777   700   937 D NVRAM   : NVM_ProtectUserData:Check Success
02-13 21:14:54.777   700   937 D NVRAM   : NVM_GetFileDesc ProtectDataFile Check Success!!
02-13 21:14:54.777  9930  9930 D SensorService: SensorDevice::batch: ident=0x72d5454000, handle=0x00000001, flags=0, period_ns=40000000 timeout=0
02-13 21:14:54.778  9930  9930 D SensorService: 	>>> curr_period=9223372036854775807 min_period=40000000 curr_timeout=0 min_timeout=0
02-13 21:14:54.778  9930  9930 D SensorService: 	>>> actuating h/w BATCH 0x00000001 40000000 0
02-13 21:14:54.778 28711 28716 I Accelerometer: batch: handle:0, flag:0,samplingPeriodNs:40000000 maxBatchReportLatencyNs:0
02-13 21:14:54.780 10437 10437 I LocationControllerImpl: hide GPS icon
02-13 21:14:54.781   700   937 D NVRAM   : NVM_CloseFileDesc: Open by Readonly, no need to check when close
02-13 21:14:54.781   700   937 D gps_controlller: linux_gps_init: Other calibration,chip_id:0x6765
02-13 21:14:54.781   700   937 D gps_controlller: linux_gps_init: lseek calibration file for 93MD
02-13 21:14:54.781  9930  9930 D SensorService: recordConnection in enable
02-13 21:14:54.781  9930  9930 D SensorService: Calling activate on 1
02-13 21:14:54.781  9930  9930 D SensorService: SensorDevice::activate: ident=0x72d5454000, handle=0x00000001, enabled=1, count=1
02-13 21:14:54.781  9930  9930 D SensorService: enable index=0
02-13 21:14:54.781  9930  9930 D SensorService: SensorDevice::checkForIdent info.numActiveClients()=1, ident=0x72d5454000, handle=1, eanble=1, isFusion=0
02-13 21:14:54.781  9930  9930 D SensorService: 	>>> actuating h/w activate ident = 0x72d5454000, handle=1 enabled=1
02-13 21:14:54.782 28711 28716 E SensorContext: activate, handle = 0, index = 0
02-13 21:14:54.782 28711 28716 I Accelerometer: enable: handle:0, en:1
02-13 21:14:54.805  9930 10531 E FastNetworkLocation: location time is older!!
02-13 21:14:54.806  9930 10531 D LocationManagerService: incoming location from: network
02-13 21:14:54.813  9930 10531 D LocationManagerService: incoming location from: network
02-13 21:14:54.814   700   937 D gps_controlller: linux_gps_init: open dsp successfully
02-13 21:14:54.814   700   937 D gps_controlller: linux_gps_init: GPS coclock, buffer 2, coTMS
02-13 21:14:54.819   700   937 D gps_controlller: linux_gps_init: Get chip version type (0xffff6765) 
02-13 21:14:54.820   700   937 D gps_controlller: linux_gps_init: driver_cfg.ext offset=886, size=10, magic=0xaa55, ver=0x0101
02-13 21:14:54.820   700   937 D gps_controlller: linux_gps_init: u4Bitmap= 0, init_cfg.C0 = 1068269536,init_cfg.C1 = -1096850836,init_cfg.initU = -1168190839,init_cfg.lastU = 953267991,GNSSOPMode: 0x6,eLNA_pin:91, po:1048575
02-13 21:14:54.820   700   937 D pseudo  : mtk_gps_sys_nmea_output_to_app: len:19, set option, cfg = 0
02-13 21:14:54.821   700   937 D pseudo  : mtk_gps_sys_nmea_output_to_app: len:100, mnl_sys_driver_cfg_ext_validate: m = 1, o = 886/886, s = 10/10, m = 0xaa55/0xaa55, v = 0x0101/0x0101
02-13 21:14:54.824   700   937 D pseudo  : mtk_gps_sys_nmea_output_to_app: len:28, NMEA output by callback!!!
02-13 21:14:54.824   700   937 D pseudo  : mtk_gps_sys_nmea_output_to_app: len:69, ChipID,x,80000190,y,FFFF6765,hw_ver,8A00,fw_ver,8A00,gnss_mode_flag,0
02-13 21:14:54.825   700   937 D pseudo  : mtk_gps_sys_nmea_output_to_app: len:56, [GPSDBG],INF,write gps debug log in MNLD,DebugType(0x10)
02-13 21:14:54.826   700   937 D pseudo  : mtk_gps_sys_nmea_output_to_app: len:54, mnl_sys_rec_set_created_bitmask: 0x00000000, 0, 0, 0
02-13 21:14:54.826   700 28622 D gps_dbg_log: gps_dbg_log_thread: create: ECAFF970, arg = 0x0
02-13 21:14:54.826   700   937 D pseudo  : mtk_gps_sys_nmea_output_to_app: len:59, MNL offload is disable, do not create OFL dbg thread (7).
02-13 21:14:54.827   700   937 D pseudo  : mtk_gps_sys_nmea_output_to_app: len:59, MNL offload is disable, do not create OFL out thread (6).
02-13 21:14:54.827   700 28623 D pseudo  : mtk_gps_sys_nmea_output_to_app: len:32, thread_dsp_input_func:ECA01970
02-13 21:14:54.827   700   937 D pseudo  : mtk_gps_sys_nmea_output_to_app: len:54, mnl_sys_rec_set_created_bitmask: 0x00000000, 0, 3, 0
02-13 21:14:54.827   700 28625 D pseudo  : mtk_gps_sys_nmea_output_to_app: len:30, thread mnl create : EC805970
02-13 21:14:54.828   700   937 D pseudo  : mtk_gps_sys_nmea_output_to_app: len:21,  Agent epo init OK 
02-13 21:14:54.828   700   937 D pseudo  : mtk_gps_sys_nmea_output_to_app: len:54, mnl_sys_rec_set_created_bitmask: 0x00000000, 0, 4, 0
02-13 21:14:54.828   700   937 D gps_controlller: linux_gps_init: Status (18) 
02-13 21:14:54.828   700   937 D mpe     : mnl_mpe_thread_init: mpe enabled
02-13 21:14:54.828   700   937 D mpe     : mnl_mpe_thread_init: register mpe cb 0,gMpeCallBackFunc= 0xb4070c71,mtk_gps_mnl_trigger_mpe=0xb4070c71
02-13 21:14:54.828   700   937 D gps_controlller: linux_gps_init: dsp port (/dev/stpgps),nmea port (UseCallback),nmea dbg port (/dev/ttygserial),dbg_file_name (/mnt/sdcard/mtklog/connsyslog/gpshost/GPS_HOST),DebugType (16),nv_file_name (/data/vendor/gps/mtkgps.dat), mtk_gps_log_hide:0
02-13 21:14:54.828   700   937 D MNLD    : XXLOGX linux_gps_init: mnl init, mtk_gps_get_position_accuracy success, 10.339640, 106.032920, 4039
02-13 21:14:54.828   700   937 D gps_controlller: linux_gps_init: sent CMD_SIB8_16_ENABLE to mnl, sib8_16_enable = 1 ,ret = 0
02-13 21:14:54.828   700   937 D gps_controlller: linux_gps_init: sent enable_debug2app to mnl, enable_debug2app = 0 ,ret = 0
02-13 21:14:54.828   700   937 D gps_controlller: linux_gps_init: sent MTK_PARAM_CMD_LPPE_ENABLE to mnl, lppe_enable = 1 ,ret = 0
02-13 21:14:54.832   700   937 D gps_controlller: mnld_gps_start: mnld_gps_start() success
02-13 21:14:54.833   700   937 D gps_controlller: gps_control_thread: gps_control_thread wait
02-13 21:14:54.833  9930 11298 I LocationManagerService: remove c222bf4
02-13 21:14:54.831   700 28626 D pseudo  : mtk_gps_sys_nmea_output_to_app: len:31,  Agent tread created:EC707970
02-13 21:14:54.835   700 28626 D pseudo  : mtk_gps_sys_nmea_output_to_app: len:17,  Agent init OK 
02-13 21:14:54.837  9930 11298 I GnssLocationProvider: WakeLock acquired by sendMessage(SET_REQUEST, 0, com.android.server.location.GnssLocationProvider$GpsRequest@e9fb019)
02-13 21:14:54.838   761   774 D agps    : Xed[V_8;|(7C0x)+x\HWcp=;h[Zi=R7&%D`L;2$5=8=-2LG1C`L-5q.!~!&)/.*uL:5d.!&$~#$!((pA$&`.! pA-@q-xx~~     yiSBDG5(b.yO5AFp-pN:<m.qS83ABAo-y
02-13 21:14:54.839   761   774 D agps    : Xed[V_8;|(7C0x)+x^Sm=;hQcPN=WI;=9E`C3bQ4I=5+2832#+;2$5=8=-2LG1CL-5`X:5d.!~!&)/.*!}!&$~#$!((pA$&`.! pSE5`-hj
02-13 21:14:54.840 10437 10437 I LocationControllerImpl: onReceive action = android.location.GPS_WORKSOURCE_CHANGE, enabled = false, mIsFix = false, mPrivacy = false
02-13 21:14:54.842 10437 10437 I LocationControllerImpl: hide GPS icon
02-13 21:14:54.848  9930 10531 D GnssLocationProvider: setRequest ProviderRequest[OFF]
02-13 21:14:54.850  9930 10531 D MtkLocationExt: Stop Gnss debug report
02-13 21:14:54.850  9930  9930 V SensorManager: unRegisterListener by com.android.server.location.OppoMotionDetector$1
02-13 21:14:54.850  9930  9930 W SensorService: SensorEventConnection sensor handle=1, package = com.android.server.location.OppoMotionDetector disable
02-13 21:14:54.850  9930 10531 D MtkLocationExt: Gnss debug service has not yet connected
02-13 21:14:54.850  9930 10531 D LocationManagerService: stopGnssDebugReport = false
02-13 21:14:54.850  9930  9930 D SensorService: recordConnection in disable
02-13 21:14:54.851  9930  9930 D SensorService: SensorDevice::activate: ident=0x72d5454000, handle=0x00000001, enabled=0, count=1
02-13 21:14:54.851  9930  9930 D SensorService: disable index=0
02-13 21:14:54.851  9930  9930 D SensorService: SensorDevice::checkForIdent info.numActiveClients()=1, ident=0x72d5454000, handle=1, eanble=0, isFusion=0
02-13 21:14:54.851  9930  9930 D SensorService: SensorDevice::checkForIdent, ident=0x72d5454000 info.mIdentCount=1
02-13 21:14:54.851  9930  9930 D SensorService: 	>>> actuating h/w activate ident = 0x72d5454000, handle=1 enabled=0
02-13 21:14:54.851 28711 28716 E SensorContext: activate, handle = 0, index = 0
02-13 21:14:54.851 28711 28716 I Accelerometer: enable: handle:0, en:0
02-13 21:14:54.854  9930 10531 I GnssLocationProvider: WakeLock released by handleMessage(SET_REQUEST, 0, com.android.server.location.GnssLocationProvider$GpsRequest@e9fb019)
02-13 21:14:54.858  9930 10063 E         : Unknown name for ifindex 1011 with more than 316790 bytes of traffic
02-13 21:14:54.854  9930  9930 D SensorService: reset the mRecentEvent handle = 1
02-13 21:14:54.864  9930  9930 D SensorService: disable reset the lastEvent handle = 1 in disable
02-13 21:14:54.864 10372 10394 W DCS     : Record event failed. DCS reject event: [appId=20120,logTag=20089,eventId=sensor_record] . Pls check server config.
02-13 21:14:54.864  9930  9930 D SensorService: ~SensorEventConnection(0x72d5454000)
02-13 21:14:54.864  9930  9930 D SensorService: 4 active sensors
02-13 21:14:54.864  9930  9930 D SensorService: removing connection 0x72d5454000 for sensor[0].handle=0x00000005
02-13 21:14:54.864  9930  9930 D SensorService: removing connection 0x72d5454000 for sensor[1].handle=0x00000011
02-13 21:14:54.864  9930  9930 D SensorService: removing connection 0x72d5454000 for sensor[2].handle=0x00000016
02-13 21:14:54.864  9930  9930 D SensorService: removing connection 0x72d5454000 for sensor[3].handle=0x0000001b
02-13 21:14:54.868  9930 10063 E         : Unknown name for ifindex 1011 with more than 316790 bytes of traffic
02-13 21:14:54.892  9930 10030 D SensorService: dropping 1 events 
02-13 21:14:55.017  9930 10030 D SensorService: dropping 1 events 
02-13 21:14:55.100   761   774 D agps    : [agps][n][AGPS] [MNL] read  pmtk=[$PMTK764,0,0,0,3,0,128,4,128,5,128,1*23
02-13 21:14:55.100   761   774 D agps    : ]
02-13 21:14:55.100   700 28625 D pseudo  : mtk_gps_sys_nmea_output_to_app: len:17, $PMTK010,001*2E
02-13 21:14:55.100   761   774 D agps    : [agps][n][AGPS] gnss_num=3
02-13 21:14:55.101   761   774 D agps    : [agps][n][CP] [MD_1] write  pmtk [$PMTK764,0,0,0,3,0,128,4,128,5,128,1*23
02-13 21:14:55.101   761   774 D agps    : ]
02-13 21:14:55.107   761   774 D agps    : [agps][n][AGPS] [MNL] write  pmtk  [$PMTK680,1,FFFFF00C*08
02-13 21:14:55.107   761   774 D agps    :  ]
02-13 21:14:55.126   700   940 W mtknav  : mnld_mtknav_download: mtknav has been downloaded today
02-13 21:14:55.127   700 28625 D pseudo  : mtk_gps_sys_nmea_output_to_mnld: received 1053 bytes:
02-13 21:14:55.130   700 28625 D pseudo  : mtk_gps_sys_nmea_output_to_app: len:1053, [NMEA]$GNGGA,141454.01...
02-13 21:14:55.131   761   774 D agps    : [agps][n][AGPS] [MNL] write  pmtk  [$PMTK680,1,FFFFF00C*08
02-13 21:14:55.131   761   774 D agps    :  ]
02-13 21:14:55.131   700 28625 D gps_controlller: send_active_notify: send clean nmea timer cmd!
02-13 21:14:55.131   700 28625 D gps_controlller: mtk_gps_sys_gps_mnl_callback: MTK_GPS_MSG_FIX_READY, GET_RTC_OK, 0.041, 17068.707
02-13 21:14:55.131   700 28625 D gps_controlller: mtk_gps_sys_gps_mnl_callback: Age = 2, RTCDiff = 30, Time_interval = 10
02-13 21:14:55.131   700   937 D gps_controlller: gps_control_thread: gps_control_thread wait
02-13 21:14:55.131   700 28625 D pseudo  : mtk_gps_sys_nmea_output_to_app: len:46, [vAGPS_Auto_Req]:g_FirstDbtt:1,u2BitMap:0x100
02-13 21:14:55.132   700 28625 D gps_controlller: mtk_gps_sys_agps_disaptcher_callback: MNL ready and assist req:0
02-13 21:14:55.133   700 28626 D gps_controlller: mtk_gps_sys_agps_disaptcher_callback: MNL NTP/NLP request:2
02-13 21:14:55.133   700 28626 D gps_controlller: mtk_gps_sys_agps_disaptcher_callback: Call nlp_server request
02-13 21:14:55.134   596   655 D lbs_hidl_service: [1.06][mtk_mnld2nlputils] handleSocketEvent() ret=[12]
02-13 21:14:55.134   700   937 D gps_controlller: mnld_gps_stop_impl: MNL exiting 
02-13 21:14:55.135  9930 10007 D LbsNlpUtils: reqNlpLocation() source = 1
02-13 21:14:55.136  9930 12558 D LbsNlpUtils: handle NLPS_MSG_NLP_NIJ_REQ arg1: 1
02-13 21:14:55.137  9930 12558 D LbsNlpUtils: requestNlp crTime: 1770992095137 nlpTime: 1770992094798 delta: 339
02-13 21:14:55.141  9930 12558 D LbsNlpUtils: startNlpQueryLocked isNlpEnabled=true src:1 mNlpRequestedSrc:0
02-13 21:14:55.142  9930 10030 D SensorService: dropping 1 events 
02-13 21:14:55.144  9930 12558 D LocationManagerService: request 51c5abf network Request[POWER_LOW network requested=+1s0ms fastest=+1s0ms lowPowerMode=false] from com.mediatek.nlpservice(1000 foreground [whitelisted])
02-13 21:14:55.146   700   937 D pseudo  : mtk_gps_sys_nmea_output_to_app: len:15, Thread is ret,0
02-13 21:14:55.146   700 28623 D pseudo  : mtk_gps_sys_nmea_output_to_app: len:23, thread dsp input exit
02-13 21:14:55.146   700 28623 D pseudo  : mtk_gps_sys_nmea_output_to_app: len:33, uninstall timer for tigger EE:0
02-13 21:14:55.148   700   937 D pseudo  : mtk_gps_sys_nmea_output_to_app: len:16, (0)ThreadLeaveOK
02-13 21:14:55.148   700   937 D pseudo  : mtk_gps_sys_nmea_output_to_app: len:16, Thread,0,Exit,OK
02-13 21:14:55.148   700   937 D pseudo  : mtk_gps_sys_nmea_output_to_app: len:15, Thread is ret,0
02-13 21:14:55.151   700 28625 D pseudo  : mtk_gps_sys_nmea_output_to_app: len:17, thread mnl exit
02-13 21:14:55.152   700   937 D pseudo  : mtk_gps_sys_nmea_output_to_app: len:16, (3)ThreadLeaveOK
02-13 21:14:55.152   700   937 D pseudo  : mtk_gps_sys_nmea_output_to_app: len:16, Thread,3,Exit,OK
02-13 21:14:55.152   700   937 D pseudo  : mtk_gps_sys_nmea_output_to_app: len:15, Thread is ret,0
02-13 21:14:55.154   700 28626 D pseudo  : mtk_gps_sys_nmea_output_to_app: len:30, thread agent get msg failed:1
02-13 21:14:55.155   700   937 D pseudo  : mtk_gps_sys_nmea_output_to_app: len:16, (4)ThreadLeaveOK
02-13 21:14:55.155   700   937 D pseudo  : mtk_gps_sys_nmea_output_to_app: len:16, Thread,4,Exit,OK
02-13 21:14:55.155   700   937 D pseudo  : mtk_gps_sys_nmea_output_to_app: len:19, Uninit GPS DSP Uart
02-13 21:14:55.155   700   937 D pseudo  : mtk_gps_sys_nmea_output_to_app: len:37, [mnl_thread_agent_exit] delete event
02-13 21:14:55.155   700   937 D pseudo  : mtk_gps_sys_nmea_output_to_app: len:27, thread mnl event delete ok
02-13 21:14:55.155   700   937 D pseudo  : mtk_gps_sys_nmea_output_to_app: len:29, thread agent event delete ok
02-13 21:14:55.155   700   937 D pseudo  : mtk_gps_sys_nmea_output_to_app: len:15, Destory mutex
02-13 21:14:55.155   700   937 D pseudo  : mtk_gps_sys_nmea_output_to_app: len:21, mtk gps Uninit done
02-13 21:14:55.156   700   937 D gps_dbg_log: gps_stop_dbglog_release_condition: exit while, gps_dbg_log thread exit
02-13 21:14:55.156   700   937 D gps_dbg_log: gps_stop_dbglog_release_condition: exit while, gps_dbg_log thread exit
02-13 21:14:55.156   700 28622 D gps_dbg_log: gps_dbg_log_thread: send close gpslog cmd to gps logd
02-13 21:14:55.157   596   656 D lbs_hidl_service: [1.06][mtk_lbs_log_v2s] handleSocketEvent() ret=[12]
02-13 21:14:55.160   704   740 D         : lbslogd_handle_close_logfile: [gpsLog]lbslogd_handle_close_logfile
02-13 21:14:55.161  9930 10007 I GnssLocationProvider: WakeLock acquired by sendMessage(REPORT_SV_STATUS, 0, com.android.server.location.GnssLocationProvider$SvStatusInfo@f73058c)
02-13 21:14:55.176   700   937 D gps_dbg_log: gps_dbg_log_exit_flush: gpsdbglog thread exit OK!
02-13 21:14:55.180  9930 10531 D MtkLocationExt: injectRefLocation
02-13 21:14:55.181   700   937 D gps_controlller: mnld_gps_stop: mnld_gps_stop_impl success
02-13 21:14:55.181   700   937 D gps_controlller: gps_control_thread: gps_control_thread wait
02-13 21:14:55.183   599  1921 D         : update_gps_status:   status=2
02-13 21:14:55.183   700   948 D MNL2AGPS: mnl2agps_gps_close: mnl2agps_gps_close
02-13 21:14:55.183   761   774 D agps    : [agps] WARNING: [AGPS] [MNL] read  gps_close
02-13 21:14:55.184   596   655 D lbs_hidl_service: [1.06][mtk_mnld2nlputils] handleSocketEvent() ret=[12]
02-13 21:14:55.184   599  1921 D         : update_gps_status:   status=4
02-13 21:14:55.185   599  1921 I MtkGnssHAL_GnssInterface: updateWakelock: GNSS HAL Wakelock released
02-13 21:14:55.185  9930 10531 I GnssLocationProvider: WakeLock released by handleMessage(REPORT_SV_STATUS, 0, com.android.server.location.GnssLocationProvider$SvStatusInfo@f73058c)
02-13 21:14:55.186  9930  9947 D LbsNlpUtils: cancelNlpLocation() source = 1
02-13 21:14:55.186  9930 12558 D LbsNlpUtils: handle NLPS_MSG_NLP_NIJ_CANCEL arg1: 1
02-13 21:14:55.187  9930 12558 D LbsNlpUtils: stopNlpQueryLocked isNlpEnabled=true src:1 mNlpRequestedSrc:1
02-13 21:14:55.187  9930 12558 I LocationManagerService: remove 51c5abf
02-13 21:14:55.191   761   774 D agps    : Xed[V_8;|(7C0x)+x\HWcp=;h[Zi=R7&%D`L;2$5=8=-2LG1C`L-5q.!~!&)/.*uL:5d.!&$~#$!((pA$&`.! pA-@q-xx~~     yiSBDG5(b.yO5AFp-pN:<m.qS83ABAo-y
02-13 21:14:55.191   761   774 D agps    : Xed[V_8;|(7C0x)+x^Sm=;hQcPN=WI;=9E`C3bQ4I=5+2832#+;2$5=8=-2LG1CL-5`X:5d.!~!&)/.*!}!&$~#$!((pA$&`.! pSE5`-hj
02-13 21:14:55.267  9930 10030 D SensorService: dropping 1 events 
02-13 21:14:55.272  9930 10531 E FastNetworkLocation: location time is older!!
02-13 21:14:55.272  9930 10531 D LocationManagerService: incoming location from: network
02-13 21:14:55.273  9930 10531 D LocationManagerService: incoming location from: network
02-13 21:14:55.392  9930 10030 D SensorService: dropping 1 events 
02-13 21:14:55.517  9930 10030 I chatty  : uid=1000(system) SensorService identical 1 line
02-13 21:14:55.642  9930 10030 D SensorService: dropping 1 events 
02-13 21:14:55.648  9930 10531 D LocationManagerService: incoming location from: network
02-13 21:14:55.649  9930 10531 D LocationManagerService: incoming location from: network
02-13 21:14:55.661   761   774 D agps    : Xed[V_8;|(7C0x)+x\HWcp=;h[Zi=R7&%D`L;2$5=8=-2LG1C`L-5q.!~!&)/.*uL:5d.!&$~#$!((pA$&`.! pA-@q-xx~~     yiSBDG5(b.yO5AFp-pN:<m.qS83ABAo-y
02-13 21:14:55.661   761   774 D agps    : Xed[V_8;|(7C0x)+x^Sm=;hQcPN=WI;=9E`C3bQ4I=5+2832#+;2$5=8=-2LG1CL-5`X:5d.!~!&)/.*!}!&$~#$!((pA$&`.! pSE5`-hj
02-13 21:14:55.694   751 14905 E lsc_nvram: [do_mkdir] fail to mkdir [/sdcard/shading_otp]: 13[Permission denied] (do_mkdir){#65:vendor/mediatek/proprietary/hardware/mtkcam/aaa/source/mt6765/lsc_mgr/LscUtil.h}
02-13 21:14:55.768  9930 10030 D SensorService: dropping 1 events 
02-13 21:14:55.816  9930 10531 E FastNetworkLocation: location time is older!!
02-13 21:14:55.816  9930 10531 D LocationManagerService: incoming location from: network
02-13 21:14:55.817  9930 10531 D LocationManagerService: incoming location from: network
02-13 21:14:55.830   761   774 D agps    : Xed[V_8;|(7C0x)+x\HWcp=;h[Zi=R7&%D`L;2$5=8=-2LG1C`L-5q.!~!&)/.*uL:5d.!&$~#$!((pA$&`.! pA-@q-xx~~     yiSBDG5(b.yO5AFp-pN:<m.qS83ABAo-y
02-13 21:14:55.830   761   774 D agps    : Xed[V_8;|(7C0x)+x^Sm=;hQcPN=WI;=9E`C3bQ4I=5+2832#+;2$5=8=-2LG1CL-5`X:5d.!~!&)/.*!}!&$~#$!((pA$&`.! pSE5`-hj
02-13 21:14:55.879  9930 10063 E         : Unknown name for ifindex 1011 with more than 316790 bytes of traffic
02-13 21:14:55.892  9930 10030 D SensorService: dropping 1 events 
02-13 21:14:55.899  9930 10063 E         : Unknown name for ifindex 1011 with more than 316790 bytes of traffic
02-13 21:14:55.993 10769 14666 I NearbyDiscovery: (REDACTED) BloomFilterAdvManager: Detected bloom filter but too far away, ignoring. %sm, %s
02-13 21:14:56.017 28711 28711 I Light   : [LIGHT]:light = 10.000000 timestamp=5644830305928781
02-13 21:14:56.018  9930 10030 D SensorService: dropping 1 events 
02-13 21:14:56.142  9930 10030 D SensorService: dropping 1 events 
02-13 21:14:56.251  9930 10064 E WifiVendorHal: getWifiLinkLayerStats(l.947) failed {.code = ERROR_NOT_SUPPORTED, .description = }
02-13 21:14:56.255  9930 10064 E         : Unknown name for ifindex 1011 with more than 316790 bytes of traffic
02-13 21:14:56.267  9930 10030 D SensorService: dropping 1 events 
02-13 21:14:56.276  9930 10064 E         : Unknown name for ifindex 1011 with more than 316790 bytes of traffic
02-13 21:14:56.392  9930 10030 D SensorService: dropping 1 events 
02-13 21:14:56.517  9930 10030 I chatty  : uid=1000(system) SensorService identical 1 line
02-13 21:14:56.642  9930 10030 D SensorService: dropping 1 events 
02-13 21:14:56.694   751 14905 E lsc_nvram: [do_mkdir] fail to mkdir [/sdcard/shading_otp]: 13[Permission denied] (do_mkdir){#65:vendor/mediatek/proprietary/hardware/mtkcam/aaa/source/mt6765/lsc_mgr/LscUtil.h}
02-13 21:14:56.768  9930 10030 D SensorService: dropping 1 events 
02-13 21:14:56.892  9930 10030 D SensorService: dropping 1 events 
02-13 21:14:56.921  9930 10063 E         : Unknown name for ifindex 1011 with more than 316790 bytes of traffic
02-13 21:14:56.937  9930 10063 E         : Unknown name for ifindex 1011 with more than 316790 bytes of traffic
02-13 21:14:57.017  9930 10030 D SensorService: dropping 1 events 
02-13 21:14:57.143  9930 10030 D SensorService: dropping 1 events 
02-13 21:14:57.266 28711 28711 I Light   : [LIGHT]:light = 10.000000 timestamp=5644831555614088
02-13 21:14:57.267  9930 10030 D SensorService: dropping 1 events 
02-13 21:14:57.392  9930 10030 D SensorService: dropping 1 events 
02-13 21:14:57.440 10769 14666 I NearbyDiscovery: (REDACTED) BloomFilterAdvManager: Detected bloom filter but too far away, ignoring. %sm, %s
02-13 21:14:57.517  9930 10030 D SensorService: dropping 1 events 
02-13 21:14:57.642  9930 10030 D SensorService: dropping 1 events 
02-13 21:14:57.695   751 14905 E lsc_nvram: [do_mkdir] fail to mkdir [/sdcard/shading_otp]: 13[Permission denied] (do_mkdir){#65:vendor/mediatek/proprietary/hardware/mtkcam/aaa/source/mt6765/lsc_mgr/LscUtil.h}
02-13 21:14:57.767  9930 10030 D SensorService: dropping 1 events 
02-13 21:14:57.892  9930 10030 D SensorService: dropping 1 events 
02-13 21:14:57.953  9930 10063 E         : Unknown name for ifindex 1011 with more than 316790 bytes of traffic
02-13 21:14:57.973  9930 10063 E         : Unknown name for ifindex 1011 with more than 316790 bytes of traffic
02-13 21:14:58.017  9930 10030 D SensorService: dropping 1 events 
02-13 21:14:58.267  9930 10030 I chatty  : uid=1000(system) SensorService identical 2 lines
02-13 21:14:58.392  9930 10030 D SensorService: dropping 1 events 
02-13 21:14:58.517 28711 28716 I Light   : [LIGHT]:light = 10.000000 timestamp=5644832805740011
02-13 21:14:58.517  9930 10030 D SensorService: dropping 1 events 
02-13 21:14:58.643  9930 10030 D SensorService: dropping 1 events 
02-13 21:14:58.696   751 14905 E lsc_nvram: [do_mkdir] fail to mkdir [/sdcard/shading_otp]: 13[Permission denied] (do_mkdir){#65:vendor/mediatek/proprietary/hardware/mtkcam/aaa/source/mt6765/lsc_mgr/LscUtil.h}
02-13 21:14:58.767  9930 10030 D SensorService: dropping 1 events 
02-13 21:14:50.315 27674 27674 D ViewRootImpl: DisplayId = 0
02-13 21:14:58.768  9930 16695 I ActivityManager: Killing 26119:com.android.vending/u0a48 (adj 906): empty #7
02-13 21:14:58.775  2587  2598 I elsa    : addToCgroupProcs, success add pid:26119 to mCgroupProcsFd = 9, path:/dev/freezer/cgroup.procs!
02-13 21:14:58.777  9930  9953 W libprocessgroup: kill(-26119, 9) failed: No such process
02-13 21:14:58.849  9930  9953 I chatty  : uid=1000(system) ActivityManager identical 9 lines
02-13 21:14:58.857  9930  9953 W libprocessgroup: kill(-26119, 9) failed: No such process
02-13 21:14:58.863 10769 14666 I NearbyDiscovery: (REDACTED) BloomFilterAdvManager: Detected bloom filter but too far away, ignoring. %sm, %s
02-13 21:14:58.865  9930  9953 W libprocessgroup: kill(-26119, 9) failed: No such process
02-13 21:14:58.873  9930  9953 I chatty  : uid=1000(system) ActivityManager identical 1 line
02-13 21:14:58.885  9930  9953 W libprocessgroup: kill(-26119, 9) failed: No such process
02-13 21:14:58.892  9930 10030 D SensorService: dropping 1 events 
02-13 21:14:58.893  9930  9953 W libprocessgroup: kill(-26119, 9) failed: No such process
02-13 21:14:58.906  9930 16695 D MtkConnectivityService: ConnectivityService NetworkRequestInfo binderDied(NetworkRequest [ TRACK_DEFAULT id=167, [ Capabilities: INTERNET&NOT_RESTRICTED&TRUSTED Unwanted:  Uid: 10048] ], android.os.BinderProxy@5f234d5)
02-13 21:14:58.906  9930 16696 D MtkConnectivityService: ConnectivityService NetworkRequestInfo binderDied(NetworkRequest [ LISTEN id=168, [ Capabilities: INTERNET&NOT_RESTRICTED&TRUSTED Unwanted:  Uid: 10048] ], android.os.BinderProxy@5f794ea)
02-13 21:14:58.908  9930 10334 W ActivityManager: app.persistent false app.isolated false app.removed false app ProcessRecord{79484e3 26119:com.android.vending/u0a48}
02-13 21:14:58.908  9930  9950 D Dex2oatManagerService: Process died; UID 10048 PID 26119
02-13 21:14:58.901  9930  9953 W libprocessgroup: kill(-26119, 9) failed: No such process
02-13 21:14:58.910   602   646 I vendor.mediatek.hardware.power@2.1-impl: notifyAppState_2_1 pack:com.android.vending, act:com.android.vending, pid:26119, uid:10048, state:3
02-13 21:14:58.911  9930  9953 W libprocessgroup: kill(-26119, 9) failed: No such process
02-13 21:14:58.912  9930  9953 I libprocessgroup: Successfully killed process cgroup uid 10048 pid 26119 in 138ms
02-13 21:14:58.913  9930 10081 D MtkConnectivityService: releasing NetworkRequest [ TRACK_DEFAULT id=167, [ Capabilities: INTERNET&NOT_RESTRICTED&TRUSTED Unwanted:  Uid: 10048] ] (release request)
02-13 21:14:58.926 10372 10460 I DCS-BackgroundAppData: sendAppBgEvent: has no pkgName=com.android.vending
02-13 21:14:58.932  9930 10021 W Choreographer: Frame time is 0.29439 ms in the future!  Check that graphics HAL is generating vsync timestamps using the correct timebase.
02-13 21:14:58.942 22645 22645 W Choreographer: Frame time is 7.117572 ms in the future!  Check that graphics HAL is generating vsync timestamps using the correct timebase.
02-13 21:14:58.995  9930 10063 E         : Unknown name for ifindex 1011 with more than 316790 bytes of traffic
02-13 21:14:59.015  9930 10063 E         : Unknown name for ifindex 1011 with more than 316790 bytes of traffic
02-13 21:14:59.017  9930 10030 D SensorService: dropping 1 events 
02-13 21:14:59.067 10769 14666 I NearbyDiscovery: (REDACTED) BloomFilterAdvManager: Detected bloom filter but too far away, ignoring. %sm, %s
02-13 21:14:59.142  9930 10030 D SensorService: dropping 1 events 
02-13 21:14:59.267  9930 10030 D SensorService: dropping 1 events 
02-13 21:14:59.302  9930 10064 E WifiVendorHal: getWifiLinkLayerStats(l.947) failed {.code = ERROR_NOT_SUPPORTED, .description = }
02-13 21:14:59.306  9930 10064 E         : Unknown name for ifindex 1011 with more than 316790 bytes of traffic
02-13 21:14:59.326  9930 10064 E         : Unknown name for ifindex 1011 with more than 316790 bytes of traffic
02-13 21:14:59.392  9930 10030 D SensorService: dropping 1 events 
02-13 21:14:59.474  9930 10064 D OppoHistoryRecordQueue: AP: 58:d3:12:f2:7f:27 is5G: true yearDay37: [42:6,0,0][45:5395,1,0,02][48:672,0,0][54:1652,1,0,06][57:6541,0,0][60:10701,8,0,07][63:3128,12,0,38][66:1973,11,0,55][69:86,1,1,15]
02-13 21:14:59.476  9930 10064 D OppoHistoryRecordQueue: AP: 58:d3:12:f2:7f:27 is5G: true yearDay38: [51:648,0,0][54:12680,6,0,05][57:7772,1,0,01][60:974,0,0][63:4699,11,0,23][66:273,0,0][69:57,0,0]
02-13 21:14:59.479  9930 10064 D OppoHistoryRecordQueue: AP: 58:d3:12:f2:7f:27 is5G: true yearDay39: [54:660,0,0][57:1461,2,0,14][60:9106,6,0,07][63:13181,7,0,05][66:1770,1,0,06][69:836,0,0][78:316,0,0]
02-13 21:14:59.481  9930 10064 D OppoHistoryRecordQueue: AP: 58:d3:12:f2:7f:27 is5G: true yearDay40: [51:323,0,0][54:2163,0,0][57:8204,4,0,05][60:9176,17,0,18][63:491,0,0]
02-13 21:14:59.484  9930 10064 D OppoHistoryRecordQueue: AP: 58:d3:12:f2:7f:27 is5G: true yearDay41: [42:134,0,0][45:1120,1,0,09][48:1162,0,0][51:27955,1,0][54:31583,11,0,03][57:50271,1,0][60:47884,2,0][63:19621,6,0,03][66:2809,1,0,04][69:1849,0,0][72:301,1,0,33][75:52,0,0][78:234,1,0,43][81:73,0,0][84:27,0,0]
02-13 21:14:59.488  9930 10064 D OppoHistoryRecordQueue: AP: 58:d3:12:f2:7f:27 is5G: true yearDay42: [39:3,0,0][42:313,0,0][45:917,0,0][48:332,0,0][51:3878,3,0,08][54:4945,4,0,08][57:9152,4,0,04][60:4366,0,0][63:4470,3,0,07][66:655,3,0,46][69:272,1,0,37][72:25,0,0][75:28,0,0]
02-13 21:14:59.491  9930 10064 D OppoHistoryRecordQueue: AP: 58:d3:12:f2:7f:27 is5G: true yearDay43: [42:142,0,0][48:6190,0,0][51:26336,0,0][54:38658,0,0][57:39977,7,0,02][60:27948,0,0][63:26186,0,0][66:18655,0,0][69:15052,0,0][72:4358,0,0][75:191,0,0][78:245,0,0]
02-13 21:14:59.517  9930 10030 D SensorService: dropping 1 events 
02-13 21:14:59.535 24091 24091 D Cloud.DeviceStatusDispatcher: DeviceStatusDispatcher.Receiver action=android.intent.action.BATTERY_CHANGED
02-13 21:14:59.536 24091 24091 D Cloud.DeviceStatusDispatcher: Intent.ACTION_BATTERY_CHANGED setCharging true,status =2
02-13 21:14:59.563 22645 22645 W Choreographer: Frame time is 1.163221 ms in the future!  Check that graphics HAL is generating vsync timestamps using the correct timebase.
02-13 21:14:59.575 22645 22645 W Choreographer: Frame time is 6.706312 ms in the future!  Check that graphics HAL is generating vsync timestamps using the correct timebase.
02-13 21:14:59.583 22645 22645 W Choreographer: Frame time is 15.853624 ms in the future!  Check that graphics HAL is generating vsync timestamps using the correct timebase.
02-13 21:14:59.642  9930 10030 D SensorService: dropping 1 events 
02-13 21:14:59.691 10769 14666 I NearbyDiscovery: (REDACTED) BloomFilterAdvManager: Detected bloom filter but too far away, ignoring. %sm, %s
02-13 21:14:59.697   751 14905 E lsc_nvram: [do_mkdir] fail to mkdir [/sdcard/shading_otp]: 13[Permission denied] (do_mkdir){#65:vendor/mediatek/proprietary/hardware/mtkcam/aaa/source/mt6765/lsc_mgr/LscUtil.h}
02-13 21:14:59.766 28711 28711 I Light   : [LIGHT]:light = 10.000000 timestamp=5644834055816550
02-13 21:14:59.767  9930 10030 D SensorService: dropping 1 events 
02-13 21:14:59.892  9930 10030 D SensorService: dropping 1 events 
02-13 21:14:59.908  9930 10324 D LocationManagerService: request 6ae4951 gps Request[ACCURACY_FINE gps requested=0 fastest=0 lowPowerMode=false] from com.companyname.heristepai(10146 foreground)
02-13 21:14:59.911  9930 10324 I GnssLocationProvider: WakeLock acquired by sendMessage(SET_REQUEST, 0, com.android.server.location.GnssLocationProvider$GpsRequest@83215b6)
02-13 21:14:59.911  9930 10531 D GnssLocationProvider: setRequest ProviderRequest[ON interval=0 lowPowerMode=false]
02-13 21:14:59.912  9930 10531 D GnssLocationProvider: GpsDebugConfig = 8
02-13 21:14:59.912  9930 10531 D GnssLocationProvider: startNavigating, singleShot is false setRequest: ProviderRequest[ON interval=0 lowPowerMode=false]
02-13 21:14:59.915 10437 10437 I LocationControllerImpl: onReceive action = android.location.GPS_WORKSOURCE_CHANGE, enabled = false, mIsFix = false, mPrivacy = false
02-13 21:14:59.918  9930  9930 V SensorManager: RegisterListener ACCELEROMETER type:1 delay:40000us by com.android.server.location.OppoMotionDetector$1
02-13 21:14:59.918  9930 17147 D LocationManagerService: request 6ae4951 network Request[POWER_LOW network requested=0 fastest=0 lowPowerMode=false] from com.companyname.heristepai(10146 foreground)
02-13 21:14:59.920  9930  9930 W SensorService: SensorEventConnection sensor handle=1, package = com.android.server.location.OppoMotionDetector enable pid = 9930
02-13 21:14:59.920  9930  9930 D SensorService: FusionLight, opPackageName = android, samplingPeriodNs = 40000000
02-13 21:14:59.921  9930  9930 D SensorService: ice_debug_sensor, sensorType=1
02-13 21:14:59.921  9930  9930 D SensorService: Calling batch handle==1 flags=0rate=40000000 timeout== 0
02-13 21:14:59.921  9930  9930 D SensorService: SensorDevice::batch: ident=0x72dcc84500, handle=0x00000001, flags=0, period_ns=40000000 timeout=0
02-13 21:14:59.921  9930  9930 D SensorService: 	>>> curr_period=9223372036854775807 min_period=40000000 curr_timeout=0 min_timeout=0
02-13 21:14:59.921  9930  9930 D SensorService: 	>>> actuating h/w BATCH 0x00000001 40000000 0
02-13 21:14:59.922 28711 28716 I Accelerometer: batch: handle:0, flag:0,samplingPeriodNs:40000000 maxBatchReportLatencyNs:0
02-13 21:14:59.920   700   948 D epo     : mtk_epo_is_expired: current time: 1770966899, current time:Fri Feb 13 14:14:59 2026
02-13 21:14:59.923   700   948 D epo     : mtk_epo_is_expired: EPO start time: 1770742800, EPO start time: Wed Feb 11 00:00:00 2026
02-13 21:14:59.923 10437 10437 I LocationControllerImpl: hide GPS icon
02-13 21:14:59.923   761   774 D agps    : [agps][n][AGPS] [MNL] read  set_position_mode  mode=0
02-13 21:14:59.924  9930  9930 D SensorService: recordConnection in enable
02-13 21:14:59.924  9930  9930 D SensorService: Calling activate on 1
02-13 21:14:59.924  9930  9930 D SensorService: SensorDevice::activate: ident=0x72dcc84500, handle=0x00000001, enabled=1, count=1
02-13 21:14:59.924  9930  9930 D SensorService: enable index=0
02-13 21:14:59.924  9930  9930 D SensorService: SensorDevice::checkForIdent info.numActiveClients()=1, ident=0x72dcc84500, handle=1, eanble=1, isFusion=0
02-13 21:14:59.924  9930  9930 D SensorService: 	>>> actuating h/w activate ident = 0x72dcc84500, handle=1 enabled=1
02-13 21:14:59.923   700   948 D epo     : mtk_epo_is_expired: EPO file is valid, no need update
02-13 21:14:59.925 28711 28716 E SensorContext: activate, handle = 0, index = 0
02-13 21:14:59.925 28711 28716 I Accelerometer: enable: handle:0, en:1
02-13 21:14:59.926   599  1921 I MtkGnssHAL_GnssInterface: updateWakelock: GNSS HAL Wakelock acquired due to gps: 1, fused: 0
02-13 21:14:59.926   700   937 W gps_controlller: gps_control_event_hdlr: mnld version: MTK_MNLD_5_7_0_18101201
02-13 21:14:59.926   700   937 D gps_controlller: mnld_gps_start_impl: gps_user=0x1
